Loading vasp/5.4.1
  Loading requirement: intel/2024
forrtl: severe (174): SIGSEGV, segmentation fault occurred
Image              PC                Routine            Line        Source             
libc.so.6          00007F7FF237C050  Unknown               Unknown  Unknown
vasp_std           0000000000623EB4  Unknown               Unknown  Unknown
vasp_std           0000000000D3B8DF  Unknown               Unknown  Unknown
vasp_std           0000000000D6005D  Unknown               Unknown  Unknown
vasp_std           00000000012E0A73  Unknown               Unknown  Unknown
vasp_std           000000000040B1ED  Unknown               Unknown  Unknown
libc.so.6          00007F7FF236724A  Unknown               Unknown  Unknown
libc.so.6          00007F7FF2367305  __libc_start_main     Unknown  Unknown
vasp_std           000000000040B101  Unknown               Unknown  Unknown
forrtl: severe (174): SIGSEGV, segmentation fault occurred
Image              PC                Routine            Line        Source             
libc.so.6          00007F2AA6D7C050  Unknown               Unknown  Unknown
vasp_std           0000000000623EB4  Unknown               Unknown  Unknown
vasp_std           0000000000D3B8DF  Unknown               Unknown  Unknown
vasp_std           0000000000D6005D  Unknown               Unknown  Unknown
vasp_std           00000000012E0A73  Unknown               Unknown  Unknown
vasp_std           000000000040B1ED  Unknown               Unknown  Unknown
libc.so.6          00007F2AA6D6724A  Unknown               Unknown  Unknown
libc.so.6          00007F2AA6D67305  __libc_start_main     Unknown  Unknown
vasp_std           000000000040B101  Unknown               Unknown  Unknown
forrtl: severe (174): SIGSEGV, segmentation fault occurred
Image              PC                Routine            Line        Source             
libc.so.6          00007F0FD205B050  Unknown               Unknown  Unknown
vasp_std           0000000000623EB4  Unknown               Unknown  Unknown
vasp_std           0000000000D3B8DF  Unknown               Unknown  Unknown
vasp_std           0000000000D6005D  Unknown               Unknown  Unknown
vasp_std           00000000012E0A73  Unknown               Unknown  Unknown
vasp_std           000000000040B1ED  Unknown               Unknown  Unknown
libc.so.6          00007F0FD204624A  Unknown               Unknown  Unknown
libc.so.6          00007F0FD2046305  __libc_start_main     Unknown  Unknown
vasp_std           000000000040B101  Unknown               Unknown  Unknown
forrtl: severe (174): SIGSEGV, segmentation fault occurred
Image              PC                Routine            Line        Source             
libc.so.6          00007FACA297C050  Unknown               Unknown  Unknown
vasp_std           0000000000623EB4  Unknown               Unknown  Unknown
vasp_std           0000000000D3B8DF  Unknown               Unknown  Unknown
vasp_std           0000000000D6005D  Unknown               Unknown  Unknown
vasp_std           00000000012E0A73  Unknown               Unknown  Unknown
vasp_std           000000000040B1ED  Unknown               Unknown  Unknown
libc.so.6          00007FACA296724A  Unknown               Unknown  Unknown
libc.so.6          00007FACA2967305  __libc_start_main     Unknown  Unknown
vasp_std           000000000040B101  Unknown               Unknown  Unknown
forrtl: severe (174): SIGSEGV, segmentation fault occurred
Image              PC                Routine            Line        Source             
libc.so.6          00007F2FB1C5B050  Unknown               Unknown  Unknown
vasp_std           0000000000623EB4  Unknown               Unknown  Unknown
vasp_std           0000000000D3B8DF  Unknown               Unknown  Unknown
vasp_std           0000000000D6005D  Unknown               Unknown  Unknown
vasp_std           00000000012E0A73  Unknown               Unknown  Unknown
vasp_std           000000000040B1ED  Unknown               Unknown  Unknown
libc.so.6          00007F2FB1C4624A  Unknown               Unknown  Unknown
libc.so.6          00007F2FB1C46305  __libc_start_main     Unknown  Unknown
vasp_std           000000000040B101  Unknown               Unknown  Unknown
forrtl: severe (174): SIGSEGV, segmentation fault occurred
Image              PC                Routine            Line        Source             
libc.so.6          00007F405997C050  Unknown               Unknown  Unknown
vasp_std           0000000000623EB4  Unknown               Unknown  Unknown
vasp_std           0000000000D3B8DF  Unknown               Unknown  Unknown
vasp_std           0000000000D6005D  Unknown               Unknown  Unknown
vasp_std           00000000012E0A73  Unknown               Unknown  Unknown
vasp_std           000000000040B1ED  Unknown               Unknown  Unknown
libc.so.6          00007F405996724A  Unknown               Unknown  Unknown
libc.so.6          00007F4059967305  __libc_start_main     Unknown  Unknown
vasp_std           000000000040B101  Unknown               Unknown  Unknown
forrtl: severe (174): SIGSEGV, segmentation fault occurred
Image              PC                Routine            Line        Source             
libc.so.6          00007FB177F7C050  Unknown               Unknown  Unknown
vasp_std           0000000000623EB4  Unknown               Unknown  Unknown
vasp_std           0000000000D3B8DF  Unknown               Unknown  Unknown
vasp_std           0000000000D6005D  Unknown               Unknown  Unknown
vasp_std           00000000012E0A73  Unknown               Unknown  Unknown
vasp_std           000000000040B1ED  Unknown               Unknown  Unknown
libc.so.6          00007FB177F6724A  Unknown               Unknown  Unknown
libc.so.6          00007FB177F67305  __libc_start_main     Unknown  Unknown
vasp_std           000000000040B101  Unknown               Unknown  Unknown
forrtl: severe (174): SIGSEGV, segmentation fault occurred
Image              PC                Routine            Line        Source             
libc.so.6          00007F89B077C050  Unknown               Unknown  Unknown
vasp_std           0000000000623EB4  Unknown               Unknown  Unknown
vasp_std           0000000000D3B8DF  Unknown               Unknown  Unknown
vasp_std           0000000000D6005D  Unknown               Unknown  Unknown
vasp_std           00000000012E0A73  Unknown               Unknown  Unknown
vasp_std           000000000040B1ED  Unknown               Unknown  Unknown
libc.so.6          00007F89B076724A  Unknown               Unknown  Unknown
libc.so.6          00007F89B0767305  __libc_start_main     Unknown  Unknown
vasp_std           000000000040B101  Unknown               Unknown  Unknown
forrtl: severe (174): SIGSEGV, segmentation fault occurred
Image              PC                Routine            Line        Source             
libc.so.6          00007FB30BA5B050  Unknown               Unknown  Unknown
vasp_std           0000000000623EB4  Unknown               Unknown  Unknown
vasp_std           0000000000D3B8DF  Unknown               Unknown  Unknown
vasp_std           0000000000D6005D  Unknown               Unknown  Unknown
vasp_std           00000000012E0A73  Unknown               Unknown  Unknown
vasp_std           000000000040B1ED  Unknown               Unknown  Unknown
libc.so.6          00007FB30BA4624A  Unknown               Unknown  Unknown
libc.so.6          00007FB30BA46305  __libc_start_main     Unknown  Unknown
vasp_std           000000000040B101  Unknown               Unknown  Unknown
forrtl: severe (174): SIGSEGV, segmentation fault occurred
Image              PC                Routine            Line        Source             
libc.so.6          00007FD5EB57C050  Unknown               Unknown  Unknown
vasp_std           0000000000623EB4  Unknown               Unknown  Unknown
vasp_std           0000000000D3B8DF  Unknown               Unknown  Unknown
vasp_std           0000000000D6005D  Unknown               Unknown  Unknown
vasp_std           00000000012E0A73  Unknown               Unknown  Unknown
vasp_std           000000000040B1ED  Unknown               Unknown  Unknown
libc.so.6          00007FD5EB56724A  Unknown               Unknown  Unknown
libc.so.6          00007FD5EB567305  __libc_start_main     Unknown  Unknown
vasp_std           000000000040B101  Unknown               Unknown  Unknown
forrtl: severe (174): SIGSEGV, segmentation fault occurred
Image              PC                Routine            Line        Source             
libc.so.6          00007F3EFEA5B050  Unknown               Unknown  Unknown
vasp_std           0000000000623EB4  Unknown               Unknown  Unknown
vasp_std           0000000000D3B8DF  Unknown               Unknown  Unknown
vasp_std           0000000000D6005D  Unknown               Unknown  Unknown
vasp_std           00000000012E0A73  Unknown               Unknown  Unknown
vasp_std           000000000040B1ED  Unknown               Unknown  Unknown
libc.so.6          00007F3EFEA4624A  Unknown               Unknown  Unknown
libc.so.6          00007F3EFEA46305  __libc_start_main     Unknown  Unknown
vasp_std           000000000040B101  Unknown               Unknown  Unknown
forrtl: severe (174): SIGSEGV, segmentation fault occurred
Image              PC                Routine            Line        Source             
libc.so.6          00007F8BC377C050  Unknown               Unknown  Unknown
vasp_std           0000000000623EB4  Unknown               Unknown  Unknown
vasp_std           0000000000D3B8DF  Unknown               Unknown  Unknown
vasp_std           0000000000D6005D  Unknown               Unknown  Unknown
vasp_std           00000000012E0A73  Unknown               Unknown  Unknown
vasp_std           000000000040B1ED  Unknown               Unknown  Unknown
libc.so.6          00007F8BC376724A  Unknown               Unknown  Unknown
libc.so.6          00007F8BC3767305  __libc_start_main     Unknown  Unknown
vasp_std           000000000040B101  Unknown               Unknown  Unknown
forrtl: severe (174): SIGSEGV, segmentation fault occurred
Image              PC                Routine            Line        Source             
libc.so.6          00007FC3EE37C050  Unknown               Unknown  Unknown
vasp_std           0000000000623EB4  Unknown               Unknown  Unknown
vasp_std           0000000000D3B8DF  Unknown               Unknown  Unknown
vasp_std           0000000000D6005D  Unknown               Unknown  Unknown
vasp_std           00000000012E0A73  Unknown               Unknown  Unknown
vasp_std           000000000040B1ED  Unknown               Unknown  Unknown
libc.so.6          00007FC3EE36724A  Unknown               Unknown  Unknown
libc.so.6          00007FC3EE367305  __libc_start_main     Unknown  Unknown
vasp_std           000000000040B101  Unknown               Unknown  Unknown
forrtl: severe (174): SIGSEGV, segmentation fault occurred
Image              PC                Routine            Line        Source             
libc.so.6          00007F61F9F7C050  Unknown               Unknown  Unknown
vasp_std           0000000000623EB4  Unknown               Unknown  Unknown
vasp_std           0000000000D3B8DF  Unknown               Unknown  Unknown
vasp_std           0000000000D6005D  Unknown               Unknown  Unknown
vasp_std           00000000012E0A73  Unknown               Unknown  Unknown
vasp_std           000000000040B1ED  Unknown               Unknown  Unknown
libc.so.6          00007F61F9F6724A  Unknown               Unknown  Unknown
libc.so.6          00007F61F9F67305  __libc_start_main     Unknown  Unknown
vasp_std           000000000040B101  Unknown               Unknown  Unknown
forrtl: severe (174): SIGSEGV, segmentation fault occurred
Image              PC                Routine            Line        Source             
libc.so.6          00007FCC80D7C050  Unknown               Unknown  Unknown
vasp_std           0000000000623EB4  Unknown               Unknown  Unknown
vasp_std           0000000000D3B8DF  Unknown               Unknown  Unknown
vasp_std           0000000000D6005D  Unknown               Unknown  Unknown
vasp_std           00000000012E0A73  Unknown               Unknown  Unknown
vasp_std           000000000040B1ED  Unknown               Unknown  Unknown
libc.so.6          00007FCC80D6724A  Unknown               Unknown  Unknown
libc.so.6          00007FCC80D67305  __libc_start_main     Unknown  Unknown
vasp_std           000000000040B101  Unknown               Unknown  Unknown
forrtl: severe (174): SIGSEGV, segmentation fault occurred
Image              PC                Routine            Line        Source             
libc.so.6          00007F907317C050  Unknown               Unknown  Unknown
vasp_std           0000000000623EB4  Unknown               Unknown  Unknown
vasp_std           0000000000D3B8DF  Unknown               Unknown  Unknown
vasp_std           0000000000D6005D  Unknown               Unknown  Unknown
vasp_std           00000000012E0A73  Unknown               Unknown  Unknown
vasp_std           000000000040B1ED  Unknown               Unknown  Unknown
libc.so.6          00007F907316724A  Unknown               Unknown  Unknown
libc.so.6          00007F9073167305  __libc_start_main     Unknown  Unknown
vasp_std           000000000040B101  Unknown               Unknown  Unknown
srun: error: et104: tasks 0-15: Exited with exit code 174
