/mnt/c/Users/XHSea/OneDrive/win-mac/local_3060ti_finetune_pack/inspect_mace_model.py:116: FutureWarning: You are using `torch.load` with `weights_only=False` (the current default value), which uses the default pickle module implicitly. It is possible to construct malicious pickle data which will execute arbitrary code during unpickling (See https://github.com/pytorch/pytorch/blob/main/SECURITY.md#untrusted-models for more details). In a future release, the default value for `weights_only` will be flipped to `True`. This limits the functions that could be executed during unpickling. Arbitrary objects will no longer be allowed to be loaded via this mode unless they are explicitly allowlisted by the user via `torch.serialization.add_safe_globals`. We recommend you start setting `weights_only=True` for any use case where you don't have full control of the loaded file. Please open an issue on GitHub for any issues related to this experimental feature.
  model = torch.load(model_path, map_location="cpu")
/home/xiao/miniforge3/envs/mace_md_local/lib/python3.10/site-packages/e3nn/o3/_wigner.py:10: FutureWarning: You are using `torch.load` with `weights_only=False` (the current default value), which uses the default pickle module implicitly. It is possible to construct malicious pickle data which will execute arbitrary code during unpickling (See https://github.com/pytorch/pytorch/blob/main/SECURITY.md#untrusted-models for more details). In a future release, the default value for `weights_only` will be flipped to `True`. This limits the functions that could be executed during unpickling. Arbitrary objects will no longer be allowed to be loaded via this mode unless they are explicitly allowlisted by the user via `torch.serialization.add_safe_globals`. We recommend you start setting `weights_only=True` for any use case where you don't have full control of the loaded file. Please open an issue on GitHub for any issues related to this experimental feature.
  _Jd, _W3j_flat, _W3j_indices = torch.load(os.path.join(os.path.dirname(__file__), 'constants.pt'))
Use lr_params_factors instead of a numeric --freeze index for this fine-tuning workflow.
cuequivariance or cuequivariance_torch is not available. Cuequivariance acceleration will be disabled.
{
  "model": "models/foundation/mace-mpa-0-medium.model",
  "class": "ScaleShiftMACE",
  "num_interactions": 2,
  "heads": [
    "default"
  ],
  "parameter_groups": {
    "node_embedding": {
      "present": 1,
      "total": 11392,
      "trainable": 11392
    },
    "radial_embedding": {
      "present": 1,
      "total": 0,
      "trainable": 0
    },
    "interactions": {
      "present": 1,
      "total": 7701780,
      "trainable": 7701780
    },
    "products": {
      "present": 1,
      "total": 1347840,
      "trainable": 1347840
    },
    "readouts": {
      "present": 1,
      "total": 2192,
      "trainable": 2192
    }
  },
  "recommended_lr_params_factors": {
    "embedding_lr_factor": 0.0,
    "interactions_lr_factor": 0.0,
    "products_lr_factor": 1.0,
    "readouts_lr_factor": 1.0
  }
}
MACE fine-tuning inputs:
  train: data/mace_datasets/li_mace_train.extxyz
  valid: data/mace_datasets/li_mace_valid.extxyz
  test: data/mace_datasets/li_mace_test.extxyz
  model_name: li_mace_v1_3060ti_smoke
  device: cuda
  dtype: float32
/home/xiao/miniforge3/envs/mace_md_local/lib/python3.10/site-packages/e3nn/o3/_wigner.py:10: FutureWarning: You are using `torch.load` with `weights_only=False` (the current default value), which uses the default pickle module implicitly. It is possible to construct malicious pickle data which will execute arbitrary code during unpickling (See https://github.com/pytorch/pytorch/blob/main/SECURITY.md#untrusted-models for more details). In a future release, the default value for `weights_only` will be flipped to `True`. This limits the functions that could be executed during unpickling. Arbitrary objects will no longer be allowed to be loaded via this mode unless they are explicitly allowlisted by the user via `torch.serialization.add_safe_globals`. We recommend you start setting `weights_only=True` for any use case where you don't have full control of the loaded file. Please open an issue on GitHub for any issues related to this experimental feature.
  _Jd, _W3j_flat, _W3j_indices = torch.load(os.path.join(os.path.dirname(__file__), 'constants.pt'))
usage: mace_run_train [-h] [--config CONFIG] --name NAME [--seed SEED]
                      [--work_dir WORK_DIR] [--log_dir LOG_DIR]
                      [--model_dir MODEL_DIR]
                      [--checkpoints_dir CHECKPOINTS_DIR]
                      [--results_dir RESULTS_DIR]
                      [--downloads_dir DOWNLOADS_DIR]
                      [--device {cpu,cuda,mps,xpu}]
                      [--default_dtype {float32,float64}] [--distributed]
                      [--launcher {slurm,torchrun,mpi,none}]
                      [--log_level LOG_LEVEL] [--plot PLOT]
                      [--plot_frequency PLOT_FREQUENCY]
                      [--plot_interaction_e PLOT_INTERACTION_E]
                      [--error_table {PerAtomRMSE,TotalRMSE,PerAtomRMSEstressvirials,PerAtomMAEstressvirials,PerAtomMAE,TotalMAE,DipoleRMSE,DipoleMAE,DipolePolarRMSE,EnergyDipoleRMSE}]
                      [--model {BOTNet,MACE,ScaleShiftMACE,PolarMACE,MACELES,ScaleShiftBOTNet,AtomicDipolesMACE,AtomicDielectricMACE,EnergyDipolesMACE}]
                      [--r_max R_MAX]
                      [--radial_type {bessel,gaussian,chebyshev}]
                      [--num_radial_basis NUM_RADIAL_BASIS]
                      [--num_cutoff_basis NUM_CUTOFF_BASIS] [--pair_repulsion]
                      [--distance_transform {None,Agnesi,Soft}]
                      [--apply_cutoff APPLY_CUTOFF]
                      [--use_last_readout_only USE_LAST_READOUT_ONLY]
                      [--use_embedding_readout USE_EMBEDDING_READOUT]
                      [--interaction {RealAgnosticResidualInteractionBlock,RealAgnosticAttResidualInteractionBlock,RealAgnosticInteractionBlock,RealAgnosticDensityInteractionBlock,RealAgnosticDensityResidualInteractionBlock,RealAgnosticResidualNonLinearInteractionBlock}]
                      [--interaction_first {RealAgnosticResidualInteractionBlock,RealAgnosticInteractionBlock,RealAgnosticDensityInteractionBlock,RealAgnosticDensityResidualInteractionBlock,RealAgnosticResidualNonLinearInteractionBlock}]
                      [--max_ell MAX_ELL] [--correlation CORRELATION]
                      [--use_reduced_cg USE_REDUCED_CG] [--use_so3 USE_SO3]
                      [--use_agnostic_product USE_AGNOSTIC_PRODUCT]
                      [--num_interactions NUM_INTERACTIONS]
                      [--MLP_irreps MLP_IRREPS] [--radial_MLP RADIAL_MLP]
                      [--hidden_irreps HIDDEN_IRREPS]
                      [--edge_irreps EDGE_IRREPS]
                      [--num_channels NUM_CHANNELS] [--max_L MAX_L]
                      [--gate {silu,tanh,abs,None}]
                      [--kspace_cutoff_factor KSPACE_CUTOFF_FACTOR]
                      [--atomic_multipoles_max_l ATOMIC_MULTIPOLES_MAX_L]
                      [--atomic_multipoles_smearing_width ATOMIC_MULTIPOLES_SMEARING_WIDTH]
                      [--field_feature_max_l FIELD_FEATURE_MAX_L]
                      [--field_feature_widths FIELD_FEATURE_WIDTHS]
                      [--field_feature_norms FIELD_FEATURE_NORMS]
                      [--num_recursion_steps NUM_RECURSION_STEPS]
                      [--field_si FIELD_SI]
                      [--include_electrostatic_self_interaction INCLUDE_ELECTROSTATIC_SELF_INTERACTION]
                      [--add_local_electron_energy ADD_LOCAL_ELECTRON_ENERGY]
                      [--quadrupole_feature_corrections QUADRUPOLE_FEATURE_CORRECTIONS]
                      [--return_electrostatic_potentials RETURN_ELECTROSTATIC_POTENTIALS]
                      [--field_norm_factor FIELD_NORM_FACTOR]
                      [--fixedpoint_update_config FIXEDPOINT_UPDATE_CONFIG]
                      [--field_readout_config FIELD_READOUT_CONFIG]
                      [--scaling {std_scaling,rms_forces_scaling,no_scaling}]
                      [--avg_num_neighbors AVG_NUM_NEIGHBORS]
                      [--compute_avg_num_neighbors COMPUTE_AVG_NUM_NEIGHBORS]
                      [--compute_stress COMPUTE_STRESS]
                      [--compute_forces COMPUTE_FORCES]
                      [--compute_polarizability COMPUTE_POLARIZABILITY]
                      [--compute_atomic_dipole COMPUTE_ATOMIC_DIPOLE]
                      [--train_file TRAIN_FILE] [--valid_file VALID_FILE]
                      [--valid_fraction VALID_FRACTION]
                      [--test_file TEST_FILE] [--test_dir TEST_DIR]
                      [--multi_processed_test MULTI_PROCESSED_TEST]
                      [--num_workers NUM_WORKERS] [--pin_memory PIN_MEMORY]
                      [--atomic_numbers ATOMIC_NUMBERS] [--mean MEAN]
                      [--std STD] [--statistics_file STATISTICS_FILE]
                      [--les_arguments LES_ARGUMENTS] [--E0s E0S]
                      [--pseudolabel_replay PSEUDOLABEL_REPLAY]
                      [--pseudolabel_replay_compute_stress PSEUDOLABEL_REPLAY_COMPUTE_STRESS]
                      [--foundation_filter_elements FOUNDATION_FILTER_ELEMENTS]
                      [--heads HEADS]
                      [--multiheads_finetuning MULTIHEADS_FINETUNING]
                      [--foundation_head FOUNDATION_HEAD]
                      [--weight_pt_head WEIGHT_PT_HEAD]
                      [--real_pt_data_ratio_threshold REAL_PT_DATA_RATIO_THRESHOLD]
                      [--num_samples_pt NUM_SAMPLES_PT]
                      [--force_mh_ft_lr FORCE_MH_FT_LR]
                      [--subselect_pt {fps,random}]
                      [--filter_type_pt {none,combinations,inclusive,exclusive}]
                      [--disallow_random_padding_pt]
                      [--pt_train_file PT_TRAIN_FILE]
                      [--pt_valid_file PT_VALID_FILE]
                      [--foundation_model_elements FOUNDATION_MODEL_ELEMENTS]
                      [--keep_isolated_atoms KEEP_ISOLATED_ATOMS]
                      [--lora LORA] [--lora_rank LORA_RANK]
                      [--lora_alpha LORA_ALPHA] [--energy_key ENERGY_KEY]
                      [--forces_key FORCES_KEY] [--virials_key VIRIALS_KEY]
                      [--stress_key STRESS_KEY] [--dipole_key DIPOLE_KEY]
                      [--polarizability_key POLARIZABILITY_KEY]
                      [--head_key HEAD_KEY] [--charges_key CHARGES_KEY]
                      [--elec_temp_key ELEC_TEMP_KEY]
                      [--total_spin_key TOTAL_SPIN_KEY]
                      [--total_charge_key TOTAL_CHARGE_KEY]
                      [--embedding_specs EMBEDDING_SPECS]
                      [--skip_evaluate_heads SKIP_EVALUATE_HEADS]
                      [--loss {ef,weighted,forces_only,virials,stress,dipole,dipole_polar,huber,universal,energy_forces_dipole,l1l2energyforces}]
                      [--forces_weight FORCES_WEIGHT]
                      [--swa_forces_weight SWA_FORCES_WEIGHT]
                      [--energy_weight ENERGY_WEIGHT]
                      [--swa_energy_weight SWA_ENERGY_WEIGHT]
                      [--virials_weight VIRIALS_WEIGHT]
                      [--swa_virials_weight SWA_VIRIALS_WEIGHT]
                      [--stress_weight STRESS_WEIGHT]
                      [--swa_stress_weight SWA_STRESS_WEIGHT]
                      [--dipole_weight DIPOLE_WEIGHT]
                      [--swa_dipole_weight SWA_DIPOLE_WEIGHT]
                      [--swa_polarizability_weight SWA_POLARIZABILITY_WEIGHT]
                      [--polarizability_weight POLARIZABILITY_WEIGHT]
                      [--config_type_weights CONFIG_TYPE_WEIGHTS]
                      [--huber_delta HUBER_DELTA]
                      [--optimizer {adam,adamw,schedulefree}] [--beta BETA]
                      [--beta1_schedulefree BETA1_SCHEDULEFREE]
                      [--beta2_schedulefree BETA2_SCHEDULEFREE]
                      [--batch_size BATCH_SIZE]
                      [--valid_batch_size VALID_BATCH_SIZE] [--lr LR]
                      [--swa_lr SWA_LR] [--weight_decay WEIGHT_DECAY]
                      [--lr_params_factors LR_PARAMS_FACTORS]
                      [--freeze FREEZE] [--amsgrad] [--scheduler SCHEDULER]
                      [--lr_factor LR_FACTOR]
                      [--scheduler_patience SCHEDULER_PATIENCE]
                      [--lr_scheduler_gamma LR_SCHEDULER_GAMMA] [--swa]
                      [--start_swa START_SWA] [--lbfgs] [--ema]
                      [--ema_decay EMA_DECAY]
                      [--max_num_epochs MAX_NUM_EPOCHS] [--patience PATIENCE]
                      [--foundation_model FOUNDATION_MODEL]
                      [--foundation_model_kwargs FOUNDATION_MODEL_KWARGS]
                      [--foundation_model_readout]
                      [--eval_interval EVAL_INTERVAL] [--keep_checkpoints]
                      [--save_all_checkpoints] [--restart_latest] [--save_cpu]
                      [--clip_grad CLIP_GRAD] [--dry_run]
                      [--enable_cueq ENABLE_CUEQ] [--only_cueq ONLY_CUEQ]
                      [--enable_oeq ENABLE_OEQ] [--wandb]
                      [--wandb_dir WANDB_DIR] [--wandb_project WANDB_PROJECT]
                      [--wandb_entity WANDB_ENTITY] [--wandb_name WANDB_NAME]
                      [--wandb_log_hypers WANDB_LOG_HYPERS [WANDB_LOG_HYPERS ...]]
mace_run_train: error: unrecognized arguments: --logs_dir=logs/local_li_mace_v1_smoke
cuequivariance or cuequivariance_torch is not available. Cuequivariance acceleration will be disabled.
