Loading vasp/5.4.1
  Loading requirement: intel/2024
forrtl: severe (174): SIGSEGV, segmentation fault occurred
Image              PC                Routine            Line        Source             
libc.so.6          00007F917B25B050  Unknown               Unknown  Unknown
vasp_std           0000000000623EB4  Unknown               Unknown  Unknown
vasp_std           0000000000D3B8DF  Unknown               Unknown  Unknown
vasp_std           0000000000D6005D  Unknown               Unknown  Unknown
vasp_std           00000000012E0A73  Unknown               Unknown  Unknown
vasp_std           000000000040B1ED  Unknown               Unknown  Unknown
libc.so.6          00007F917B24624A  Unknown               Unknown  Unknown
libc.so.6          00007F917B246305  __libc_start_main     Unknown  Unknown
vasp_std           000000000040B101  Unknown               Unknown  Unknown
forrtl: severe (174): SIGSEGV, segmentation fault occurred
Image              PC                Routine            Line        Source             
libc.so.6          00007F3F42C5B050  Unknown               Unknown  Unknown
vasp_std           0000000000623EB4  Unknown               Unknown  Unknown
vasp_std           0000000000D3B8DF  Unknown               Unknown  Unknown
vasp_std           0000000000D6005D  Unknown               Unknown  Unknown
vasp_std           00000000012E0A73  Unknown               Unknown  Unknown
vasp_std           000000000040B1ED  Unknown               Unknown  Unknown
libc.so.6          00007F3F42C4624A  Unknown               Unknown  Unknown
libc.so.6          00007F3F42C46305  __libc_start_main     Unknown  Unknown
vasp_std           000000000040B101  Unknown               Unknown  Unknown
forrtl: severe (174): SIGSEGV, segmentation fault occurred
Image              PC                Routine            Line        Source             
libc.so.6          00007FDF48D7C050  Unknown               Unknown  Unknown
vasp_std           0000000000623EB4  Unknown               Unknown  Unknown
vasp_std           0000000000D3B8DF  Unknown               Unknown  Unknown
vasp_std           0000000000D6005D  Unknown               Unknown  Unknown
vasp_std           00000000012E0A73  Unknown               Unknown  Unknown
vasp_std           000000000040B1ED  Unknown               Unknown  Unknown
libc.so.6          00007FDF48D6724A  Unknown               Unknown  Unknown
libc.so.6          00007FDF48D67305  __libc_start_main     Unknown  Unknown
vasp_std           000000000040B101  Unknown               Unknown  Unknown
forrtl: severe (174): SIGSEGV, segmentation fault occurred
Image              PC                Routine            Line        Source             
libc.so.6          00007EFED6A5B050  Unknown               Unknown  Unknown
vasp_std           0000000000623EB4  Unknown               Unknown  Unknown
vasp_std           0000000000D3B8DF  Unknown               Unknown  Unknown
vasp_std           0000000000D6005D  Unknown               Unknown  Unknown
vasp_std           00000000012E0A73  Unknown               Unknown  Unknown
vasp_std           000000000040B1ED  Unknown               Unknown  Unknown
libc.so.6          00007EFED6A4624A  Unknown               Unknown  Unknown
libc.so.6          00007EFED6A46305  __libc_start_main     Unknown  Unknown
vasp_std           000000000040B101  Unknown               Unknown  Unknown
forrtl: severe (174): SIGSEGV, segmentation fault occurred
Image              PC                Routine            Line        Source             
libc.so.6          00007FB30177C050  Unknown               Unknown  Unknown
vasp_std           0000000000623EB4  Unknown               Unknown  Unknown
vasp_std           0000000000D3B8DF  Unknown               Unknown  Unknown
vasp_std           0000000000D6005D  Unknown               Unknown  Unknown
vasp_std           00000000012E0A73  Unknown               Unknown  Unknown
vasp_std           000000000040B1ED  Unknown               Unknown  Unknown
libc.so.6          00007FB30176724A  Unknown               Unknown  Unknown
libc.so.6          00007FB301767305  __libc_start_main     Unknown  Unknown
vasp_std           000000000040B101  Unknown               Unknown  Unknown
forrtl: severe (174): SIGSEGV, segmentation fault occurred
Image              PC                Routine            Line        Source             
libc.so.6          00007F43E7C5B050  Unknown               Unknown  Unknown
vasp_std           0000000000623EB4  Unknown               Unknown  Unknown
vasp_std           0000000000D3B8DF  Unknown               Unknown  Unknown
vasp_std           0000000000D6005D  Unknown               Unknown  Unknown
vasp_std           00000000012E0A73  Unknown               Unknown  Unknown
vasp_std           000000000040B1ED  Unknown               Unknown  Unknown
libc.so.6          00007F43E7C4624A  Unknown               Unknown  Unknown
libc.so.6          00007F43E7C46305  __libc_start_main     Unknown  Unknown
vasp_std           000000000040B101  Unknown               Unknown  Unknown
forrtl: severe (174): SIGSEGV, segmentation fault occurred
Image              PC                Routine            Line        Source             
libc.so.6          00007F662817C050  Unknown               Unknown  Unknown
vasp_std           0000000000623EB4  Unknown               Unknown  Unknown
vasp_std           0000000000D3B8DF  Unknown               Unknown  Unknown
vasp_std           0000000000D6005D  Unknown               Unknown  Unknown
vasp_std           00000000012E0A73  Unknown               Unknown  Unknown
vasp_std           000000000040B1ED  Unknown               Unknown  Unknown
libc.so.6          00007F662816724A  Unknown               Unknown  Unknown
libc.so.6          00007F6628167305  __libc_start_main     Unknown  Unknown
vasp_std           000000000040B101  Unknown               Unknown  Unknown
forrtl: severe (174): SIGSEGV, segmentation fault occurred
Image              PC                Routine            Line        Source             
libc.so.6          00007F0DAEF7C050  Unknown               Unknown  Unknown
vasp_std           0000000000623EB4  Unknown               Unknown  Unknown
vasp_std           0000000000D3B8DF  Unknown               Unknown  Unknown
vasp_std           0000000000D6005D  Unknown               Unknown  Unknown
vasp_std           00000000012E0A73  Unknown               Unknown  Unknown
vasp_std           000000000040B1ED  Unknown               Unknown  Unknown
libc.so.6          00007F0DAEF6724A  Unknown               Unknown  Unknown
libc.so.6          00007F0DAEF67305  __libc_start_main     Unknown  Unknown
vasp_std           000000000040B101  Unknown               Unknown  Unknown
forrtl: severe (174): SIGSEGV, segmentation fault occurred
Image              PC                Routine            Line        Source             
libc.so.6          00007FCA8D37C050  Unknown               Unknown  Unknown
vasp_std           0000000000623EB4  Unknown               Unknown  Unknown
vasp_std           0000000000D3B8DF  Unknown               Unknown  Unknown
vasp_std           0000000000D6005D  Unknown               Unknown  Unknown
vasp_std           00000000012E0A73  Unknown               Unknown  Unknown
vasp_std           000000000040B1ED  Unknown               Unknown  Unknown
libc.so.6          00007FCA8D36724A  Unknown               Unknown  Unknown
libc.so.6          00007FCA8D367305  __libc_start_main     Unknown  Unknown
vasp_std           000000000040B101  Unknown               Unknown  Unknown
forrtl: severe (174): SIGSEGV, segmentation fault occurred
Image              PC                Routine            Line        Source             
libc.so.6          00007F6BE637C050  Unknown               Unknown  Unknown
vasp_std           0000000000623EB4  Unknown               Unknown  Unknown
vasp_std           0000000000D3B8DF  Unknown               Unknown  Unknown
vasp_std           0000000000D6005D  Unknown               Unknown  Unknown
vasp_std           00000000012E0A73  Unknown               Unknown  Unknown
vasp_std           000000000040B1ED  Unknown               Unknown  Unknown
libc.so.6          00007F6BE636724A  Unknown               Unknown  Unknown
libc.so.6          00007F6BE6367305  __libc_start_main     Unknown  Unknown
vasp_std           000000000040B101  Unknown               Unknown  Unknown
forrtl: severe (174): SIGSEGV, segmentation fault occurred
Image              PC                Routine            Line        Source             
libc.so.6          00007FCD47F7C050  Unknown               Unknown  Unknown
vasp_std           0000000000623EB4  Unknown               Unknown  Unknown
vasp_std           0000000000D3B8DF  Unknown               Unknown  Unknown
vasp_std           0000000000D6005D  Unknown               Unknown  Unknown
vasp_std           00000000012E0A73  Unknown               Unknown  Unknown
vasp_std           000000000040B1ED  Unknown               Unknown  Unknown
libc.so.6          00007FCD47F6724A  Unknown               Unknown  Unknown
libc.so.6          00007FCD47F67305  __libc_start_main     Unknown  Unknown
vasp_std           000000000040B101  Unknown               Unknown  Unknown
forrtl: severe (174): SIGSEGV, segmentation fault occurred
Image              PC                Routine            Line        Source             
libc.so.6          00007F001137C050  Unknown               Unknown  Unknown
vasp_std           0000000000623EB4  Unknown               Unknown  Unknown
vasp_std           0000000000D3B8DF  Unknown               Unknown  Unknown
vasp_std           0000000000D6005D  Unknown               Unknown  Unknown
vasp_std           00000000012E0A73  Unknown               Unknown  Unknown
vasp_std           000000000040B1ED  Unknown               Unknown  Unknown
libc.so.6          00007F001136724A  Unknown               Unknown  Unknown
libc.so.6          00007F0011367305  __libc_start_main     Unknown  Unknown
vasp_std           000000000040B101  Unknown               Unknown  Unknown
forrtl: severe (174): SIGSEGV, segmentation fault occurred
Image              PC                Routine            Line        Source             
libc.so.6          00007F4ECEF7C050  Unknown               Unknown  Unknown
vasp_std           0000000000623EB4  Unknown               Unknown  Unknown
vasp_std           0000000000D3B8DF  Unknown               Unknown  Unknown
vasp_std           0000000000D6005D  Unknown               Unknown  Unknown
vasp_std           00000000012E0A73  Unknown               Unknown  Unknown
vasp_std           000000000040B1ED  Unknown               Unknown  Unknown
libc.so.6          00007F4ECEF6724A  Unknown               Unknown  Unknown
libc.so.6          00007F4ECEF67305  __libc_start_main     Unknown  Unknown
vasp_std           000000000040B101  Unknown               Unknown  Unknown
forrtl: severe (174): SIGSEGV, segmentation fault occurred
Image              PC                Routine            Line        Source             
libc.so.6          00007F350657C050  Unknown               Unknown  Unknown
vasp_std           0000000000623EB4  Unknown               Unknown  Unknown
vasp_std           0000000000D3B8DF  Unknown               Unknown  Unknown
vasp_std           0000000000D6005D  Unknown               Unknown  Unknown
vasp_std           00000000012E0A73  Unknown               Unknown  Unknown
vasp_std           000000000040B1ED  Unknown               Unknown  Unknown
libc.so.6          00007F350656724A  Unknown               Unknown  Unknown
libc.so.6          00007F3506567305  __libc_start_main     Unknown  Unknown
vasp_std           000000000040B101  Unknown               Unknown  Unknown
forrtl: severe (174): SIGSEGV, segmentation fault occurred
Image              PC                Routine            Line        Source             
libc.so.6          00007FEE2A05B050  Unknown               Unknown  Unknown
vasp_std           0000000000623EB4  Unknown               Unknown  Unknown
vasp_std           0000000000D3B8DF  Unknown               Unknown  Unknown
vasp_std           0000000000D6005D  Unknown               Unknown  Unknown
vasp_std           00000000012E0A73  Unknown               Unknown  Unknown
vasp_std           000000000040B1ED  Unknown               Unknown  Unknown
libc.so.6          00007FEE2A04624A  Unknown               Unknown  Unknown
libc.so.6          00007FEE2A046305  __libc_start_main     Unknown  Unknown
vasp_std           000000000040B101  Unknown               Unknown  Unknown
forrtl: severe (174): SIGSEGV, segmentation fault occurred
Image              PC                Routine            Line        Source             
libc.so.6          00007F05FB77C050  Unknown               Unknown  Unknown
vasp_std           0000000000623EB4  Unknown               Unknown  Unknown
vasp_std           0000000000D3B8DF  Unknown               Unknown  Unknown
vasp_std           0000000000D6005D  Unknown               Unknown  Unknown
vasp_std           00000000012E0A73  Unknown               Unknown  Unknown
vasp_std           000000000040B1ED  Unknown               Unknown  Unknown
libc.so.6          00007F05FB76724A  Unknown               Unknown  Unknown
libc.so.6          00007F05FB767305  __libc_start_main     Unknown  Unknown
vasp_std           000000000040B101  Unknown               Unknown  Unknown
srun: error: et105: tasks 0-15: Exited with exit code 174
