Loading vasp/5.4.1
  Loading requirement: intel/2024
forrtl: severe (174): SIGSEGV, segmentation fault occurred
Image              PC                Routine            Line        Source             
libc.so.6          00007F82FB57C050  Unknown               Unknown  Unknown
vasp_std           0000000000623EB4  Unknown               Unknown  Unknown
vasp_std           0000000000D3B8DF  Unknown               Unknown  Unknown
vasp_std           0000000000D6005D  Unknown               Unknown  Unknown
vasp_std           00000000012E0A73  Unknown               Unknown  Unknown
vasp_std           000000000040B1ED  Unknown               Unknown  Unknown
libc.so.6          00007F82FB56724A  Unknown               Unknown  Unknown
libc.so.6          00007F82FB567305  __libc_start_main     Unknown  Unknown
vasp_std           000000000040B101  Unknown               Unknown  Unknown
forrtl: severe (174): SIGSEGV, segmentation fault occurred
Image              PC                Routine            Line        Source             
libc.so.6          00007F298957C050  Unknown               Unknown  Unknown
vasp_std           0000000000623EB4  Unknown               Unknown  Unknown
vasp_std           0000000000D3B8DF  Unknown               Unknown  Unknown
vasp_std           0000000000D6005D  Unknown               Unknown  Unknown
vasp_std           00000000012E0A73  Unknown               Unknown  Unknown
vasp_std           000000000040B1ED  Unknown               Unknown  Unknown
libc.so.6          00007F298956724A  Unknown               Unknown  Unknown
libc.so.6          00007F2989567305  __libc_start_main     Unknown  Unknown
vasp_std           000000000040B101  Unknown               Unknown  Unknown
forrtl: severe (174): SIGSEGV, segmentation fault occurred
Image              PC                Routine            Line        Source             
libc.so.6          00007F6DCD57C050  Unknown               Unknown  Unknown
vasp_std           0000000000623EB4  Unknown               Unknown  Unknown
vasp_std           0000000000D3B8DF  Unknown               Unknown  Unknown
vasp_std           0000000000D6005D  Unknown               Unknown  Unknown
vasp_std           00000000012E0A73  Unknown               Unknown  Unknown
vasp_std           000000000040B1ED  Unknown               Unknown  Unknown
libc.so.6          00007F6DCD56724A  Unknown               Unknown  Unknown
libc.so.6          00007F6DCD567305  __libc_start_main     Unknown  Unknown
vasp_std           000000000040B101  Unknown               Unknown  Unknown
forrtl: severe (174): SIGSEGV, segmentation fault occurred
Image              PC                Routine            Line        Source             
libc.so.6          00007FCA94A5B050  Unknown               Unknown  Unknown
vasp_std           0000000000623EB4  Unknown               Unknown  Unknown
vasp_std           0000000000D3B8DF  Unknown               Unknown  Unknown
vasp_std           0000000000D6005D  Unknown               Unknown  Unknown
vasp_std           00000000012E0A73  Unknown               Unknown  Unknown
vasp_std           000000000040B1ED  Unknown               Unknown  Unknown
libc.so.6          00007FCA94A4624A  Unknown               Unknown  Unknown
libc.so.6          00007FCA94A46305  __libc_start_main     Unknown  Unknown
vasp_std           000000000040B101  Unknown               Unknown  Unknown
forrtl: severe (174): SIGSEGV, segmentation fault occurred
Image              PC                Routine            Line        Source             
libc.so.6          00007F607AF7C050  Unknown               Unknown  Unknown
vasp_std           0000000000623EB4  Unknown               Unknown  Unknown
vasp_std           0000000000D3B8DF  Unknown               Unknown  Unknown
vasp_std           0000000000D6005D  Unknown               Unknown  Unknown
vasp_std           00000000012E0A73  Unknown               Unknown  Unknown
vasp_std           000000000040B1ED  Unknown               Unknown  Unknown
libc.so.6          00007F607AF6724A  Unknown               Unknown  Unknown
libc.so.6          00007F607AF67305  __libc_start_main     Unknown  Unknown
vasp_std           000000000040B101  Unknown               Unknown  Unknown
forrtl: severe (174): SIGSEGV, segmentation fault occurred
Image              PC                Routine            Line        Source             
libc.so.6          00007FE37EB7C050  Unknown               Unknown  Unknown
vasp_std           0000000000623EB4  Unknown               Unknown  Unknown
vasp_std           0000000000D3B8DF  Unknown               Unknown  Unknown
vasp_std           0000000000D6005D  Unknown               Unknown  Unknown
vasp_std           00000000012E0A73  Unknown               Unknown  Unknown
vasp_std           000000000040B1ED  Unknown               Unknown  Unknown
libc.so.6          00007FE37EB6724A  Unknown               Unknown  Unknown
libc.so.6          00007FE37EB67305  __libc_start_main     Unknown  Unknown
vasp_std           000000000040B101  Unknown               Unknown  Unknown
forrtl: severe (174): SIGSEGV, segmentation fault occurred
Image              PC                Routine            Line        Source             
libc.so.6          00007F65F165B050  Unknown               Unknown  Unknown
vasp_std           0000000000623EB4  Unknown               Unknown  Unknown
vasp_std           0000000000D3B8DF  Unknown               Unknown  Unknown
vasp_std           0000000000D6005D  Unknown               Unknown  Unknown
vasp_std           00000000012E0A73  Unknown               Unknown  Unknown
vasp_std           000000000040B1ED  Unknown               Unknown  Unknown
libc.so.6          00007F65F164624A  Unknown               Unknown  Unknown
libc.so.6          00007F65F1646305  __libc_start_main     Unknown  Unknown
vasp_std           000000000040B101  Unknown               Unknown  Unknown
forrtl: severe (174): SIGSEGV, segmentation fault occurred
Image              PC                Routine            Line        Source             
libc.so.6          00007F1D6277C050  Unknown               Unknown  Unknown
vasp_std           0000000000623EB4  Unknown               Unknown  Unknown
vasp_std           0000000000D3B8DF  Unknown               Unknown  Unknown
vasp_std           0000000000D6005D  Unknown               Unknown  Unknown
vasp_std           00000000012E0A73  Unknown               Unknown  Unknown
vasp_std           000000000040B1ED  Unknown               Unknown  Unknown
libc.so.6          00007F1D6276724A  Unknown               Unknown  Unknown
libc.so.6          00007F1D62767305  __libc_start_main     Unknown  Unknown
vasp_std           000000000040B101  Unknown               Unknown  Unknown
forrtl: severe (174): SIGSEGV, segmentation fault occurred
Image              PC                Routine            Line        Source             
libc.so.6          00007F8B8BD7C050  Unknown               Unknown  Unknown
vasp_std           0000000000623EB4  Unknown               Unknown  Unknown
vasp_std           0000000000D3B8DF  Unknown               Unknown  Unknown
vasp_std           0000000000D6005D  Unknown               Unknown  Unknown
vasp_std           00000000012E0A73  Unknown               Unknown  Unknown
vasp_std           000000000040B1ED  Unknown               Unknown  Unknown
libc.so.6          00007F8B8BD6724A  Unknown               Unknown  Unknown
libc.so.6          00007F8B8BD67305  __libc_start_main     Unknown  Unknown
vasp_std           000000000040B101  Unknown               Unknown  Unknown
forrtl: severe (174): SIGSEGV, segmentation fault occurred
Image              PC                Routine            Line        Source             
libc.so.6          00007FA50C97C050  Unknown               Unknown  Unknown
vasp_std           0000000000623EB4  Unknown               Unknown  Unknown
vasp_std           0000000000D3B8DF  Unknown               Unknown  Unknown
vasp_std           0000000000D6005D  Unknown               Unknown  Unknown
vasp_std           00000000012E0A73  Unknown               Unknown  Unknown
vasp_std           000000000040B1ED  Unknown               Unknown  Unknown
libc.so.6          00007FA50C96724A  Unknown               Unknown  Unknown
libc.so.6          00007FA50C967305  __libc_start_main     Unknown  Unknown
vasp_std           000000000040B101  Unknown               Unknown  Unknown
forrtl: severe (174): SIGSEGV, segmentation fault occurred
Image              PC                Routine            Line        Source             
libc.so.6          00007F0BCA65B050  Unknown               Unknown  Unknown
vasp_std           0000000000623EB4  Unknown               Unknown  Unknown
vasp_std           0000000000D3B8DF  Unknown               Unknown  Unknown
vasp_std           0000000000D6005D  Unknown               Unknown  Unknown
vasp_std           00000000012E0A73  Unknown               Unknown  Unknown
vasp_std           000000000040B1ED  Unknown               Unknown  Unknown
libc.so.6          00007F0BCA64624A  Unknown               Unknown  Unknown
libc.so.6          00007F0BCA646305  __libc_start_main     Unknown  Unknown
vasp_std           000000000040B101  Unknown               Unknown  Unknown
forrtl: severe (174): SIGSEGV, segmentation fault occurred
Image              PC                Routine            Line        Source             
libc.so.6          00007FEDAB77C050  Unknown               Unknown  Unknown
vasp_std           0000000000623EB4  Unknown               Unknown  Unknown
vasp_std           0000000000D3B8DF  Unknown               Unknown  Unknown
vasp_std           0000000000D6005D  Unknown               Unknown  Unknown
vasp_std           00000000012E0A73  Unknown               Unknown  Unknown
vasp_std           000000000040B1ED  Unknown               Unknown  Unknown
libc.so.6          00007FEDAB76724A  Unknown               Unknown  Unknown
libc.so.6          00007FEDAB767305  __libc_start_main     Unknown  Unknown
vasp_std           000000000040B101  Unknown               Unknown  Unknown
forrtl: severe (174): SIGSEGV, segmentation fault occurred
Image              PC                Routine            Line        Source             
libc.so.6          00007F087137C050  Unknown               Unknown  Unknown
vasp_std           0000000000623EB4  Unknown               Unknown  Unknown
vasp_std           0000000000D3B8DF  Unknown               Unknown  Unknown
vasp_std           0000000000D6005D  Unknown               Unknown  Unknown
vasp_std           00000000012E0A73  Unknown               Unknown  Unknown
vasp_std           000000000040B1ED  Unknown               Unknown  Unknown
libc.so.6          00007F087136724A  Unknown               Unknown  Unknown
libc.so.6          00007F0871367305  __libc_start_main     Unknown  Unknown
vasp_std           000000000040B101  Unknown               Unknown  Unknown
forrtl: severe (174): SIGSEGV, segmentation fault occurred
Image              PC                Routine            Line        Source             
libc.so.6          00007F349D25B050  Unknown               Unknown  Unknown
vasp_std           0000000000623EB4  Unknown               Unknown  Unknown
vasp_std           0000000000D3B8DF  Unknown               Unknown  Unknown
vasp_std           0000000000D6005D  Unknown               Unknown  Unknown
vasp_std           00000000012E0A73  Unknown               Unknown  Unknown
vasp_std           000000000040B1ED  Unknown               Unknown  Unknown
libc.so.6          00007F349D24624A  Unknown               Unknown  Unknown
libc.so.6          00007F349D246305  __libc_start_main     Unknown  Unknown
vasp_std           000000000040B101  Unknown               Unknown  Unknown
forrtl: severe (174): SIGSEGV, segmentation fault occurred
Image              PC                Routine            Line        Source             
libc.so.6          00007F2D2AA5B050  Unknown               Unknown  Unknown
vasp_std           0000000000623EB4  Unknown               Unknown  Unknown
vasp_std           0000000000D3B8DF  Unknown               Unknown  Unknown
vasp_std           0000000000D6005D  Unknown               Unknown  Unknown
vasp_std           00000000012E0A73  Unknown               Unknown  Unknown
vasp_std           000000000040B1ED  Unknown               Unknown  Unknown
libc.so.6          00007F2D2AA4624A  Unknown               Unknown  Unknown
libc.so.6          00007F2D2AA46305  __libc_start_main     Unknown  Unknown
vasp_std           000000000040B101  Unknown               Unknown  Unknown
forrtl: severe (174): SIGSEGV, segmentation fault occurred
Image              PC                Routine            Line        Source             
libc.so.6          00007F2F5AA5B050  Unknown               Unknown  Unknown
vasp_std           0000000000623EB4  Unknown               Unknown  Unknown
vasp_std           0000000000D3B8DF  Unknown               Unknown  Unknown
vasp_std           0000000000D6005D  Unknown               Unknown  Unknown
vasp_std           00000000012E0A73  Unknown               Unknown  Unknown
vasp_std           000000000040B1ED  Unknown               Unknown  Unknown
libc.so.6          00007F2F5AA4624A  Unknown               Unknown  Unknown
libc.so.6          00007F2F5AA46305  __libc_start_main     Unknown  Unknown
vasp_std           000000000040B101  Unknown               Unknown  Unknown
srun: error: et104: tasks 0-15: Exited with exit code 174
