Loading vasp/5.4.1
  Loading requirement: intel/2024
forrtl: severe (174): SIGSEGV, segmentation fault occurred
Image              PC                Routine            Line        Source             
libc.so.6          00007F13CB97C050  Unknown               Unknown  Unknown
vasp_std           0000000000623EB4  Unknown               Unknown  Unknown
vasp_std           0000000000D3B8DF  Unknown               Unknown  Unknown
vasp_std           0000000000D6005D  Unknown               Unknown  Unknown
vasp_std           00000000012E0A73  Unknown               Unknown  Unknown
vasp_std           000000000040B1ED  Unknown               Unknown  Unknown
libc.so.6          00007F13CB96724A  Unknown               Unknown  Unknown
libc.so.6          00007F13CB967305  __libc_start_main     Unknown  Unknown
vasp_std           000000000040B101  Unknown               Unknown  Unknown
forrtl: severe (174): SIGSEGV, segmentation fault occurred
Image              PC                Routine            Line        Source             
libc.so.6          00007F3255B7C050  Unknown               Unknown  Unknown
vasp_std           0000000000623EB4  Unknown               Unknown  Unknown
vasp_std           0000000000D3B8DF  Unknown               Unknown  Unknown
vasp_std           0000000000D6005D  Unknown               Unknown  Unknown
vasp_std           00000000012E0A73  Unknown               Unknown  Unknown
vasp_std           000000000040B1ED  Unknown               Unknown  Unknown
libc.so.6          00007F3255B6724A  Unknown               Unknown  Unknown
libc.so.6          00007F3255B67305  __libc_start_main     Unknown  Unknown
vasp_std           000000000040B101  Unknown               Unknown  Unknown
forrtl: severe (174): SIGSEGV, segmentation fault occurred
Image              PC                Routine            Line        Source             
libc.so.6          00007F0A48B7C050  Unknown               Unknown  Unknown
vasp_std           0000000000623EB4  Unknown               Unknown  Unknown
vasp_std           0000000000D3B8DF  Unknown               Unknown  Unknown
vasp_std           0000000000D6005D  Unknown               Unknown  Unknown
vasp_std           00000000012E0A73  Unknown               Unknown  Unknown
vasp_std           000000000040B1ED  Unknown               Unknown  Unknown
libc.so.6          00007F0A48B6724A  Unknown               Unknown  Unknown
libc.so.6          00007F0A48B67305  __libc_start_main     Unknown  Unknown
vasp_std           000000000040B101  Unknown               Unknown  Unknown
forrtl: severe (174): SIGSEGV, segmentation fault occurred
Image              PC                Routine            Line        Source             
libc.so.6          00007FEDA765B050  Unknown               Unknown  Unknown
vasp_std           0000000000623EB4  Unknown               Unknown  Unknown
vasp_std           0000000000D3B8DF  Unknown               Unknown  Unknown
vasp_std           0000000000D6005D  Unknown               Unknown  Unknown
vasp_std           00000000012E0A73  Unknown               Unknown  Unknown
vasp_std           000000000040B1ED  Unknown               Unknown  Unknown
libc.so.6          00007FEDA764624A  Unknown               Unknown  Unknown
libc.so.6          00007FEDA7646305  __libc_start_main     Unknown  Unknown
vasp_std           000000000040B101  Unknown               Unknown  Unknown
forrtl: severe (174): SIGSEGV, segmentation fault occurred
Image              PC                Routine            Line        Source             
libc.so.6          00007F0815D7C050  Unknown               Unknown  Unknown
vasp_std           0000000000623EB4  Unknown               Unknown  Unknown
vasp_std           0000000000D3B8DF  Unknown               Unknown  Unknown
vasp_std           0000000000D6005D  Unknown               Unknown  Unknown
vasp_std           00000000012E0A73  Unknown               Unknown  Unknown
vasp_std           000000000040B1ED  Unknown               Unknown  Unknown
libc.so.6          00007F0815D6724A  Unknown               Unknown  Unknown
libc.so.6          00007F0815D67305  __libc_start_main     Unknown  Unknown
vasp_std           000000000040B101  Unknown               Unknown  Unknown
forrtl: severe (174): SIGSEGV, segmentation fault occurred
Image              PC                Routine            Line        Source             
libc.so.6          00007F1B6897C050  Unknown               Unknown  Unknown
vasp_std           0000000000623EB4  Unknown               Unknown  Unknown
vasp_std           0000000000D3B8DF  Unknown               Unknown  Unknown
vasp_std           0000000000D6005D  Unknown               Unknown  Unknown
vasp_std           00000000012E0A73  Unknown               Unknown  Unknown
vasp_std           000000000040B1ED  Unknown               Unknown  Unknown
libc.so.6          00007F1B6896724A  Unknown               Unknown  Unknown
libc.so.6          00007F1B68967305  __libc_start_main     Unknown  Unknown
vasp_std           000000000040B101  Unknown               Unknown  Unknown
forrtl: severe (174): SIGSEGV, segmentation fault occurred
Image              PC                Routine            Line        Source             
libc.so.6          00007F3A3677C050  Unknown               Unknown  Unknown
vasp_std           0000000000623EB4  Unknown               Unknown  Unknown
vasp_std           0000000000D3B8DF  Unknown               Unknown  Unknown
vasp_std           0000000000D6005D  Unknown               Unknown  Unknown
vasp_std           00000000012E0A73  Unknown               Unknown  Unknown
vasp_std           000000000040B1ED  Unknown               Unknown  Unknown
libc.so.6          00007F3A3676724A  Unknown               Unknown  Unknown
libc.so.6          00007F3A36767305  __libc_start_main     Unknown  Unknown
vasp_std           000000000040B101  Unknown               Unknown  Unknown
forrtl: severe (174): SIGSEGV, segmentation fault occurred
Image              PC                Routine            Line        Source             
libc.so.6          00007F333525B050  Unknown               Unknown  Unknown
vasp_std           0000000000623EB4  Unknown               Unknown  Unknown
vasp_std           0000000000D3B8DF  Unknown               Unknown  Unknown
vasp_std           0000000000D6005D  Unknown               Unknown  Unknown
vasp_std           00000000012E0A73  Unknown               Unknown  Unknown
vasp_std           000000000040B1ED  Unknown               Unknown  Unknown
libc.so.6          00007F333524624A  Unknown               Unknown  Unknown
libc.so.6          00007F3335246305  __libc_start_main     Unknown  Unknown
vasp_std           000000000040B101  Unknown               Unknown  Unknown
forrtl: severe (174): SIGSEGV, segmentation fault occurred
Image              PC                Routine            Line        Source             
libc.so.6          00007FE1CF65B050  Unknown               Unknown  Unknown
vasp_std           0000000000623EB4  Unknown               Unknown  Unknown
vasp_std           0000000000D3B8DF  Unknown               Unknown  Unknown
vasp_std           0000000000D6005D  Unknown               Unknown  Unknown
vasp_std           00000000012E0A73  Unknown               Unknown  Unknown
vasp_std           000000000040B1ED  Unknown               Unknown  Unknown
libc.so.6          00007FE1CF64624A  Unknown               Unknown  Unknown
libc.so.6          00007FE1CF646305  __libc_start_main     Unknown  Unknown
vasp_std           000000000040B101  Unknown               Unknown  Unknown
forrtl: severe (174): SIGSEGV, segmentation fault occurred
Image              PC                Routine            Line        Source             
libc.so.6          00007FF55DE5B050  Unknown               Unknown  Unknown
vasp_std           0000000000623EB4  Unknown               Unknown  Unknown
vasp_std           0000000000D3B8DF  Unknown               Unknown  Unknown
vasp_std           0000000000D6005D  Unknown               Unknown  Unknown
vasp_std           00000000012E0A73  Unknown               Unknown  Unknown
vasp_std           000000000040B1ED  Unknown               Unknown  Unknown
libc.so.6          00007FF55DE4624A  Unknown               Unknown  Unknown
libc.so.6          00007FF55DE46305  __libc_start_main     Unknown  Unknown
vasp_std           000000000040B101  Unknown               Unknown  Unknown
forrtl: severe (174): SIGSEGV, segmentation fault occurred
Image              PC                Routine            Line        Source             
libc.so.6          00007F483B45B050  Unknown               Unknown  Unknown
vasp_std           0000000000623EB4  Unknown               Unknown  Unknown
vasp_std           0000000000D3B8DF  Unknown               Unknown  Unknown
vasp_std           0000000000D6005D  Unknown               Unknown  Unknown
vasp_std           00000000012E0A73  Unknown               Unknown  Unknown
vasp_std           000000000040B1ED  Unknown               Unknown  Unknown
libc.so.6          00007F483B44624A  Unknown               Unknown  Unknown
libc.so.6          00007F483B446305  __libc_start_main     Unknown  Unknown
vasp_std           000000000040B101  Unknown               Unknown  Unknown
forrtl: severe (174): SIGSEGV, segmentation fault occurred
Image              PC                Routine            Line        Source             
libc.so.6          00007FB12717C050  Unknown               Unknown  Unknown
vasp_std           0000000000623EB4  Unknown               Unknown  Unknown
vasp_std           0000000000D3B8DF  Unknown               Unknown  Unknown
vasp_std           0000000000D6005D  Unknown               Unknown  Unknown
vasp_std           00000000012E0A73  Unknown               Unknown  Unknown
vasp_std           000000000040B1ED  Unknown               Unknown  Unknown
libc.so.6          00007FB12716724A  Unknown               Unknown  Unknown
libc.so.6          00007FB127167305  __libc_start_main     Unknown  Unknown
vasp_std           000000000040B101  Unknown               Unknown  Unknown
forrtl: severe (174): SIGSEGV, segmentation fault occurred
Image              PC                Routine            Line        Source             
libc.so.6          00007F9A1EB7C050  Unknown               Unknown  Unknown
vasp_std           0000000000623EB4  Unknown               Unknown  Unknown
vasp_std           0000000000D3B8DF  Unknown               Unknown  Unknown
vasp_std           0000000000D6005D  Unknown               Unknown  Unknown
vasp_std           00000000012E0A73  Unknown               Unknown  Unknown
vasp_std           000000000040B1ED  Unknown               Unknown  Unknown
libc.so.6          00007F9A1EB6724A  Unknown               Unknown  Unknown
libc.so.6          00007F9A1EB67305  __libc_start_main     Unknown  Unknown
vasp_std           000000000040B101  Unknown               Unknown  Unknown
forrtl: severe (174): SIGSEGV, segmentation fault occurred
Image              PC                Routine            Line        Source             
libc.so.6          00007F190517C050  Unknown               Unknown  Unknown
vasp_std           0000000000623EB4  Unknown               Unknown  Unknown
vasp_std           0000000000D3B8DF  Unknown               Unknown  Unknown
vasp_std           0000000000D6005D  Unknown               Unknown  Unknown
vasp_std           00000000012E0A73  Unknown               Unknown  Unknown
vasp_std           000000000040B1ED  Unknown               Unknown  Unknown
libc.so.6          00007F190516724A  Unknown               Unknown  Unknown
libc.so.6          00007F1905167305  __libc_start_main     Unknown  Unknown
vasp_std           000000000040B101  Unknown               Unknown  Unknown
forrtl: severe (174): SIGSEGV, segmentation fault occurred
Image              PC                Routine            Line        Source             
libc.so.6          00007F2CF7D7C050  Unknown               Unknown  Unknown
vasp_std           0000000000623EB4  Unknown               Unknown  Unknown
vasp_std           0000000000D3B8DF  Unknown               Unknown  Unknown
vasp_std           0000000000D6005D  Unknown               Unknown  Unknown
vasp_std           00000000012E0A73  Unknown               Unknown  Unknown
vasp_std           000000000040B1ED  Unknown               Unknown  Unknown
libc.so.6          00007F2CF7D6724A  Unknown               Unknown  Unknown
libc.so.6          00007F2CF7D67305  __libc_start_main     Unknown  Unknown
vasp_std           000000000040B101  Unknown               Unknown  Unknown
forrtl: severe (174): SIGSEGV, segmentation fault occurred
Image              PC                Routine            Line        Source             
libc.so.6          00007F0F3945B050  Unknown               Unknown  Unknown
vasp_std           0000000000623EB4  Unknown               Unknown  Unknown
vasp_std           0000000000D3B8DF  Unknown               Unknown  Unknown
vasp_std           0000000000D6005D  Unknown               Unknown  Unknown
vasp_std           00000000012E0A73  Unknown               Unknown  Unknown
vasp_std           000000000040B1ED  Unknown               Unknown  Unknown
libc.so.6          00007F0F3944624A  Unknown               Unknown  Unknown
libc.so.6          00007F0F39446305  __libc_start_main     Unknown  Unknown
vasp_std           000000000040B101  Unknown               Unknown  Unknown
srun: error: et101: tasks 0-15: Exited with exit code 174
