Loading vasp/5.4.1
  Loading requirement: intel/2024
forrtl: severe (174): SIGSEGV, segmentation fault occurred
Image              PC                Routine            Line        Source             
libc.so.6          00007FCC98F7C050  Unknown               Unknown  Unknown
vasp_std           0000000000623EB4  Unknown               Unknown  Unknown
vasp_std           0000000000D3B8DF  Unknown               Unknown  Unknown
vasp_std           0000000000D6005D  Unknown               Unknown  Unknown
vasp_std           00000000012E0A73  Unknown               Unknown  Unknown
vasp_std           000000000040B1ED  Unknown               Unknown  Unknown
libc.so.6          00007FCC98F6724A  Unknown               Unknown  Unknown
libc.so.6          00007FCC98F67305  __libc_start_main     Unknown  Unknown
vasp_std           000000000040B101  Unknown               Unknown  Unknown
forrtl: severe (174): SIGSEGV, segmentation fault occurred
Image              PC                Routine            Line        Source             
libc.so.6          00007F017697C050  Unknown               Unknown  Unknown
vasp_std           0000000000623EB4  Unknown               Unknown  Unknown
vasp_std           0000000000D3B8DF  Unknown               Unknown  Unknown
vasp_std           0000000000D6005D  Unknown               Unknown  Unknown
vasp_std           00000000012E0A73  Unknown               Unknown  Unknown
vasp_std           000000000040B1ED  Unknown               Unknown  Unknown
libc.so.6          00007F017696724A  Unknown               Unknown  Unknown
libc.so.6          00007F0176967305  __libc_start_main     Unknown  Unknown
vasp_std           000000000040B101  Unknown               Unknown  Unknown
forrtl: severe (174): SIGSEGV, segmentation fault occurred
Image              PC                Routine            Line        Source             
libc.so.6          00007F8976A5B050  Unknown               Unknown  Unknown
vasp_std           0000000000623EB4  Unknown               Unknown  Unknown
vasp_std           0000000000D3B8DF  Unknown               Unknown  Unknown
vasp_std           0000000000D6005D  Unknown               Unknown  Unknown
vasp_std           00000000012E0A73  Unknown               Unknown  Unknown
vasp_std           000000000040B1ED  Unknown               Unknown  Unknown
libc.so.6          00007F8976A4624A  Unknown               Unknown  Unknown
libc.so.6          00007F8976A46305  __libc_start_main     Unknown  Unknown
vasp_std           000000000040B101  Unknown               Unknown  Unknown
forrtl: severe (174): SIGSEGV, segmentation fault occurred
Image              PC                Routine            Line        Source             
libc.so.6          00007F26B597C050  Unknown               Unknown  Unknown
vasp_std           0000000000623EB4  Unknown               Unknown  Unknown
vasp_std           0000000000D3B8DF  Unknown               Unknown  Unknown
vasp_std           0000000000D6005D  Unknown               Unknown  Unknown
vasp_std           00000000012E0A73  Unknown               Unknown  Unknown
vasp_std           000000000040B1ED  Unknown               Unknown  Unknown
libc.so.6          00007F26B596724A  Unknown               Unknown  Unknown
libc.so.6          00007F26B5967305  __libc_start_main     Unknown  Unknown
vasp_std           000000000040B101  Unknown               Unknown  Unknown
forrtl: severe (174): SIGSEGV, segmentation fault occurred
Image              PC                Routine            Line        Source             
libc.so.6          00007FB98DF7C050  Unknown               Unknown  Unknown
vasp_std           0000000000623EB4  Unknown               Unknown  Unknown
vasp_std           0000000000D3B8DF  Unknown               Unknown  Unknown
vasp_std           0000000000D6005D  Unknown               Unknown  Unknown
vasp_std           00000000012E0A73  Unknown               Unknown  Unknown
vasp_std           000000000040B1ED  Unknown               Unknown  Unknown
libc.so.6          00007FB98DF6724A  Unknown               Unknown  Unknown
libc.so.6          00007FB98DF67305  __libc_start_main     Unknown  Unknown
vasp_std           000000000040B101  Unknown               Unknown  Unknown
forrtl: severe (174): SIGSEGV, segmentation fault occurred
Image              PC                Routine            Line        Source             
libc.so.6          00007FB74437C050  Unknown               Unknown  Unknown
vasp_std           0000000000623EB4  Unknown               Unknown  Unknown
vasp_std           0000000000D3B8DF  Unknown               Unknown  Unknown
vasp_std           0000000000D6005D  Unknown               Unknown  Unknown
vasp_std           00000000012E0A73  Unknown               Unknown  Unknown
vasp_std           000000000040B1ED  Unknown               Unknown  Unknown
libc.so.6          00007FB74436724A  Unknown               Unknown  Unknown
libc.so.6          00007FB744367305  __libc_start_main     Unknown  Unknown
vasp_std           000000000040B101  Unknown               Unknown  Unknown
forrtl: severe (174): SIGSEGV, segmentation fault occurred
Image              PC                Routine            Line        Source             
libc.so.6          00007FBC9625B050  Unknown               Unknown  Unknown
vasp_std           0000000000623EB4  Unknown               Unknown  Unknown
vasp_std           0000000000D3B8DF  Unknown               Unknown  Unknown
vasp_std           0000000000D6005D  Unknown               Unknown  Unknown
vasp_std           00000000012E0A73  Unknown               Unknown  Unknown
vasp_std           000000000040B1ED  Unknown               Unknown  Unknown
libc.so.6          00007FBC9624624A  Unknown               Unknown  Unknown
libc.so.6          00007FBC96246305  __libc_start_main     Unknown  Unknown
vasp_std           000000000040B101  Unknown               Unknown  Unknown
forrtl: severe (174): SIGSEGV, segmentation fault occurred
Image              PC                Routine            Line        Source             
libc.so.6          00007FF0D745B050  Unknown               Unknown  Unknown
vasp_std           0000000000623EB4  Unknown               Unknown  Unknown
vasp_std           0000000000D3B8DF  Unknown               Unknown  Unknown
vasp_std           0000000000D6005D  Unknown               Unknown  Unknown
vasp_std           00000000012E0A73  Unknown               Unknown  Unknown
vasp_std           000000000040B1ED  Unknown               Unknown  Unknown
libc.so.6          00007FF0D744624A  Unknown               Unknown  Unknown
libc.so.6          00007FF0D7446305  __libc_start_main     Unknown  Unknown
vasp_std           000000000040B101  Unknown               Unknown  Unknown
forrtl: severe (174): SIGSEGV, segmentation fault occurred
Image              PC                Routine            Line        Source             
libc.so.6          00007F86F6C5B050  Unknown               Unknown  Unknown
vasp_std           0000000000623EB4  Unknown               Unknown  Unknown
vasp_std           0000000000D3B8DF  Unknown               Unknown  Unknown
vasp_std           0000000000D6005D  Unknown               Unknown  Unknown
vasp_std           00000000012E0A73  Unknown               Unknown  Unknown
vasp_std           000000000040B1ED  Unknown               Unknown  Unknown
libc.so.6          00007F86F6C4624A  Unknown               Unknown  Unknown
libc.so.6          00007F86F6C46305  __libc_start_main     Unknown  Unknown
vasp_std           000000000040B101  Unknown               Unknown  Unknown
forrtl: severe (174): SIGSEGV, segmentation fault occurred
Image              PC                Routine            Line        Source             
libc.so.6          00007F7EC137C050  Unknown               Unknown  Unknown
vasp_std           0000000000623EB4  Unknown               Unknown  Unknown
vasp_std           0000000000D3B8DF  Unknown               Unknown  Unknown
vasp_std           0000000000D6005D  Unknown               Unknown  Unknown
vasp_std           00000000012E0A73  Unknown               Unknown  Unknown
vasp_std           000000000040B1ED  Unknown               Unknown  Unknown
libc.so.6          00007F7EC136724A  Unknown               Unknown  Unknown
libc.so.6          00007F7EC1367305  __libc_start_main     Unknown  Unknown
vasp_std           000000000040B101  Unknown               Unknown  Unknown
forrtl: severe (174): SIGSEGV, segmentation fault occurred
Image              PC                Routine            Line        Source             
libc.so.6          00007F978157C050  Unknown               Unknown  Unknown
vasp_std           0000000000623EB4  Unknown               Unknown  Unknown
vasp_std           0000000000D3B8DF  Unknown               Unknown  Unknown
vasp_std           0000000000D6005D  Unknown               Unknown  Unknown
vasp_std           00000000012E0A73  Unknown               Unknown  Unknown
vasp_std           000000000040B1ED  Unknown               Unknown  Unknown
libc.so.6          00007F978156724A  Unknown               Unknown  Unknown
libc.so.6          00007F9781567305  __libc_start_main     Unknown  Unknown
vasp_std           000000000040B101  Unknown               Unknown  Unknown
forrtl: severe (174): SIGSEGV, segmentation fault occurred
Image              PC                Routine            Line        Source             
libc.so.6          00007FB35EF7C050  Unknown               Unknown  Unknown
vasp_std           0000000000623EB4  Unknown               Unknown  Unknown
vasp_std           0000000000D3B8DF  Unknown               Unknown  Unknown
vasp_std           0000000000D6005D  Unknown               Unknown  Unknown
vasp_std           00000000012E0A73  Unknown               Unknown  Unknown
vasp_std           000000000040B1ED  Unknown               Unknown  Unknown
libc.so.6          00007FB35EF6724A  Unknown               Unknown  Unknown
libc.so.6          00007FB35EF67305  __libc_start_main     Unknown  Unknown
vasp_std           000000000040B101  Unknown               Unknown  Unknown
forrtl: severe (174): SIGSEGV, segmentation fault occurred
Image              PC                Routine            Line        Source             
libc.so.6          00007FFA16A5B050  Unknown               Unknown  Unknown
vasp_std           0000000000623EB4  Unknown               Unknown  Unknown
vasp_std           0000000000D3B8DF  Unknown               Unknown  Unknown
vasp_std           0000000000D6005D  Unknown               Unknown  Unknown
vasp_std           00000000012E0A73  Unknown               Unknown  Unknown
vasp_std           000000000040B1ED  Unknown               Unknown  Unknown
libc.so.6          00007FFA16A4624A  Unknown               Unknown  Unknown
libc.so.6          00007FFA16A46305  __libc_start_main     Unknown  Unknown
vasp_std           000000000040B101  Unknown               Unknown  Unknown
forrtl: severe (174): SIGSEGV, segmentation fault occurred
Image              PC                Routine            Line        Source             
libc.so.6          00007F8BD917C050  Unknown               Unknown  Unknown
vasp_std           0000000000623EB4  Unknown               Unknown  Unknown
vasp_std           0000000000D3B8DF  Unknown               Unknown  Unknown
vasp_std           0000000000D6005D  Unknown               Unknown  Unknown
vasp_std           00000000012E0A73  Unknown               Unknown  Unknown
vasp_std           000000000040B1ED  Unknown               Unknown  Unknown
libc.so.6          00007F8BD916724A  Unknown               Unknown  Unknown
libc.so.6          00007F8BD9167305  __libc_start_main     Unknown  Unknown
vasp_std           000000000040B101  Unknown               Unknown  Unknown
forrtl: severe (174): SIGSEGV, segmentation fault occurred
Image              PC                Routine            Line        Source             
libc.so.6          00007FF235D7C050  Unknown               Unknown  Unknown
vasp_std           0000000000623EB4  Unknown               Unknown  Unknown
vasp_std           0000000000D3B8DF  Unknown               Unknown  Unknown
vasp_std           0000000000D6005D  Unknown               Unknown  Unknown
vasp_std           00000000012E0A73  Unknown               Unknown  Unknown
vasp_std           000000000040B1ED  Unknown               Unknown  Unknown
libc.so.6          00007FF235D6724A  Unknown               Unknown  Unknown
libc.so.6          00007FF235D67305  __libc_start_main     Unknown  Unknown
vasp_std           000000000040B101  Unknown               Unknown  Unknown
forrtl: severe (174): SIGSEGV, segmentation fault occurred
Image              PC                Routine            Line        Source             
libc.so.6          00007FDF7285B050  Unknown               Unknown  Unknown
vasp_std           0000000000623EB4  Unknown               Unknown  Unknown
vasp_std           0000000000D3B8DF  Unknown               Unknown  Unknown
vasp_std           0000000000D6005D  Unknown               Unknown  Unknown
vasp_std           00000000012E0A73  Unknown               Unknown  Unknown
vasp_std           000000000040B1ED  Unknown               Unknown  Unknown
libc.so.6          00007FDF7284624A  Unknown               Unknown  Unknown
libc.so.6          00007FDF72846305  __libc_start_main     Unknown  Unknown
vasp_std           000000000040B101  Unknown               Unknown  Unknown
srun: error: et104: tasks 0-15: Exited with exit code 174
