-- The CXX compiler identification is GNU 12.2.0
-- The C compiler identification is GNU 12.2.0
-- Detecting CXX compiler ABI info
-- Detecting CXX compiler ABI info - done
-- Check for working CXX compiler: /home/software/openmpi-3.1.4/bin/mpicxx - skipped
-- Detecting CXX compile features
-- Detecting CXX compile features - done
-- Detecting C compiler ABI info
-- Detecting C compiler ABI info - done
-- Check for working C compiler: /usr/bin/cc - skipped
-- Detecting C compile features
-- Detecting C compile features - done
-- Found Git: /usr/bin/git (found version "2.39.5") 
-- Running check for auto-generated files from make-based build system
-- Found MPI_CXX: /home/software/openmpi-3.1.4/bin/mpicxx (found version "3.1") 
-- Found MPI: TRUE (found version "3.1") found components: CXX 
-- Looking for C++ include omp.h
-- Looking for C++ include omp.h - found
-- Found OpenMP_CXX: -fopenmp (found version "4.5") 
-- Found OpenMP: TRUE (found version "4.5") found components: CXX 
-- Found JPEG: /usr/lib/x86_64-linux-gnu/libjpeg.so (found version "62") 
-- Found PNG: /usr/lib/x86_64-linux-gnu/libpng.so (found version "1.6.39") 
-- Found ZLIB: /usr/lib/x86_64-linux-gnu/libz.so (found version "1.2.13")  
-- Found GZIP: /usr/bin/gzip  
-- Found FFMPEG: /usr/bin/ffmpeg  
-- Found Torch: /home/xh121/Li-vasp/external/libtorch-cpu/lib/libtorch.so  
-- Generating style headers...
-- Generating package headers...
-- Generating lmpinstalledpkgs.h...
-- Found Python: /home/xh121/anaconda3/bin/python3.12 (found version "3.12.2") found components: Interpreter 
-- Found Python3: /home/xh121/anaconda3/bin/python3.12 (found version "3.12.2") found components: Interpreter 
-- The following tools and libraries have been found and configured:
 * Git
 * MPI
 * OpenMP
 * JPEG
 * PNG
 * ZLIB
 * Caffe2
 * Torch
 * Python
 * Python3

-- <<< Build configuration >>>
   LAMMPS Version:   2025.9.10.0 4d222cb-modified
   Operating System: Linux Debian 12
   CMake Version:    3.26.1
   Build type:       Release
   Install path:     /home/xh121/Li-vasp/external/lammps-mace-cpu
   Generator:        Unix Makefiles using /usr/bin/gmake
-- Enabled packages: ML-MACE
-- <<< Compilers and Flags: >>>
-- C++ Compiler:     /home/software/openmpi-3.1.4/bin/mpicxx
      Type:          GNU
      Version:       12.2.0
      C++ Standard:  17
      C++ Flags:     -D_GLIBCXX_USE_CXX11_ABI=0 -O3 -DNDEBUG
      Defines:       LAMMPS_SMALLBIG;LAMMPS_MEMALIGN=64;LAMMPS_OMP_COMPAT=4;LAMMPS_JPEG;LAMMPS_PNG;LAMMPS_GZIP;LAMMPS_FFMPEG
-- C compiler:       /usr/bin/cc
      Type:          GNU
      Version:       12.2.0
      C Flags:       -O3 -DNDEBUG
-- <<< Linker flags: >>>
-- Executable name:  lmp
-- Shared library flags:    
-- <<< MPI flags >>>
-- MPI_defines:      MPICH_SKIP_MPICXX;OMPI_SKIP_MPICXX;_MPICC_H
-- MPI includes:     
-- MPI libraries:    ;
-- Configuring done (63.2s)
-- Generating done (1.2s)
-- Build files have been written to: /home/xh121/Li-vasp/external/lammps-mace-cpu-build
[  0%] Generating includes/lammps/domain.h
[  0%] Generating includes/lammps/update.h
[  2%] Generating includes/lammps/group.h
[  2%] Generating includes/lammps/error.h
[  2%] Generating includes/lammps/exceptions.h
[  2%] Generating includes/lammps/fix.h
[  2%] Generating includes/lammps/force.h
-- Git Directory: /home/xh121/Li-vasp/local_3060ti_runpack/external/lammps-mace/.git
[  2%] Built target domain.h
[  2%] Built target update.h
[  2%] Built target group.h
[  2%] Built target exceptions.h
[  2%] Built target error.h
[  2%] Built target force.h
[  2%] Built target fix.h
[  2%] Generating includes/lammps/angle.h
[  2%] Generating includes/lammps/utils.h
[  3%] Generating includes/lammps/atom.h
[  3%] Generating includes/lammps/fmt/core.h
[  3%] Generating includes/lammps/variable.h
[  3%] Generating includes/lammps/fmt/format.h
[  3%] Generating includes/lammps/bond.h
[  3%] Built target angle.h
[  3%] Built target utils.h
[  3%] Built target atom.h
[  3%] Built target fmt_core.h
[  3%] Built target bond.h
[  3%] Built target fmt_format.h
[  3%] Built target variable.h
[  3%] Generating includes/lammps/citeme.h
[  3%] Generating includes/lammps/comm.h
[  4%] Generating includes/lammps/command.h
[  4%] Generating includes/lammps/dihedral.h
[  4%] Generating includes/lammps/compute.h
[  4%] Generating includes/lammps/improper.h
[  5%] Generating includes/lammps/input.h
[  5%] Built target citeme.h
[  5%] Built target comm.h
[  5%] Built target compute.h
[  5%] Built target dihedral.h
[  5%] Built target command.h
[  5%] Built target improper.h
[  5%] Built target input.h
[  5%] Generating includes/lammps/info.h
[  5%] Generating includes/lammps/kspace.h
[  6%] Built target info.h
[  6%] Generating includes/lammps/library.h
[  6%] Generating includes/lammps/lattice.h
[  6%] Generating includes/lammps/lmptype.h
[  6%] Generating includes/lammps/lammps.h
[  6%] Generating includes/lammps/lmppython.h
[  6%] Built target kspace.h
[  6%] Built target library.h
[  6%] Built target lattice.h
[  6%] Built target lmptype.h
[  6%] Built target lmppython.h
[  6%] Built target lammps.h
[  6%] Generating includes/lammps/memory.h
[  7%] Generating includes/lammps/modify.h
[  7%] Generating includes/lammps/neighbor.h
[  7%] Built target memory.h
[  7%] Generating includes/lammps/neigh_list.h
[  7%] Generating includes/lammps/output.h
[  8%] Generating includes/lammps/pair.h
[  8%] Generating includes/lammps/platform.h
[  8%] Built target modify.h
[  8%] Built target neighbor.h
[  8%] Built target neigh_list.h
[  8%] Built target output.h
[  8%] Built target platform.h
[  8%] Generating includes/lammps/pointers.h
[  8%] Built target pair.h
[  8%] Generating includes/lammps/region.h
[  9%] Built target pointers.h
[  9%] Generating includes/lammps/timer.h
[  9%] Generating includes/lammps/universe.h
[  9%] Built target region.h
[  9%] Built target universe.h
[  9%] Built target timer.h
-- Generating lmpgitversion.h...
[  9%] Built target gitversion
[  9%] Building CXX object CMakeFiles/lammps.dir/home/xh121/Li-vasp/local_3060ti_runpack/external/lammps-mace/src/angle.cpp.o
[ 10%] Building CXX object CMakeFiles/lammps.dir/home/xh121/Li-vasp/local_3060ti_runpack/external/lammps-mace/src/angle_hybrid.cpp.o
[ 10%] Building CXX object CMakeFiles/lammps.dir/home/xh121/Li-vasp/local_3060ti_runpack/external/lammps-mace/src/angle_write.cpp.o
[ 10%] Building CXX object CMakeFiles/lammps.dir/home/xh121/Li-vasp/local_3060ti_runpack/external/lammps-mace/src/angle_deprecated.cpp.o
[ 10%] Building CXX object CMakeFiles/lammps.dir/home/xh121/Li-vasp/local_3060ti_runpack/external/lammps-mace/src/angle_zero.cpp.o
[ 11%] Building CXX object CMakeFiles/lammps.dir/home/xh121/Li-vasp/local_3060ti_runpack/external/lammps-mace/src/atom.cpp.o
[ 11%] Building CXX object CMakeFiles/lammps.dir/home/xh121/Li-vasp/local_3060ti_runpack/external/lammps-mace/src/atom_map.cpp.o
[ 11%] Building CXX object CMakeFiles/lammps.dir/home/xh121/Li-vasp/local_3060ti_runpack/external/lammps-mace/src/arg_info.cpp.o
[ 11%] Building CXX object CMakeFiles/lammps.dir/home/xh121/Li-vasp/local_3060ti_runpack/external/lammps-mace/src/atom_vec.cpp.o
[ 12%] Building CXX object CMakeFiles/lammps.dir/home/xh121/Li-vasp/local_3060ti_runpack/external/lammps-mace/src/atom_vec_atomic.cpp.o
[ 12%] Building CXX object CMakeFiles/lammps.dir/home/xh121/Li-vasp/local_3060ti_runpack/external/lammps-mace/src/atom_vec_body.cpp.o
[ 12%] Building CXX object CMakeFiles/lammps.dir/home/xh121/Li-vasp/local_3060ti_runpack/external/lammps-mace/src/atom_vec_charge.cpp.o
[ 12%] Building CXX object CMakeFiles/lammps.dir/home/xh121/Li-vasp/local_3060ti_runpack/external/lammps-mace/src/atom_vec_ellipsoid.cpp.o
[ 13%] Building CXX object CMakeFiles/lammps.dir/home/xh121/Li-vasp/local_3060ti_runpack/external/lammps-mace/src/atom_vec_hybrid.cpp.o
[ 13%] Building CXX object CMakeFiles/lammps.dir/home/xh121/Li-vasp/local_3060ti_runpack/external/lammps-mace/src/atom_vec_line.cpp.o
[ 13%] Building CXX object CMakeFiles/lammps.dir/home/xh121/Li-vasp/local_3060ti_runpack/external/lammps-mace/src/atom_vec_sphere.cpp.o
[ 13%] Building CXX object CMakeFiles/lammps.dir/home/xh121/Li-vasp/local_3060ti_runpack/external/lammps-mace/src/atom_vec_tri.cpp.o
[ 14%] Building CXX object CMakeFiles/lammps.dir/home/xh121/Li-vasp/local_3060ti_runpack/external/lammps-mace/src/balance.cpp.o
[ 14%] Building CXX object CMakeFiles/lammps.dir/home/xh121/Li-vasp/local_3060ti_runpack/external/lammps-mace/src/body.cpp.o
[ 14%] Building CXX object CMakeFiles/lammps.dir/home/xh121/Li-vasp/local_3060ti_runpack/external/lammps-mace/src/bond.cpp.o
[ 14%] Building CXX object CMakeFiles/lammps.dir/home/xh121/Li-vasp/local_3060ti_runpack/external/lammps-mace/src/bond_deprecated.cpp.o
[ 14%] Building CXX object CMakeFiles/lammps.dir/home/xh121/Li-vasp/local_3060ti_runpack/external/lammps-mace/src/bond_hybrid.cpp.o
[ 15%] Building CXX object CMakeFiles/lammps.dir/home/xh121/Li-vasp/local_3060ti_runpack/external/lammps-mace/src/bond_zero.cpp.o
[ 15%] Building CXX object CMakeFiles/lammps.dir/home/xh121/Li-vasp/local_3060ti_runpack/external/lammps-mace/src/change_box.cpp.o
[ 15%] Building CXX object CMakeFiles/lammps.dir/home/xh121/Li-vasp/local_3060ti_runpack/external/lammps-mace/src/citeme.cpp.o
[ 15%] Building CXX object CMakeFiles/lammps.dir/home/xh121/Li-vasp/local_3060ti_runpack/external/lammps-mace/src/comm.cpp.o
[ 16%] Building CXX object CMakeFiles/lammps.dir/home/xh121/Li-vasp/local_3060ti_runpack/external/lammps-mace/src/comm_brick.cpp.o
[ 16%] Building CXX object CMakeFiles/lammps.dir/home/xh121/Li-vasp/local_3060ti_runpack/external/lammps-mace/src/comm_tiled.cpp.o
[ 16%] Building CXX object CMakeFiles/lammps.dir/home/xh121/Li-vasp/local_3060ti_runpack/external/lammps-mace/src/compute.cpp.o
[ 16%] Building CXX object CMakeFiles/lammps.dir/home/xh121/Li-vasp/local_3060ti_runpack/external/lammps-mace/src/compute_aggregate_atom.cpp.o
[ 17%] Building CXX object CMakeFiles/lammps.dir/home/xh121/Li-vasp/local_3060ti_runpack/external/lammps-mace/src/compute_angle.cpp.o
[ 17%] Building CXX object CMakeFiles/lammps.dir/home/xh121/Li-vasp/local_3060ti_runpack/external/lammps-mace/src/compute_angle_local.cpp.o
[ 17%] Building CXX object CMakeFiles/lammps.dir/home/xh121/Li-vasp/local_3060ti_runpack/external/lammps-mace/src/compute_angmom_chunk.cpp.o
[ 17%] Building CXX object CMakeFiles/lammps.dir/home/xh121/Li-vasp/local_3060ti_runpack/external/lammps-mace/src/compute_bond.cpp.o
[ 18%] Building CXX object CMakeFiles/lammps.dir/home/xh121/Li-vasp/local_3060ti_runpack/external/lammps-mace/src/compute_bond_local.cpp.o
[ 18%] Building CXX object CMakeFiles/lammps.dir/home/xh121/Li-vasp/local_3060ti_runpack/external/lammps-mace/src/compute_centro_atom.cpp.o
[ 18%] Building CXX object CMakeFiles/lammps.dir/home/xh121/Li-vasp/local_3060ti_runpack/external/lammps-mace/src/compute_centroid_stress_atom.cpp.o
[ 18%] Building CXX object CMakeFiles/lammps.dir/home/xh121/Li-vasp/local_3060ti_runpack/external/lammps-mace/src/compute_chunk.cpp.o
[ 19%] Building CXX object CMakeFiles/lammps.dir/home/xh121/Li-vasp/local_3060ti_runpack/external/lammps-mace/src/compute_chunk_atom.cpp.o
[ 19%] Building CXX object CMakeFiles/lammps.dir/home/xh121/Li-vasp/local_3060ti_runpack/external/lammps-mace/src/compute_chunk_spread_atom.cpp.o
[ 19%] Building CXX object CMakeFiles/lammps.dir/home/xh121/Li-vasp/local_3060ti_runpack/external/lammps-mace/src/compute_cluster_atom.cpp.o
[ 19%] Building CXX object CMakeFiles/lammps.dir/home/xh121/Li-vasp/local_3060ti_runpack/external/lammps-mace/src/compute_cna_atom.cpp.o
[ 20%] Building CXX object CMakeFiles/lammps.dir/home/xh121/Li-vasp/local_3060ti_runpack/external/lammps-mace/src/compute_com.cpp.o
[ 20%] Building CXX object CMakeFiles/lammps.dir/home/xh121/Li-vasp/local_3060ti_runpack/external/lammps-mace/src/compute_com_chunk.cpp.o
[ 20%] Building CXX object CMakeFiles/lammps.dir/home/xh121/Li-vasp/local_3060ti_runpack/external/lammps-mace/src/compute_coord_atom.cpp.o
[ 20%] Building CXX object CMakeFiles/lammps.dir/home/xh121/Li-vasp/local_3060ti_runpack/external/lammps-mace/src/compute_count_type.cpp.o
[ 21%] Building CXX object CMakeFiles/lammps.dir/home/xh121/Li-vasp/local_3060ti_runpack/external/lammps-mace/src/compute_deprecated.cpp.o
[ 21%] Building CXX object CMakeFiles/lammps.dir/home/xh121/Li-vasp/local_3060ti_runpack/external/lammps-mace/src/compute_dihedral.cpp.o
[ 21%] Building CXX object CMakeFiles/lammps.dir/home/xh121/Li-vasp/local_3060ti_runpack/external/lammps-mace/src/compute_dihedral_local.cpp.o
[ 21%] Building CXX object CMakeFiles/lammps.dir/home/xh121/Li-vasp/local_3060ti_runpack/external/lammps-mace/src/compute_dipole.cpp.o
[ 22%] Building CXX object CMakeFiles/lammps.dir/home/xh121/Li-vasp/local_3060ti_runpack/external/lammps-mace/src/compute_dipole_chunk.cpp.o
[ 22%] Building CXX object CMakeFiles/lammps.dir/home/xh121/Li-vasp/local_3060ti_runpack/external/lammps-mace/src/compute_displace_atom.cpp.o
[ 22%] Building CXX object CMakeFiles/lammps.dir/home/xh121/Li-vasp/local_3060ti_runpack/external/lammps-mace/src/compute_erotate_sphere.cpp.o
[ 22%] Building CXX object CMakeFiles/lammps.dir/home/xh121/Li-vasp/local_3060ti_runpack/external/lammps-mace/src/compute_erotate_sphere_atom.cpp.o
[ 23%] Building CXX object CMakeFiles/lammps.dir/home/xh121/Li-vasp/local_3060ti_runpack/external/lammps-mace/src/compute_fragment_atom.cpp.o
[ 23%] Building CXX object CMakeFiles/lammps.dir/home/xh121/Li-vasp/local_3060ti_runpack/external/lammps-mace/src/compute_global_atom.cpp.o
[ 23%] Building CXX object CMakeFiles/lammps.dir/home/xh121/Li-vasp/local_3060ti_runpack/external/lammps-mace/src/compute_group_group.cpp.o
[ 23%] Building CXX object CMakeFiles/lammps.dir/home/xh121/Li-vasp/local_3060ti_runpack/external/lammps-mace/src/compute_gyration.cpp.o
[ 24%] Building CXX object CMakeFiles/lammps.dir/home/xh121/Li-vasp/local_3060ti_runpack/external/lammps-mace/src/compute_gyration_chunk.cpp.o
[ 24%] Building CXX object CMakeFiles/lammps.dir/home/xh121/Li-vasp/local_3060ti_runpack/external/lammps-mace/src/compute_heat_flux.cpp.o
[ 24%] Building CXX object CMakeFiles/lammps.dir/home/xh121/Li-vasp/local_3060ti_runpack/external/lammps-mace/src/compute_improper.cpp.o
[ 24%] Building CXX object CMakeFiles/lammps.dir/home/xh121/Li-vasp/local_3060ti_runpack/external/lammps-mace/src/compute_improper_local.cpp.o
[ 25%] Building CXX object CMakeFiles/lammps.dir/home/xh121/Li-vasp/local_3060ti_runpack/external/lammps-mace/src/compute_inertia_chunk.cpp.o
[ 25%] Building CXX object CMakeFiles/lammps.dir/home/xh121/Li-vasp/local_3060ti_runpack/external/lammps-mace/src/compute_ke.cpp.o
[ 25%] Building CXX object CMakeFiles/lammps.dir/home/xh121/Li-vasp/local_3060ti_runpack/external/lammps-mace/src/compute_ke_atom.cpp.o
[ 25%] Building CXX object CMakeFiles/lammps.dir/home/xh121/Li-vasp/local_3060ti_runpack/external/lammps-mace/src/compute_msd.cpp.o
[ 25%] Building CXX object CMakeFiles/lammps.dir/home/xh121/Li-vasp/local_3060ti_runpack/external/lammps-mace/src/compute_msd_chunk.cpp.o
[ 26%] Building CXX object CMakeFiles/lammps.dir/home/xh121/Li-vasp/local_3060ti_runpack/external/lammps-mace/src/compute_omega_chunk.cpp.o
[ 26%] Building CXX object CMakeFiles/lammps.dir/home/xh121/Li-vasp/local_3060ti_runpack/external/lammps-mace/src/compute_orientorder_atom.cpp.o
[ 26%] Building CXX object CMakeFiles/lammps.dir/home/xh121/Li-vasp/local_3060ti_runpack/external/lammps-mace/src/compute_pair.cpp.o
[ 26%] Building CXX object CMakeFiles/lammps.dir/home/xh121/Li-vasp/local_3060ti_runpack/external/lammps-mace/src/compute_pair_local.cpp.o
[ 27%] Building CXX object CMakeFiles/lammps.dir/home/xh121/Li-vasp/local_3060ti_runpack/external/lammps-mace/src/compute_pe.cpp.o
[ 27%] Building CXX object CMakeFiles/lammps.dir/home/xh121/Li-vasp/local_3060ti_runpack/external/lammps-mace/src/compute_pe_atom.cpp.o
[ 27%] Building CXX object CMakeFiles/lammps.dir/home/xh121/Li-vasp/local_3060ti_runpack/external/lammps-mace/src/compute_pressure.cpp.o
[ 27%] Building CXX object CMakeFiles/lammps.dir/home/xh121/Li-vasp/local_3060ti_runpack/external/lammps-mace/src/compute_property_atom.cpp.o
[ 28%] Building CXX object CMakeFiles/lammps.dir/home/xh121/Li-vasp/local_3060ti_runpack/external/lammps-mace/src/compute_property_chunk.cpp.o
[ 28%] Building CXX object CMakeFiles/lammps.dir/home/xh121/Li-vasp/local_3060ti_runpack/external/lammps-mace/src/compute_property_grid.cpp.o
[ 28%] Building CXX object CMakeFiles/lammps.dir/home/xh121/Li-vasp/local_3060ti_runpack/external/lammps-mace/src/compute_property_local.cpp.o
[ 28%] Building CXX object CMakeFiles/lammps.dir/home/xh121/Li-vasp/local_3060ti_runpack/external/lammps-mace/src/compute_rdf.cpp.o
[ 29%] Building CXX object CMakeFiles/lammps.dir/home/xh121/Li-vasp/local_3060ti_runpack/external/lammps-mace/src/compute_reduce.cpp.o
[ 29%] Building CXX object CMakeFiles/lammps.dir/home/xh121/Li-vasp/local_3060ti_runpack/external/lammps-mace/src/compute_reduce_chunk.cpp.o
[ 29%] Building CXX object CMakeFiles/lammps.dir/home/xh121/Li-vasp/local_3060ti_runpack/external/lammps-mace/src/compute_reduce_region.cpp.o
[ 29%] Building CXX object CMakeFiles/lammps.dir/home/xh121/Li-vasp/local_3060ti_runpack/external/lammps-mace/src/compute_slice.cpp.o
[ 30%] Building CXX object CMakeFiles/lammps.dir/home/xh121/Li-vasp/local_3060ti_runpack/external/lammps-mace/src/compute_stress_atom.cpp.o
[ 30%] Building CXX object CMakeFiles/lammps.dir/home/xh121/Li-vasp/local_3060ti_runpack/external/lammps-mace/src/compute_temp.cpp.o
[ 30%] Building CXX object CMakeFiles/lammps.dir/home/xh121/Li-vasp/local_3060ti_runpack/external/lammps-mace/src/compute_temp_chunk.cpp.o
[ 30%] Building CXX object CMakeFiles/lammps.dir/home/xh121/Li-vasp/local_3060ti_runpack/external/lammps-mace/src/compute_temp_com.cpp.o
[ 31%] Building CXX object CMakeFiles/lammps.dir/home/xh121/Li-vasp/local_3060ti_runpack/external/lammps-mace/src/compute_temp_deform.cpp.o
[ 31%] Building CXX object CMakeFiles/lammps.dir/home/xh121/Li-vasp/local_3060ti_runpack/external/lammps-mace/src/compute_temp_partial.cpp.o
[ 31%] Building CXX object CMakeFiles/lammps.dir/home/xh121/Li-vasp/local_3060ti_runpack/external/lammps-mace/src/compute_temp_profile.cpp.o
[ 31%] Building CXX object CMakeFiles/lammps.dir/home/xh121/Li-vasp/local_3060ti_runpack/external/lammps-mace/src/compute_temp_ramp.cpp.o
[ 32%] Building CXX object CMakeFiles/lammps.dir/home/xh121/Li-vasp/local_3060ti_runpack/external/lammps-mace/src/compute_temp_region.cpp.o
[ 32%] Building CXX object CMakeFiles/lammps.dir/home/xh121/Li-vasp/local_3060ti_runpack/external/lammps-mace/src/compute_temp_sphere.cpp.o
[ 32%] Building CXX object CMakeFiles/lammps.dir/home/xh121/Li-vasp/local_3060ti_runpack/external/lammps-mace/src/compute_torque_chunk.cpp.o
[ 32%] Building CXX object CMakeFiles/lammps.dir/home/xh121/Li-vasp/local_3060ti_runpack/external/lammps-mace/src/compute_vacf.cpp.o
[ 33%] Building CXX object CMakeFiles/lammps.dir/home/xh121/Li-vasp/local_3060ti_runpack/external/lammps-mace/src/compute_vacf_chunk.cpp.o
[ 33%] Building CXX object CMakeFiles/lammps.dir/home/xh121/Li-vasp/local_3060ti_runpack/external/lammps-mace/src/compute_vcm_chunk.cpp.o
[ 33%] Building CXX object CMakeFiles/lammps.dir/home/xh121/Li-vasp/local_3060ti_runpack/external/lammps-mace/src/create_atoms.cpp.o
[ 33%] Building CXX object CMakeFiles/lammps.dir/home/xh121/Li-vasp/local_3060ti_runpack/external/lammps-mace/src/create_bonds.cpp.o
[ 34%] Building CXX object CMakeFiles/lammps.dir/home/xh121/Li-vasp/local_3060ti_runpack/external/lammps-mace/src/create_box.cpp.o
[ 34%] Building CXX object CMakeFiles/lammps.dir/home/xh121/Li-vasp/local_3060ti_runpack/external/lammps-mace/src/delete_atoms.cpp.o
[ 34%] Building CXX object CMakeFiles/lammps.dir/home/xh121/Li-vasp/local_3060ti_runpack/external/lammps-mace/src/delete_bonds.cpp.o
[ 34%] Building CXX object CMakeFiles/lammps.dir/home/xh121/Li-vasp/local_3060ti_runpack/external/lammps-mace/src/deprecated.cpp.o
[ 35%] Building CXX object CMakeFiles/lammps.dir/home/xh121/Li-vasp/local_3060ti_runpack/external/lammps-mace/src/dihedral.cpp.o
[ 35%] Building CXX object CMakeFiles/lammps.dir/home/xh121/Li-vasp/local_3060ti_runpack/external/lammps-mace/src/dihedral_deprecated.cpp.o
[ 35%] Building CXX object CMakeFiles/lammps.dir/home/xh121/Li-vasp/local_3060ti_runpack/external/lammps-mace/src/dihedral_hybrid.cpp.o
[ 35%] Building CXX object CMakeFiles/lammps.dir/home/xh121/Li-vasp/local_3060ti_runpack/external/lammps-mace/src/dihedral_write.cpp.o
[ 36%] Building CXX object CMakeFiles/lammps.dir/home/xh121/Li-vasp/local_3060ti_runpack/external/lammps-mace/src/dihedral_zero.cpp.o
[ 36%] Building CXX object CMakeFiles/lammps.dir/home/xh121/Li-vasp/local_3060ti_runpack/external/lammps-mace/src/displace_atoms.cpp.o
[ 36%] Building CXX object CMakeFiles/lammps.dir/home/xh121/Li-vasp/local_3060ti_runpack/external/lammps-mace/src/domain.cpp.o
[ 36%] Building CXX object CMakeFiles/lammps.dir/home/xh121/Li-vasp/local_3060ti_runpack/external/lammps-mace/src/dump.cpp.o
[ 36%] Building CXX object CMakeFiles/lammps.dir/home/xh121/Li-vasp/local_3060ti_runpack/external/lammps-mace/src/dump_atom.cpp.o
[ 37%] Building CXX object CMakeFiles/lammps.dir/home/xh121/Li-vasp/local_3060ti_runpack/external/lammps-mace/src/dump_cfg.cpp.o
[ 37%] Building CXX object CMakeFiles/lammps.dir/home/xh121/Li-vasp/local_3060ti_runpack/external/lammps-mace/src/dump_custom.cpp.o
[ 37%] Building CXX object CMakeFiles/lammps.dir/home/xh121/Li-vasp/local_3060ti_runpack/external/lammps-mace/src/dump_deprecated.cpp.o
[ 37%] Building CXX object CMakeFiles/lammps.dir/home/xh121/Li-vasp/local_3060ti_runpack/external/lammps-mace/src/dump_grid.cpp.o
[ 38%] Building CXX object CMakeFiles/lammps.dir/home/xh121/Li-vasp/local_3060ti_runpack/external/lammps-mace/src/dump_grid_vtk.cpp.o
[ 38%] Building CXX object CMakeFiles/lammps.dir/home/xh121/Li-vasp/local_3060ti_runpack/external/lammps-mace/src/dump_image.cpp.o
[ 38%] Building CXX object CMakeFiles/lammps.dir/home/xh121/Li-vasp/local_3060ti_runpack/external/lammps-mace/src/dump_local.cpp.o
[ 38%] Building CXX object CMakeFiles/lammps.dir/home/xh121/Li-vasp/local_3060ti_runpack/external/lammps-mace/src/dump_movie.cpp.o
[ 39%] Building CXX object CMakeFiles/lammps.dir/home/xh121/Li-vasp/local_3060ti_runpack/external/lammps-mace/src/dump_xyz.cpp.o
[ 39%] Building CXX object CMakeFiles/lammps.dir/home/xh121/Li-vasp/local_3060ti_runpack/external/lammps-mace/src/error.cpp.o
[ 39%] Building CXX object CMakeFiles/lammps.dir/home/xh121/Li-vasp/local_3060ti_runpack/external/lammps-mace/src/finish.cpp.o
[ 39%] Building CXX object CMakeFiles/lammps.dir/home/xh121/Li-vasp/local_3060ti_runpack/external/lammps-mace/src/fix.cpp.o
[ 40%] Building CXX object CMakeFiles/lammps.dir/home/xh121/Li-vasp/local_3060ti_runpack/external/lammps-mace/src/fix_adapt.cpp.o
[ 40%] Building CXX object CMakeFiles/lammps.dir/home/xh121/Li-vasp/local_3060ti_runpack/external/lammps-mace/src/fix_addforce.cpp.o
[ 40%] Building CXX object CMakeFiles/lammps.dir/home/xh121/Li-vasp/local_3060ti_runpack/external/lammps-mace/src/fix_ave_atom.cpp.o
[ 40%] Building CXX object CMakeFiles/lammps.dir/home/xh121/Li-vasp/local_3060ti_runpack/external/lammps-mace/src/fix_ave_chunk.cpp.o
[ 41%] Building CXX object CMakeFiles/lammps.dir/home/xh121/Li-vasp/local_3060ti_runpack/external/lammps-mace/src/fix_ave_correlate.cpp.o
[ 41%] Building CXX object CMakeFiles/lammps.dir/home/xh121/Li-vasp/local_3060ti_runpack/external/lammps-mace/src/fix_ave_grid.cpp.o
[ 41%] Building CXX object CMakeFiles/lammps.dir/home/xh121/Li-vasp/local_3060ti_runpack/external/lammps-mace/src/fix_ave_histo_weight.cpp.o
[ 41%] Building CXX object CMakeFiles/lammps.dir/home/xh121/Li-vasp/local_3060ti_runpack/external/lammps-mace/src/fix_ave_histo.cpp.o
[ 42%] Building CXX object CMakeFiles/lammps.dir/home/xh121/Li-vasp/local_3060ti_runpack/external/lammps-mace/src/fix_ave_time.cpp.o
[ 42%] Building CXX object CMakeFiles/lammps.dir/home/xh121/Li-vasp/local_3060ti_runpack/external/lammps-mace/src/fix_aveforce.cpp.o
[ 42%] Building CXX object CMakeFiles/lammps.dir/home/xh121/Li-vasp/local_3060ti_runpack/external/lammps-mace/src/fix_balance.cpp.o
[ 42%] Building CXX object CMakeFiles/lammps.dir/home/xh121/Li-vasp/local_3060ti_runpack/external/lammps-mace/src/fix_bond_history.cpp.o
[ 43%] Building CXX object CMakeFiles/lammps.dir/home/xh121/Li-vasp/local_3060ti_runpack/external/lammps-mace/src/fix_box_relax.cpp.o
[ 43%] Building CXX object CMakeFiles/lammps.dir/home/xh121/Li-vasp/local_3060ti_runpack/external/lammps-mace/src/fix_deform.cpp.o
[ 43%] Building CXX object CMakeFiles/lammps.dir/home/xh121/Li-vasp/local_3060ti_runpack/external/lammps-mace/src/fix_deposit.cpp.o
[ 43%] Building CXX object CMakeFiles/lammps.dir/home/xh121/Li-vasp/local_3060ti_runpack/external/lammps-mace/src/fix_deprecated.cpp.o
[ 44%] Building CXX object CMakeFiles/lammps.dir/home/xh121/Li-vasp/local_3060ti_runpack/external/lammps-mace/src/fix_dt_reset.cpp.o
[ 44%] Building CXX object CMakeFiles/lammps.dir/home/xh121/Li-vasp/local_3060ti_runpack/external/lammps-mace/src/fix_dummy.cpp.o
[ 44%] Building CXX object CMakeFiles/lammps.dir/home/xh121/Li-vasp/local_3060ti_runpack/external/lammps-mace/src/fix_efield.cpp.o
[ 44%] Building CXX object CMakeFiles/lammps.dir/home/xh121/Li-vasp/local_3060ti_runpack/external/lammps-mace/src/fix_enforce2d.cpp.o
[ 45%] Building CXX object CMakeFiles/lammps.dir/home/xh121/Li-vasp/local_3060ti_runpack/external/lammps-mace/src/fix_evaporate.cpp.o
[ 45%] Building CXX object CMakeFiles/lammps.dir/home/xh121/Li-vasp/local_3060ti_runpack/external/lammps-mace/src/fix_external.cpp.o
[ 45%] Building CXX object CMakeFiles/lammps.dir/home/xh121/Li-vasp/local_3060ti_runpack/external/lammps-mace/src/fix_gravity.cpp.o
[ 45%] Building CXX object CMakeFiles/lammps.dir/home/xh121/Li-vasp/local_3060ti_runpack/external/lammps-mace/src/fix_group.cpp.o
[ 46%] Building CXX object CMakeFiles/lammps.dir/home/xh121/Li-vasp/local_3060ti_runpack/external/lammps-mace/src/fix_halt.cpp.o
[ 46%] Building CXX object CMakeFiles/lammps.dir/home/xh121/Li-vasp/local_3060ti_runpack/external/lammps-mace/src/fix_heat.cpp.o
[ 46%] Building CXX object CMakeFiles/lammps.dir/home/xh121/Li-vasp/local_3060ti_runpack/external/lammps-mace/src/fix_indent.cpp.o
[ 46%] Building CXX object CMakeFiles/lammps.dir/home/xh121/Li-vasp/local_3060ti_runpack/external/lammps-mace/src/fix_langevin.cpp.o
[ 47%] Building CXX object CMakeFiles/lammps.dir/home/xh121/Li-vasp/local_3060ti_runpack/external/lammps-mace/src/fix_lineforce.cpp.o
[ 47%] Building CXX object CMakeFiles/lammps.dir/home/xh121/Li-vasp/local_3060ti_runpack/external/lammps-mace/src/fix_minimize.cpp.o
[ 47%] Building CXX object CMakeFiles/lammps.dir/home/xh121/Li-vasp/local_3060ti_runpack/external/lammps-mace/src/fix_momentum.cpp.o
[ 47%] Building CXX object CMakeFiles/lammps.dir/home/xh121/Li-vasp/local_3060ti_runpack/external/lammps-mace/src/fix_move.cpp.o
[ 47%] Building CXX object CMakeFiles/lammps.dir/home/xh121/Li-vasp/local_3060ti_runpack/external/lammps-mace/src/fix_neigh_history.cpp.o
[ 48%] Building CXX object CMakeFiles/lammps.dir/home/xh121/Li-vasp/local_3060ti_runpack/external/lammps-mace/src/fix_nh.cpp.o
[ 48%] Building CXX object CMakeFiles/lammps.dir/home/xh121/Li-vasp/local_3060ti_runpack/external/lammps-mace/src/fix_nh_sphere.cpp.o
[ 48%] Building CXX object CMakeFiles/lammps.dir/home/xh121/Li-vasp/local_3060ti_runpack/external/lammps-mace/src/fix_nph.cpp.o
[ 48%] Building CXX object CMakeFiles/lammps.dir/home/xh121/Li-vasp/local_3060ti_runpack/external/lammps-mace/src/fix_nph_sphere.cpp.o
[ 50%] Building CXX object CMakeFiles/lammps.dir/home/xh121/Li-vasp/local_3060ti_runpack/external/lammps-mace/src/fix_npt.cpp.o
[ 50%] Building CXX object CMakeFiles/lammps.dir/home/xh121/Li-vasp/local_3060ti_runpack/external/lammps-mace/src/fix_npt_sphere.cpp.o
[ 50%] Building CXX object CMakeFiles/lammps.dir/home/xh121/Li-vasp/local_3060ti_runpack/external/lammps-mace/src/fix_nve.cpp.o
[ 50%] Building CXX object CMakeFiles/lammps.dir/home/xh121/Li-vasp/local_3060ti_runpack/external/lammps-mace/src/fix_nve_limit.cpp.o
[ 51%] Building CXX object CMakeFiles/lammps.dir/home/xh121/Li-vasp/local_3060ti_runpack/external/lammps-mace/src/fix_nve_noforce.cpp.o
[ 51%] Building CXX object CMakeFiles/lammps.dir/home/xh121/Li-vasp/local_3060ti_runpack/external/lammps-mace/src/fix_nve_sphere.cpp.o
[ 51%] Building CXX object CMakeFiles/lammps.dir/home/xh121/Li-vasp/local_3060ti_runpack/external/lammps-mace/src/fix_nvt.cpp.o
[ 51%] Building CXX object CMakeFiles/lammps.dir/home/xh121/Li-vasp/local_3060ti_runpack/external/lammps-mace/src/fix_nvt_sllod.cpp.o
[ 52%] Building CXX object CMakeFiles/lammps.dir/home/xh121/Li-vasp/local_3060ti_runpack/external/lammps-mace/src/fix_nvt_sphere.cpp.o
[ 52%] Building CXX object CMakeFiles/lammps.dir/home/xh121/Li-vasp/local_3060ti_runpack/external/lammps-mace/src/fix_pair.cpp.o
[ 52%] Building CXX object CMakeFiles/lammps.dir/home/xh121/Li-vasp/local_3060ti_runpack/external/lammps-mace/src/fix_planeforce.cpp.o
[ 52%] Building CXX object CMakeFiles/lammps.dir/home/xh121/Li-vasp/local_3060ti_runpack/external/lammps-mace/src/fix_press_berendsen.cpp.o
[ 53%] Building CXX object CMakeFiles/lammps.dir/home/xh121/Li-vasp/local_3060ti_runpack/external/lammps-mace/src/fix_press_langevin.cpp.o
[ 53%] Building CXX object CMakeFiles/lammps.dir/home/xh121/Li-vasp/local_3060ti_runpack/external/lammps-mace/src/fix_print.cpp.o
[ 53%] Building CXX object CMakeFiles/lammps.dir/home/xh121/Li-vasp/local_3060ti_runpack/external/lammps-mace/src/fix_property_atom.cpp.o
[ 53%] Building CXX object CMakeFiles/lammps.dir/home/xh121/Li-vasp/local_3060ti_runpack/external/lammps-mace/src/fix_read_restart.cpp.o
[ 54%] Building CXX object CMakeFiles/lammps.dir/home/xh121/Li-vasp/local_3060ti_runpack/external/lammps-mace/src/fix_recenter.cpp.o
[ 54%] Building CXX object CMakeFiles/lammps.dir/home/xh121/Li-vasp/local_3060ti_runpack/external/lammps-mace/src/fix_respa.cpp.o
[ 54%] Building CXX object CMakeFiles/lammps.dir/home/xh121/Li-vasp/local_3060ti_runpack/external/lammps-mace/src/fix_restrain.cpp.o
[ 54%] Building CXX object CMakeFiles/lammps.dir/home/xh121/Li-vasp/local_3060ti_runpack/external/lammps-mace/src/fix_set.cpp.o
[ 55%] Building CXX object CMakeFiles/lammps.dir/home/xh121/Li-vasp/local_3060ti_runpack/external/lammps-mace/src/fix_setforce.cpp.o
[ 55%] Building CXX object CMakeFiles/lammps.dir/home/xh121/Li-vasp/local_3060ti_runpack/external/lammps-mace/src/fix_spring.cpp.o
[ 55%] Building CXX object CMakeFiles/lammps.dir/home/xh121/Li-vasp/local_3060ti_runpack/external/lammps-mace/src/fix_spring_chunk.cpp.o
[ 55%] Building CXX object CMakeFiles/lammps.dir/home/xh121/Li-vasp/local_3060ti_runpack/external/lammps-mace/src/fix_spring_self.cpp.o
[ 56%] Building CXX object CMakeFiles/lammps.dir/home/xh121/Li-vasp/local_3060ti_runpack/external/lammps-mace/src/fix_store_atom.cpp.o
[ 56%] Building CXX object CMakeFiles/lammps.dir/home/xh121/Li-vasp/local_3060ti_runpack/external/lammps-mace/src/fix_store_force.cpp.o
[ 56%] Building CXX object CMakeFiles/lammps.dir/home/xh121/Li-vasp/local_3060ti_runpack/external/lammps-mace/src/fix_store_global.cpp.o
[ 56%] Building CXX object CMakeFiles/lammps.dir/home/xh121/Li-vasp/local_3060ti_runpack/external/lammps-mace/src/fix_store_local.cpp.o
[ 57%] Building CXX object CMakeFiles/lammps.dir/home/xh121/Li-vasp/local_3060ti_runpack/external/lammps-mace/src/fix_store_state.cpp.o
[ 57%] Building CXX object CMakeFiles/lammps.dir/home/xh121/Li-vasp/local_3060ti_runpack/external/lammps-mace/src/fix_temp_berendsen.cpp.o
[ 57%] Building CXX object CMakeFiles/lammps.dir/home/xh121/Li-vasp/local_3060ti_runpack/external/lammps-mace/src/fix_temp_rescale.cpp.o
[ 57%] Building CXX object CMakeFiles/lammps.dir/home/xh121/Li-vasp/local_3060ti_runpack/external/lammps-mace/src/fix_thermal_conductivity.cpp.o
[ 58%] Building CXX object CMakeFiles/lammps.dir/home/xh121/Li-vasp/local_3060ti_runpack/external/lammps-mace/src/fix_vector.cpp.o
[ 58%] Building CXX object CMakeFiles/lammps.dir/home/xh121/Li-vasp/local_3060ti_runpack/external/lammps-mace/src/fix_viscous.cpp.o
[ 58%] Building CXX object CMakeFiles/lammps.dir/home/xh121/Li-vasp/local_3060ti_runpack/external/lammps-mace/src/fix_wall.cpp.o
[ 58%] Building CXX object CMakeFiles/lammps.dir/home/xh121/Li-vasp/local_3060ti_runpack/external/lammps-mace/src/fix_wall_harmonic.cpp.o
[ 59%] Building CXX object CMakeFiles/lammps.dir/home/xh121/Li-vasp/local_3060ti_runpack/external/lammps-mace/src/fix_wall_lj1043.cpp.o
[ 59%] Building CXX object CMakeFiles/lammps.dir/home/xh121/Li-vasp/local_3060ti_runpack/external/lammps-mace/src/fix_wall_lj126.cpp.o
[ 59%] Building CXX object CMakeFiles/lammps.dir/home/xh121/Li-vasp/local_3060ti_runpack/external/lammps-mace/src/fix_wall_lj93.cpp.o
[ 59%] Building CXX object CMakeFiles/lammps.dir/home/xh121/Li-vasp/local_3060ti_runpack/external/lammps-mace/src/fix_wall_morse.cpp.o
[ 59%] Building CXX object CMakeFiles/lammps.dir/home/xh121/Li-vasp/local_3060ti_runpack/external/lammps-mace/src/fix_wall_reflect.cpp.o
[ 60%] Building CXX object CMakeFiles/lammps.dir/home/xh121/Li-vasp/local_3060ti_runpack/external/lammps-mace/src/fix_wall_region.cpp.o
[ 60%] Building CXX object CMakeFiles/lammps.dir/home/xh121/Li-vasp/local_3060ti_runpack/external/lammps-mace/src/fix_wall_table.cpp.o
[ 60%] Building CXX object CMakeFiles/lammps.dir/home/xh121/Li-vasp/local_3060ti_runpack/external/lammps-mace/src/fmtlib_format.cpp.o
[ 60%] Building CXX object CMakeFiles/lammps.dir/home/xh121/Li-vasp/local_3060ti_runpack/external/lammps-mace/src/fmtlib_os.cpp.o
[ 61%] Building CXX object CMakeFiles/lammps.dir/home/xh121/Li-vasp/local_3060ti_runpack/external/lammps-mace/src/force.cpp.o
[ 61%] Building CXX object CMakeFiles/lammps.dir/home/xh121/Li-vasp/local_3060ti_runpack/external/lammps-mace/src/grid2d.cpp.o
[ 61%] Building CXX object CMakeFiles/lammps.dir/home/xh121/Li-vasp/local_3060ti_runpack/external/lammps-mace/src/grid3d.cpp.o
[ 61%] Building CXX object CMakeFiles/lammps.dir/home/xh121/Li-vasp/local_3060ti_runpack/external/lammps-mace/src/group.cpp.o
[ 62%] Building CXX object CMakeFiles/lammps.dir/home/xh121/Li-vasp/local_3060ti_runpack/external/lammps-mace/src/image.cpp.o
[ 62%] Building CXX object CMakeFiles/lammps.dir/home/xh121/Li-vasp/local_3060ti_runpack/external/lammps-mace/src/imbalance.cpp.o
[ 62%] Building CXX object CMakeFiles/lammps.dir/home/xh121/Li-vasp/local_3060ti_runpack/external/lammps-mace/src/imbalance_group.cpp.o
[ 62%] Building CXX object CMakeFiles/lammps.dir/home/xh121/Li-vasp/local_3060ti_runpack/external/lammps-mace/src/imbalance_neigh.cpp.o
[ 63%] Building CXX object CMakeFiles/lammps.dir/home/xh121/Li-vasp/local_3060ti_runpack/external/lammps-mace/src/imbalance_store.cpp.o
[ 63%] Building CXX object CMakeFiles/lammps.dir/home/xh121/Li-vasp/local_3060ti_runpack/external/lammps-mace/src/imbalance_time.cpp.o
[ 63%] Building CXX object CMakeFiles/lammps.dir/home/xh121/Li-vasp/local_3060ti_runpack/external/lammps-mace/src/imbalance_var.cpp.o
[ 63%] Building CXX object CMakeFiles/lammps.dir/home/xh121/Li-vasp/local_3060ti_runpack/external/lammps-mace/src/improper.cpp.o
[ 64%] Building CXX object CMakeFiles/lammps.dir/home/xh121/Li-vasp/local_3060ti_runpack/external/lammps-mace/src/improper_deprecated.cpp.o
[ 64%] Building CXX object CMakeFiles/lammps.dir/home/xh121/Li-vasp/local_3060ti_runpack/external/lammps-mace/src/improper_hybrid.cpp.o
[ 64%] Building CXX object CMakeFiles/lammps.dir/home/xh121/Li-vasp/local_3060ti_runpack/external/lammps-mace/src/improper_zero.cpp.o
[ 64%] Building CXX object CMakeFiles/lammps.dir/home/xh121/Li-vasp/local_3060ti_runpack/external/lammps-mace/src/info.cpp.o
[ 64%] Building CXX object CMakeFiles/lammps.dir/home/xh121/Li-vasp/local_3060ti_runpack/external/lammps-mace/src/integrate.cpp.o
[ 65%] Building CXX object CMakeFiles/lammps.dir/home/xh121/Li-vasp/local_3060ti_runpack/external/lammps-mace/src/input.cpp.o
[ 65%] Building CXX object CMakeFiles/lammps.dir/home/xh121/Li-vasp/local_3060ti_runpack/external/lammps-mace/src/irregular.cpp.o
[ 65%] Building CXX object CMakeFiles/lammps.dir/home/xh121/Li-vasp/local_3060ti_runpack/external/lammps-mace/src/kspace.cpp.o
[ 66%] Building CXX object CMakeFiles/lammps.dir/home/xh121/Li-vasp/local_3060ti_runpack/external/lammps-mace/src/kspace_deprecated.cpp.o
[ 66%] Building CXX object CMakeFiles/lammps.dir/home/xh121/Li-vasp/local_3060ti_runpack/external/lammps-mace/src/kspace_zero.cpp.o
[ 66%] Building CXX object CMakeFiles/lammps.dir/home/xh121/Li-vasp/local_3060ti_runpack/external/lammps-mace/src/label_map.cpp.o
[ 66%] Building CXX object CMakeFiles/lammps.dir/home/xh121/Li-vasp/local_3060ti_runpack/external/lammps-mace/src/lammps.cpp.o
[ 67%] Building CXX object CMakeFiles/lammps.dir/home/xh121/Li-vasp/local_3060ti_runpack/external/lammps-mace/src/lattice.cpp.o
[ 67%] Building CXX object CMakeFiles/lammps.dir/home/xh121/Li-vasp/local_3060ti_runpack/external/lammps-mace/src/library.cpp.o
[ 67%] Building CXX object CMakeFiles/lammps.dir/home/xh121/Li-vasp/local_3060ti_runpack/external/lammps-mace/src/lmppython.cpp.o
[ 67%] Building CXX object CMakeFiles/lammps.dir/home/xh121/Li-vasp/local_3060ti_runpack/external/lammps-mace/src/math_eigen.cpp.o
[ 68%] Building CXX object CMakeFiles/lammps.dir/home/xh121/Li-vasp/local_3060ti_runpack/external/lammps-mace/src/math_extra.cpp.o
[ 68%] Building CXX object CMakeFiles/lammps.dir/home/xh121/Li-vasp/local_3060ti_runpack/external/lammps-mace/src/math_special.cpp.o
[ 68%] Building CXX object CMakeFiles/lammps.dir/home/xh121/Li-vasp/local_3060ti_runpack/external/lammps-mace/src/memory.cpp.o
[ 68%] Building CXX object CMakeFiles/lammps.dir/home/xh121/Li-vasp/local_3060ti_runpack/external/lammps-mace/src/min.cpp.o
[ 69%] Building CXX object CMakeFiles/lammps.dir/home/xh121/Li-vasp/local_3060ti_runpack/external/lammps-mace/src/min_cg.cpp.o
[ 69%] Building CXX object CMakeFiles/lammps.dir/home/xh121/Li-vasp/local_3060ti_runpack/external/lammps-mace/src/min_deprecated.cpp.o
[ 69%] Building CXX object CMakeFiles/lammps.dir/home/xh121/Li-vasp/local_3060ti_runpack/external/lammps-mace/src/min_fire.cpp.o
[ 69%] Building CXX object CMakeFiles/lammps.dir/home/xh121/Li-vasp/local_3060ti_runpack/external/lammps-mace/src/min_hftn.cpp.o
[ 70%] Building CXX object CMakeFiles/lammps.dir/home/xh121/Li-vasp/local_3060ti_runpack/external/lammps-mace/src/min_linesearch.cpp.o
[ 70%] Building CXX object CMakeFiles/lammps.dir/home/xh121/Li-vasp/local_3060ti_runpack/external/lammps-mace/src/min_quickmin.cpp.o
[ 70%] Building CXX object CMakeFiles/lammps.dir/home/xh121/Li-vasp/local_3060ti_runpack/external/lammps-mace/src/min_sd.cpp.o
[ 70%] Building CXX object CMakeFiles/lammps.dir/home/xh121/Li-vasp/local_3060ti_runpack/external/lammps-mace/src/minimize.cpp.o
[ 70%] Building CXX object CMakeFiles/lammps.dir/home/xh121/Li-vasp/local_3060ti_runpack/external/lammps-mace/src/modify.cpp.o
[ 71%] Building CXX object CMakeFiles/lammps.dir/home/xh121/Li-vasp/local_3060ti_runpack/external/lammps-mace/src/molecule.cpp.o
[ 71%] Building CXX object CMakeFiles/lammps.dir/home/xh121/Li-vasp/local_3060ti_runpack/external/lammps-mace/src/my_page.cpp.o
[ 71%] Building CXX object CMakeFiles/lammps.dir/home/xh121/Li-vasp/local_3060ti_runpack/external/lammps-mace/src/my_pool_chunk.cpp.o
[ 71%] Building CXX object CMakeFiles/lammps.dir/home/xh121/Li-vasp/local_3060ti_runpack/external/lammps-mace/src/nbin.cpp.o
[ 72%] Building CXX object CMakeFiles/lammps.dir/home/xh121/Li-vasp/local_3060ti_runpack/external/lammps-mace/src/nbin_multi.cpp.o
[ 72%] Building CXX object CMakeFiles/lammps.dir/home/xh121/Li-vasp/local_3060ti_runpack/external/lammps-mace/src/nbin_standard.cpp.o
[ 72%] Building CXX object CMakeFiles/lammps.dir/home/xh121/Li-vasp/local_3060ti_runpack/external/lammps-mace/src/neigh_list.cpp.o
[ 72%] Building CXX object CMakeFiles/lammps.dir/home/xh121/Li-vasp/local_3060ti_runpack/external/lammps-mace/src/neigh_request.cpp.o
[ 73%] Building CXX object CMakeFiles/lammps.dir/home/xh121/Li-vasp/local_3060ti_runpack/external/lammps-mace/src/neighbor.cpp.o
[ 73%] Building CXX object CMakeFiles/lammps.dir/home/xh121/Li-vasp/local_3060ti_runpack/external/lammps-mace/src/npair.cpp.o
[ 73%] Building CXX object CMakeFiles/lammps.dir/home/xh121/Li-vasp/local_3060ti_runpack/external/lammps-mace/src/npair_bin.cpp.o
[ 73%] Building CXX object CMakeFiles/lammps.dir/home/xh121/Li-vasp/local_3060ti_runpack/external/lammps-mace/src/npair_bin_ghost.cpp.o
[ 74%] Building CXX object CMakeFiles/lammps.dir/home/xh121/Li-vasp/local_3060ti_runpack/external/lammps-mace/src/npair_copy.cpp.o
[ 74%] Building CXX object CMakeFiles/lammps.dir/home/xh121/Li-vasp/local_3060ti_runpack/external/lammps-mace/src/npair_halffull.cpp.o
[ 74%] Building CXX object CMakeFiles/lammps.dir/home/xh121/Li-vasp/local_3060ti_runpack/external/lammps-mace/src/npair_multi.cpp.o
[ 74%] Building CXX object CMakeFiles/lammps.dir/home/xh121/Li-vasp/local_3060ti_runpack/external/lammps-mace/src/npair_nsq.cpp.o
[ 75%] Building CXX object CMakeFiles/lammps.dir/home/xh121/Li-vasp/local_3060ti_runpack/external/lammps-mace/src/npair_nsq_ghost.cpp.o
[ 75%] Building CXX object CMakeFiles/lammps.dir/home/xh121/Li-vasp/local_3060ti_runpack/external/lammps-mace/src/npair_respa_bin.cpp.o
[ 75%] Building CXX object CMakeFiles/lammps.dir/home/xh121/Li-vasp/local_3060ti_runpack/external/lammps-mace/src/npair_respa_nsq.cpp.o
[ 75%] Building CXX object CMakeFiles/lammps.dir/home/xh121/Li-vasp/local_3060ti_runpack/external/lammps-mace/src/npair_skip.cpp.o
[ 76%] Building CXX object CMakeFiles/lammps.dir/home/xh121/Li-vasp/local_3060ti_runpack/external/lammps-mace/src/npair_skip_respa.cpp.o
[ 76%] Building CXX object CMakeFiles/lammps.dir/home/xh121/Li-vasp/local_3060ti_runpack/external/lammps-mace/src/npair_skip_size_off2on.cpp.o
[ 76%] Building CXX object CMakeFiles/lammps.dir/home/xh121/Li-vasp/local_3060ti_runpack/external/lammps-mace/src/npair_skip_size_off2on_oneside.cpp.o
[ 76%] Building CXX object CMakeFiles/lammps.dir/home/xh121/Li-vasp/local_3060ti_runpack/external/lammps-mace/src/npair_trim.cpp.o
[ 77%] Building CXX object CMakeFiles/lammps.dir/home/xh121/Li-vasp/local_3060ti_runpack/external/lammps-mace/src/nstencil.cpp.o
[ 77%] Building CXX object CMakeFiles/lammps.dir/home/xh121/Li-vasp/local_3060ti_runpack/external/lammps-mace/src/nstencil_bin.cpp.o
[ 77%] Building CXX object CMakeFiles/lammps.dir/home/xh121/Li-vasp/local_3060ti_runpack/external/lammps-mace/src/nstencil_ghost_bin.cpp.o
[ 77%] Building CXX object CMakeFiles/lammps.dir/home/xh121/Li-vasp/local_3060ti_runpack/external/lammps-mace/src/nstencil_multi.cpp.o
[ 78%] Building CXX object CMakeFiles/lammps.dir/home/xh121/Li-vasp/local_3060ti_runpack/external/lammps-mace/src/ntopo.cpp.o
[ 78%] Building CXX object CMakeFiles/lammps.dir/home/xh121/Li-vasp/local_3060ti_runpack/external/lammps-mace/src/ntopo_angle_all.cpp.o
[ 78%] Building CXX object CMakeFiles/lammps.dir/home/xh121/Li-vasp/local_3060ti_runpack/external/lammps-mace/src/ntopo_angle_partial.cpp.o
[ 78%] Building CXX object CMakeFiles/lammps.dir/home/xh121/Li-vasp/local_3060ti_runpack/external/lammps-mace/src/ntopo_angle_template.cpp.o
[ 79%] Building CXX object CMakeFiles/lammps.dir/home/xh121/Li-vasp/local_3060ti_runpack/external/lammps-mace/src/ntopo_bond_all.cpp.o
[ 79%] Building CXX object CMakeFiles/lammps.dir/home/xh121/Li-vasp/local_3060ti_runpack/external/lammps-mace/src/ntopo_bond_partial.cpp.o
[ 79%] Building CXX object CMakeFiles/lammps.dir/home/xh121/Li-vasp/local_3060ti_runpack/external/lammps-mace/src/ntopo_bond_template.cpp.o
[ 79%] Building CXX object CMakeFiles/lammps.dir/home/xh121/Li-vasp/local_3060ti_runpack/external/lammps-mace/src/ntopo_dihedral_all.cpp.o
[ 80%] Building CXX object CMakeFiles/lammps.dir/home/xh121/Li-vasp/local_3060ti_runpack/external/lammps-mace/src/ntopo_dihedral_partial.cpp.o
[ 80%] Building CXX object CMakeFiles/lammps.dir/home/xh121/Li-vasp/local_3060ti_runpack/external/lammps-mace/src/ntopo_dihedral_template.cpp.o
[ 80%] Building CXX object CMakeFiles/lammps.dir/home/xh121/Li-vasp/local_3060ti_runpack/external/lammps-mace/src/ntopo_improper_all.cpp.o
[ 80%] Building CXX object CMakeFiles/lammps.dir/home/xh121/Li-vasp/local_3060ti_runpack/external/lammps-mace/src/ntopo_improper_partial.cpp.o
[ 81%] Building CXX object CMakeFiles/lammps.dir/home/xh121/Li-vasp/local_3060ti_runpack/external/lammps-mace/src/ntopo_improper_template.cpp.o
[ 81%] Building CXX object CMakeFiles/lammps.dir/home/xh121/Li-vasp/local_3060ti_runpack/external/lammps-mace/src/output.cpp.o
[ 81%] Building CXX object CMakeFiles/lammps.dir/home/xh121/Li-vasp/local_3060ti_runpack/external/lammps-mace/src/pair.cpp.o
[ 81%] Building CXX object CMakeFiles/lammps.dir/home/xh121/Li-vasp/local_3060ti_runpack/external/lammps-mace/src/pair_born.cpp.o
[ 81%] Building CXX object CMakeFiles/lammps.dir/home/xh121/Li-vasp/local_3060ti_runpack/external/lammps-mace/src/pair_buck.cpp.o
[ 82%] Building CXX object CMakeFiles/lammps.dir/home/xh121/Li-vasp/local_3060ti_runpack/external/lammps-mace/src/pair_buck_coul_cut.cpp.o
[ 82%] Building CXX object CMakeFiles/lammps.dir/home/xh121/Li-vasp/local_3060ti_runpack/external/lammps-mace/src/pair_coul_cut.cpp.o
[ 82%] Building CXX object CMakeFiles/lammps.dir/home/xh121/Li-vasp/local_3060ti_runpack/external/lammps-mace/src/pair_coul_debye.cpp.o
[ 82%] Building CXX object CMakeFiles/lammps.dir/home/xh121/Li-vasp/local_3060ti_runpack/external/lammps-mace/src/pair_coul_dsf.cpp.o
[ 83%] Building CXX object CMakeFiles/lammps.dir/home/xh121/Li-vasp/local_3060ti_runpack/external/lammps-mace/src/pair_coul_wolf.cpp.o
[ 83%] Building CXX object CMakeFiles/lammps.dir/home/xh121/Li-vasp/local_3060ti_runpack/external/lammps-mace/src/pair_deprecated.cpp.o
[ 83%] Building CXX object CMakeFiles/lammps.dir/home/xh121/Li-vasp/local_3060ti_runpack/external/lammps-mace/src/pair_hybrid.cpp.o
[ 83%] Building CXX object CMakeFiles/lammps.dir/home/xh121/Li-vasp/local_3060ti_runpack/external/lammps-mace/src/pair_hybrid_molecular.cpp.o
[ 84%] Building CXX object CMakeFiles/lammps.dir/home/xh121/Li-vasp/local_3060ti_runpack/external/lammps-mace/src/pair_hybrid_overlay.cpp.o
[ 84%] Building CXX object CMakeFiles/lammps.dir/home/xh121/Li-vasp/local_3060ti_runpack/external/lammps-mace/src/pair_hybrid_scaled.cpp.o
[ 84%] Building CXX object CMakeFiles/lammps.dir/home/xh121/Li-vasp/local_3060ti_runpack/external/lammps-mace/src/pair_lj_cut.cpp.o
[ 84%] Building CXX object CMakeFiles/lammps.dir/home/xh121/Li-vasp/local_3060ti_runpack/external/lammps-mace/src/pair_lj_cut_coul_cut.cpp.o
[ 85%] Building CXX object CMakeFiles/lammps.dir/home/xh121/Li-vasp/local_3060ti_runpack/external/lammps-mace/src/pair_lj_expand.cpp.o
[ 85%] Building CXX object CMakeFiles/lammps.dir/home/xh121/Li-vasp/local_3060ti_runpack/external/lammps-mace/src/pair_morse.cpp.o
[ 85%] Building CXX object CMakeFiles/lammps.dir/home/xh121/Li-vasp/local_3060ti_runpack/external/lammps-mace/src/pair_soft.cpp.o
[ 85%] Building CXX object CMakeFiles/lammps.dir/home/xh121/Li-vasp/local_3060ti_runpack/external/lammps-mace/src/pair_table.cpp.o
[ 86%] Building CXX object CMakeFiles/lammps.dir/home/xh121/Li-vasp/local_3060ti_runpack/external/lammps-mace/src/pair_yukawa.cpp.o
[ 86%] Building CXX object CMakeFiles/lammps.dir/home/xh121/Li-vasp/local_3060ti_runpack/external/lammps-mace/src/pair_zbl.cpp.o
[ 86%] Building CXX object CMakeFiles/lammps.dir/home/xh121/Li-vasp/local_3060ti_runpack/external/lammps-mace/src/pair_zero.cpp.o
[ 86%] Building CXX object CMakeFiles/lammps.dir/home/xh121/Li-vasp/local_3060ti_runpack/external/lammps-mace/src/platform.cpp.o
[ 87%] Building CXX object CMakeFiles/lammps.dir/home/xh121/Li-vasp/local_3060ti_runpack/external/lammps-mace/src/potential_file_reader.cpp.o
[ 87%] Building CXX object CMakeFiles/lammps.dir/home/xh121/Li-vasp/local_3060ti_runpack/external/lammps-mace/src/procmap.cpp.o
[ 87%] Building CXX object CMakeFiles/lammps.dir/home/xh121/Li-vasp/local_3060ti_runpack/external/lammps-mace/src/random_mars.cpp.o
[ 87%] Building CXX object CMakeFiles/lammps.dir/home/xh121/Li-vasp/local_3060ti_runpack/external/lammps-mace/src/random_park.cpp.o
[ 88%] Building CXX object CMakeFiles/lammps.dir/home/xh121/Li-vasp/local_3060ti_runpack/external/lammps-mace/src/rcb.cpp.o
[ 88%] Building CXX object CMakeFiles/lammps.dir/home/xh121/Li-vasp/local_3060ti_runpack/external/lammps-mace/src/read_data.cpp.o
[ 88%] Building CXX object CMakeFiles/lammps.dir/home/xh121/Li-vasp/local_3060ti_runpack/external/lammps-mace/src/read_dump.cpp.o
[ 88%] Building CXX object CMakeFiles/lammps.dir/home/xh121/Li-vasp/local_3060ti_runpack/external/lammps-mace/src/read_restart.cpp.o
[ 89%] Building CXX object CMakeFiles/lammps.dir/home/xh121/Li-vasp/local_3060ti_runpack/external/lammps-mace/src/reader.cpp.o
[ 89%] Building CXX object CMakeFiles/lammps.dir/home/xh121/Li-vasp/local_3060ti_runpack/external/lammps-mace/src/reader_native.cpp.o
[ 89%] Building CXX object CMakeFiles/lammps.dir/home/xh121/Li-vasp/local_3060ti_runpack/external/lammps-mace/src/reader_xyz.cpp.o
[ 89%] Building CXX object CMakeFiles/lammps.dir/home/xh121/Li-vasp/local_3060ti_runpack/external/lammps-mace/src/region.cpp.o
[ 90%] Building CXX object CMakeFiles/lammps.dir/home/xh121/Li-vasp/local_3060ti_runpack/external/lammps-mace/src/region_block.cpp.o
[ 90%] Building CXX object CMakeFiles/lammps.dir/home/xh121/Li-vasp/local_3060ti_runpack/external/lammps-mace/src/region_cone.cpp.o
[ 90%] Building CXX object CMakeFiles/lammps.dir/home/xh121/Li-vasp/local_3060ti_runpack/external/lammps-mace/src/region_cylinder.cpp.o
[ 90%] Building CXX object CMakeFiles/lammps.dir/home/xh121/Li-vasp/local_3060ti_runpack/external/lammps-mace/src/region_deprecated.cpp.o
[ 91%] Building CXX object CMakeFiles/lammps.dir/home/xh121/Li-vasp/local_3060ti_runpack/external/lammps-mace/src/region_ellipsoid.cpp.o
[ 91%] Building CXX object CMakeFiles/lammps.dir/home/xh121/Li-vasp/local_3060ti_runpack/external/lammps-mace/src/region_intersect.cpp.o
[ 91%] Building CXX object CMakeFiles/lammps.dir/home/xh121/Li-vasp/local_3060ti_runpack/external/lammps-mace/src/region_plane.cpp.o
[ 91%] Building CXX object CMakeFiles/lammps.dir/home/xh121/Li-vasp/local_3060ti_runpack/external/lammps-mace/src/region_prism.cpp.o
[ 92%] Building CXX object CMakeFiles/lammps.dir/home/xh121/Li-vasp/local_3060ti_runpack/external/lammps-mace/src/region_sphere.cpp.o
[ 92%] Building CXX object CMakeFiles/lammps.dir/home/xh121/Li-vasp/local_3060ti_runpack/external/lammps-mace/src/region_union.cpp.o
[ 92%] Building CXX object CMakeFiles/lammps.dir/home/xh121/Li-vasp/local_3060ti_runpack/external/lammps-mace/src/replicate.cpp.o
[ 92%] Building CXX object CMakeFiles/lammps.dir/home/xh121/Li-vasp/local_3060ti_runpack/external/lammps-mace/src/rerun.cpp.o
[ 92%] Building CXX object CMakeFiles/lammps.dir/home/xh121/Li-vasp/local_3060ti_runpack/external/lammps-mace/src/reset_atoms_id.cpp.o
[ 93%] Building CXX object CMakeFiles/lammps.dir/home/xh121/Li-vasp/local_3060ti_runpack/external/lammps-mace/src/reset_atoms_image.cpp.o
[ 93%] Building CXX object CMakeFiles/lammps.dir/home/xh121/Li-vasp/local_3060ti_runpack/external/lammps-mace/src/reset_atoms_mol.cpp.o
[ 93%] Building CXX object CMakeFiles/lammps.dir/home/xh121/Li-vasp/local_3060ti_runpack/external/lammps-mace/src/respa.cpp.o
[ 93%] Building CXX object CMakeFiles/lammps.dir/home/xh121/Li-vasp/local_3060ti_runpack/external/lammps-mace/src/run.cpp.o
[ 94%] Building CXX object CMakeFiles/lammps.dir/home/xh121/Li-vasp/local_3060ti_runpack/external/lammps-mace/src/set.cpp.o
[ 94%] Building CXX object CMakeFiles/lammps.dir/home/xh121/Li-vasp/local_3060ti_runpack/external/lammps-mace/src/special.cpp.o
[ 94%] Building CXX object CMakeFiles/lammps.dir/home/xh121/Li-vasp/local_3060ti_runpack/external/lammps-mace/src/table_file_reader.cpp.o
[ 94%] Building CXX object CMakeFiles/lammps.dir/home/xh121/Li-vasp/local_3060ti_runpack/external/lammps-mace/src/tabular_function.cpp.o
[ 95%] Building CXX object CMakeFiles/lammps.dir/home/xh121/Li-vasp/local_3060ti_runpack/external/lammps-mace/src/text_file_reader.cpp.o
[ 95%] Building CXX object CMakeFiles/lammps.dir/home/xh121/Li-vasp/local_3060ti_runpack/external/lammps-mace/src/thermo.cpp.o
[ 95%] Building CXX object CMakeFiles/lammps.dir/home/xh121/Li-vasp/local_3060ti_runpack/external/lammps-mace/src/timer.cpp.o
[ 95%] Building CXX object CMakeFiles/lammps.dir/home/xh121/Li-vasp/local_3060ti_runpack/external/lammps-mace/src/tokenizer.cpp.o
[ 96%] Building CXX object CMakeFiles/lammps.dir/home/xh121/Li-vasp/local_3060ti_runpack/external/lammps-mace/src/universe.cpp.o
[ 96%] Building CXX object CMakeFiles/lammps.dir/home/xh121/Li-vasp/local_3060ti_runpack/external/lammps-mace/src/update.cpp.o
[ 96%] Building CXX object CMakeFiles/lammps.dir/home/xh121/Li-vasp/local_3060ti_runpack/external/lammps-mace/src/utils.cpp.o
[ 96%] Building CXX object CMakeFiles/lammps.dir/home/xh121/Li-vasp/local_3060ti_runpack/external/lammps-mace/src/variable.cpp.o
[ 97%] Building CXX object CMakeFiles/lammps.dir/home/xh121/Li-vasp/local_3060ti_runpack/external/lammps-mace/src/velocity.cpp.o
[ 97%] Building CXX object CMakeFiles/lammps.dir/home/xh121/Li-vasp/local_3060ti_runpack/external/lammps-mace/src/verlet.cpp.o
[ 97%] Building CXX object CMakeFiles/lammps.dir/home/xh121/Li-vasp/local_3060ti_runpack/external/lammps-mace/src/write_coeff.cpp.o
[ 97%] Building CXX object CMakeFiles/lammps.dir/home/xh121/Li-vasp/local_3060ti_runpack/external/lammps-mace/src/write_data.cpp.o
[ 98%] Building CXX object CMakeFiles/lammps.dir/home/xh121/Li-vasp/local_3060ti_runpack/external/lammps-mace/src/write_dump.cpp.o
[ 98%] Building CXX object CMakeFiles/lammps.dir/home/xh121/Li-vasp/local_3060ti_runpack/external/lammps-mace/src/write_restart.cpp.o
[ 98%] Building CXX object CMakeFiles/lammps.dir/home/xh121/Li-vasp/local_3060ti_runpack/external/lammps-mace/src/ML-MACE/pair_mace.cpp.o
[ 98%] Linking CXX shared library liblammps.so
[ 98%] Built target lammps
[ 98%] Building CXX object CMakeFiles/lmp.dir/home/xh121/Li-vasp/local_3060ti_runpack/external/lammps-mace/src/main.cpp.o
[100%] Linking CXX executable lmp
[100%] Built target lmp
-- Install configuration: "Release"
-- Installing: /home/xh121/Li-vasp/external/lammps-mace-cpu/bin/lmp
-- Set runtime path of "/home/xh121/Li-vasp/external/lammps-mace-cpu/bin/lmp" to "/home/xh121/Li-vasp/external/lammps-mace-cpu/lib:/home/xh121/Li-vasp/external/libtorch-cpu/lib"
-- Installing: /home/xh121/Li-vasp/external/lammps-mace-cpu/include/lammps/angle.h
-- Installing: /home/xh121/Li-vasp/external/lammps-mace-cpu/include/lammps/atom.h
-- Installing: /home/xh121/Li-vasp/external/lammps-mace-cpu/include/lammps/bond.h
-- Installing: /home/xh121/Li-vasp/external/lammps-mace-cpu/include/lammps/citeme.h
-- Installing: /home/xh121/Li-vasp/external/lammps-mace-cpu/include/lammps/comm.h
-- Installing: /home/xh121/Li-vasp/external/lammps-mace-cpu/include/lammps/command.h
-- Installing: /home/xh121/Li-vasp/external/lammps-mace-cpu/include/lammps/compute.h
-- Installing: /home/xh121/Li-vasp/external/lammps-mace-cpu/include/lammps/dihedral.h
-- Installing: /home/xh121/Li-vasp/external/lammps-mace-cpu/include/lammps/domain.h
-- Installing: /home/xh121/Li-vasp/external/lammps-mace-cpu/include/lammps/error.h
-- Installing: /home/xh121/Li-vasp/external/lammps-mace-cpu/include/lammps/exceptions.h
-- Installing: /home/xh121/Li-vasp/external/lammps-mace-cpu/include/lammps/fix.h
-- Installing: /home/xh121/Li-vasp/external/lammps-mace-cpu/include/lammps/force.h
-- Installing: /home/xh121/Li-vasp/external/lammps-mace-cpu/include/lammps/group.h
-- Installing: /home/xh121/Li-vasp/external/lammps-mace-cpu/include/lammps/improper.h
-- Installing: /home/xh121/Li-vasp/external/lammps-mace-cpu/include/lammps/input.h
-- Installing: /home/xh121/Li-vasp/external/lammps-mace-cpu/include/lammps/info.h
-- Installing: /home/xh121/Li-vasp/external/lammps-mace-cpu/include/lammps/kspace.h
-- Installing: /home/xh121/Li-vasp/external/lammps-mace-cpu/include/lammps/lammps.h
-- Installing: /home/xh121/Li-vasp/external/lammps-mace-cpu/include/lammps/lattice.h
-- Installing: /home/xh121/Li-vasp/external/lammps-mace-cpu/include/lammps/library.h
-- Installing: /home/xh121/Li-vasp/external/lammps-mace-cpu/include/lammps/lmppython.h
-- Installing: /home/xh121/Li-vasp/external/lammps-mace-cpu/include/lammps/lmptype.h
-- Installing: /home/xh121/Li-vasp/external/lammps-mace-cpu/include/lammps/memory.h
-- Installing: /home/xh121/Li-vasp/external/lammps-mace-cpu/include/lammps/modify.h
-- Installing: /home/xh121/Li-vasp/external/lammps-mace-cpu/include/lammps/neighbor.h
-- Installing: /home/xh121/Li-vasp/external/lammps-mace-cpu/include/lammps/neigh_list.h
-- Installing: /home/xh121/Li-vasp/external/lammps-mace-cpu/include/lammps/output.h
-- Installing: /home/xh121/Li-vasp/external/lammps-mace-cpu/include/lammps/pair.h
-- Installing: /home/xh121/Li-vasp/external/lammps-mace-cpu/include/lammps/platform.h
-- Installing: /home/xh121/Li-vasp/external/lammps-mace-cpu/include/lammps/pointers.h
-- Installing: /home/xh121/Li-vasp/external/lammps-mace-cpu/include/lammps/region.h
-- Installing: /home/xh121/Li-vasp/external/lammps-mace-cpu/include/lammps/timer.h
-- Installing: /home/xh121/Li-vasp/external/lammps-mace-cpu/include/lammps/universe.h
-- Installing: /home/xh121/Li-vasp/external/lammps-mace-cpu/include/lammps/update.h
-- Installing: /home/xh121/Li-vasp/external/lammps-mace-cpu/include/lammps/utils.h
-- Installing: /home/xh121/Li-vasp/external/lammps-mace-cpu/include/lammps/variable.h
-- Installing: /home/xh121/Li-vasp/external/lammps-mace-cpu/include/lammps/fmt/core.h
-- Installing: /home/xh121/Li-vasp/external/lammps-mace-cpu/include/lammps/fmt/format.h
-- Installing: /home/xh121/Li-vasp/external/lammps-mace-cpu/lib/liblammps.so.0
-- Set runtime path of "/home/xh121/Li-vasp/external/lammps-mace-cpu/lib/liblammps.so.0" to "/home/xh121/Li-vasp/external/lammps-mace-cpu/lib:/home/xh121/Li-vasp/external/libtorch-cpu/lib"
-- Installing: /home/xh121/Li-vasp/external/lammps-mace-cpu/lib/liblammps.so
-- Installing: /home/xh121/Li-vasp/external/lammps-mace-cpu/lib/pkgconfig/liblammps.pc
-- Installing: /home/xh121/Li-vasp/external/lammps-mace-cpu/lib/cmake/LAMMPS/LAMMPS_Targets.cmake
-- Installing: /home/xh121/Li-vasp/external/lammps-mace-cpu/lib/cmake/LAMMPS/LAMMPS_Targets-release.cmake
-- Installing: /home/xh121/Li-vasp/external/lammps-mace-cpu/lib/cmake/LAMMPS/LAMMPSConfig.cmake
-- Installing: /home/xh121/Li-vasp/external/lammps-mace-cpu/lib/cmake/LAMMPS/LAMMPSConfigVersion.cmake
-- Installing: /home/xh121/Li-vasp/external/lammps-mace-cpu/share/man/man1/lmp.1
-- Installing: /home/xh121/Li-vasp/external/lammps-mace-cpu/share/lammps/bench
-- Installing: /home/xh121/Li-vasp/external/lammps-mace-cpu/share/lammps/bench/log.15Jul25.lj.fixed.g++.4
-- Installing: /home/xh121/Li-vasp/external/lammps-mace-cpu/share/lammps/bench/log.15Jul25.chain.scaled.g++.4
-- Installing: /home/xh121/Li-vasp/external/lammps-mace-cpu/share/lammps/bench/log.15Jul25.chute.scaled.g++.4
-- Installing: /home/xh121/Li-vasp/external/lammps-mace-cpu/share/lammps/bench/in.rhodo.scaled
-- Installing: /home/xh121/Li-vasp/external/lammps-mace-cpu/share/lammps/bench/README
-- Installing: /home/xh121/Li-vasp/external/lammps-mace-cpu/share/lammps/bench/in.eam
-- Installing: /home/xh121/Li-vasp/external/lammps-mace-cpu/share/lammps/bench/log.15Jul25.chute.fixed.g++.1
-- Installing: /home/xh121/Li-vasp/external/lammps-mace-cpu/share/lammps/bench/data.chain
-- Installing: /home/xh121/Li-vasp/external/lammps-mace-cpu/share/lammps/bench/in.chain
-- Installing: /home/xh121/Li-vasp/external/lammps-mace-cpu/share/lammps/bench/log.15Jul25.eam.fixed.g++.1
-- Installing: /home/xh121/Li-vasp/external/lammps-mace-cpu/share/lammps/bench/in.rhodo
-- Installing: /home/xh121/Li-vasp/external/lammps-mace-cpu/share/lammps/bench/log.15Jul25.lj.scaled.g++.4
-- Installing: /home/xh121/Li-vasp/external/lammps-mace-cpu/share/lammps/bench/data.rhodo
-- Installing: /home/xh121/Li-vasp/external/lammps-mace-cpu/share/lammps/bench/in.chute.scaled
-- Installing: /home/xh121/Li-vasp/external/lammps-mace-cpu/share/lammps/bench/in.chute
-- Installing: /home/xh121/Li-vasp/external/lammps-mace-cpu/share/lammps/bench/log.15Jul25.rhodo.fixed.g++.4
-- Installing: /home/xh121/Li-vasp/external/lammps-mace-cpu/share/lammps/bench/log.15Jul25.chain.fixed.g++.4
-- Installing: /home/xh121/Li-vasp/external/lammps-mace-cpu/share/lammps/bench/data.chute
-- Installing: /home/xh121/Li-vasp/external/lammps-mace-cpu/share/lammps/bench/Cu_u3.eam
-- Installing: /home/xh121/Li-vasp/external/lammps-mace-cpu/share/lammps/bench/log.15Jul25.eam.scaled.g++.4
-- Installing: /home/xh121/Li-vasp/external/lammps-mace-cpu/share/lammps/bench/POTENTIALS
-- Installing: /home/xh121/Li-vasp/external/lammps-mace-cpu/share/lammps/bench/POTENTIALS/log.9Oct20.airebo.4
-- Installing: /home/xh121/Li-vasp/external/lammps-mace-cpu/share/lammps/bench/POTENTIALS/log.9Oct20.dpd.4
-- Installing: /home/xh121/Li-vasp/external/lammps-mace-cpu/share/lammps/bench/POTENTIALS/log.9Oct20.tersoff.1
-- Installing: /home/xh121/Li-vasp/external/lammps-mace-cpu/share/lammps/bench/POTENTIALS/log.9Oct20.granular.1
-- Installing: /home/xh121/Li-vasp/external/lammps-mace-cpu/share/lammps/bench/POTENTIALS/log.9Oct20.lj.1
-- Installing: /home/xh121/Li-vasp/external/lammps-mace-cpu/share/lammps/bench/POTENTIALS/data.comb
-- Installing: /home/xh121/Li-vasp/external/lammps-mace-cpu/share/lammps/bench/POTENTIALS/data.spce
-- Installing: /home/xh121/Li-vasp/external/lammps-mace-cpu/share/lammps/bench/POTENTIALS/log.9Oct20.fene.4
-- Installing: /home/xh121/Li-vasp/external/lammps-mace-cpu/share/lammps/bench/POTENTIALS/log.9Oct20.comb.4
-- Installing: /home/xh121/Li-vasp/external/lammps-mace-cpu/share/lammps/bench/POTENTIALS/in.peri
-- Installing: /home/xh121/Li-vasp/external/lammps-mace-cpu/share/lammps/bench/POTENTIALS/log.9Oct20.rebo.1
-- Installing: /home/xh121/Li-vasp/external/lammps-mace-cpu/share/lammps/bench/POTENTIALS/log.9Oct20.eff.4
-- Installing: /home/xh121/Li-vasp/external/lammps-mace-cpu/share/lammps/bench/POTENTIALS/Cu_u3.eam
-- Installing: /home/xh121/Li-vasp/external/lammps-mace-cpu/share/lammps/bench/POTENTIALS/log.9Oct20.peri.1
-- Installing: /home/xh121/Li-vasp/external/lammps-mace-cpu/share/lammps/bench/POTENTIALS/Si.tersoff
-- Installing: /home/xh121/Li-vasp/external/lammps-mace-cpu/share/lammps/bench/POTENTIALS/data.airebo
-- Installing: /home/xh121/Li-vasp/external/lammps-mace-cpu/share/lammps/bench/POTENTIALS/in.granular
-- Installing: /home/xh121/Li-vasp/external/lammps-mace-cpu/share/lammps/bench/POTENTIALS/log.9Oct20.protein.1
-- Installing: /home/xh121/Li-vasp/external/lammps-mace-cpu/share/lammps/bench/POTENTIALS/log.9Oct20.bop.1
-- Installing: /home/xh121/Li-vasp/external/lammps-mace-cpu/share/lammps/bench/POTENTIALS/Si.sw
-- Installing: /home/xh121/Li-vasp/external/lammps-mace-cpu/share/lammps/bench/POTENTIALS/in.bop
-- Installing: /home/xh121/Li-vasp/external/lammps-mace-cpu/share/lammps/bench/POTENTIALS/data.rebo
-- Installing: /home/xh121/Li-vasp/external/lammps-mace-cpu/share/lammps/bench/POTENTIALS/in.protein
-- Installing: /home/xh121/Li-vasp/external/lammps-mace-cpu/share/lammps/bench/POTENTIALS/in.eff
-- Installing: /home/xh121/Li-vasp/external/lammps-mace-cpu/share/lammps/bench/POTENTIALS/in.meam
-- Installing: /home/xh121/Li-vasp/external/lammps-mace-cpu/share/lammps/bench/POTENTIALS/data.protein
-- Installing: /home/xh121/Li-vasp/external/lammps-mace-cpu/share/lammps/bench/POTENTIALS/log.9Oct20.eam.4
-- Installing: /home/xh121/Li-vasp/external/lammps-mace-cpu/share/lammps/bench/POTENTIALS/log.9Oct20.sw.4
-- Installing: /home/xh121/Li-vasp/external/lammps-mace-cpu/share/lammps/bench/POTENTIALS/data.eim
-- Installing: /home/xh121/Li-vasp/external/lammps-mace-cpu/share/lammps/bench/POTENTIALS/log.9Oct20.spce.1
-- Installing: /home/xh121/Li-vasp/external/lammps-mace-cpu/share/lammps/bench/POTENTIALS/in.fene
-- Installing: /home/xh121/Li-vasp/external/lammps-mace-cpu/share/lammps/bench/POTENTIALS/CdTe.bop.table
-- Installing: /home/xh121/Li-vasp/external/lammps-mace-cpu/share/lammps/bench/POTENTIALS/log.9Oct20.adp.1
-- Installing: /home/xh121/Li-vasp/external/lammps-mace-cpu/share/lammps/bench/POTENTIALS/log.9Oct20.reaxc.4
-- Installing: /home/xh121/Li-vasp/external/lammps-mace-cpu/share/lammps/bench/POTENTIALS/log.9Oct20.eim.1
-- Installing: /home/xh121/Li-vasp/external/lammps-mace-cpu/share/lammps/bench/POTENTIALS/ffield.reax
-- Installing: /home/xh121/Li-vasp/external/lammps-mace-cpu/share/lammps/bench/POTENTIALS/library.meam
-- Installing: /home/xh121/Li-vasp/external/lammps-mace-cpu/share/lammps/bench/POTENTIALS/log.9Oct20.gb.4
-- Installing: /home/xh121/Li-vasp/external/lammps-mace-cpu/share/lammps/bench/POTENTIALS/log.9Oct20.meam.4
-- Installing: /home/xh121/Li-vasp/external/lammps-mace-cpu/share/lammps/bench/POTENTIALS/in.reaxc
-- Installing: /home/xh121/Li-vasp/external/lammps-mace-cpu/share/lammps/bench/POTENTIALS/in.airebo
-- Installing: /home/xh121/Li-vasp/external/lammps-mace-cpu/share/lammps/bench/POTENTIALS/log.9Oct20.bop.4
-- Installing: /home/xh121/Li-vasp/external/lammps-mace-cpu/share/lammps/bench/POTENTIALS/log.9Oct20.spce.4
-- Installing: /home/xh121/Li-vasp/external/lammps-mace-cpu/share/lammps/bench/POTENTIALS/log.9Oct20.eam.1
-- Installing: /home/xh121/Li-vasp/external/lammps-mace-cpu/share/lammps/bench/POTENTIALS/in.sw
-- Installing: /home/xh121/Li-vasp/external/lammps-mace-cpu/share/lammps/bench/POTENTIALS/log.9Oct20.sw.1
-- Installing: /home/xh121/Li-vasp/external/lammps-mace-cpu/share/lammps/bench/POTENTIALS/ffield.comb
-- Installing: /home/xh121/Li-vasp/external/lammps-mace-cpu/share/lammps/bench/POTENTIALS/ffield.eim
-- Installing: /home/xh121/Li-vasp/external/lammps-mace-cpu/share/lammps/bench/POTENTIALS/CH.rebo
-- Installing: /home/xh121/Li-vasp/external/lammps-mace-cpu/share/lammps/bench/POTENTIALS/log.9Oct20.adp.4
-- Installing: /home/xh121/Li-vasp/external/lammps-mace-cpu/share/lammps/bench/POTENTIALS/data.fene
-- Installing: /home/xh121/Li-vasp/external/lammps-mace-cpu/share/lammps/bench/POTENTIALS/data.granular
-- Installing: /home/xh121/Li-vasp/external/lammps-mace-cpu/share/lammps/bench/POTENTIALS/log.9Oct20.gb.1
-- Installing: /home/xh121/Li-vasp/external/lammps-mace-cpu/share/lammps/bench/POTENTIALS/Ni.meam
-- Installing: /home/xh121/Li-vasp/external/lammps-mace-cpu/share/lammps/bench/POTENTIALS/in.rebo
-- Installing: /home/xh121/Li-vasp/external/lammps-mace-cpu/share/lammps/bench/POTENTIALS/log.9Oct20.meam.1
-- Installing: /home/xh121/Li-vasp/external/lammps-mace-cpu/share/lammps/bench/POTENTIALS/log.9Oct20.reaxc.1
-- Installing: /home/xh121/Li-vasp/external/lammps-mace-cpu/share/lammps/bench/POTENTIALS/log.9Oct20.eim.4
-- Installing: /home/xh121/Li-vasp/external/lammps-mace-cpu/share/lammps/bench/POTENTIALS/in.eam
-- Installing: /home/xh121/Li-vasp/external/lammps-mace-cpu/share/lammps/bench/POTENTIALS/log.9Oct20.dpd.1
-- Installing: /home/xh121/Li-vasp/external/lammps-mace-cpu/share/lammps/bench/POTENTIALS/in.gb
-- Installing: /home/xh121/Li-vasp/external/lammps-mace-cpu/share/lammps/bench/POTENTIALS/log.9Oct20.airebo.1
-- Installing: /home/xh121/Li-vasp/external/lammps-mace-cpu/share/lammps/bench/POTENTIALS/data.eff
-- Installing: /home/xh121/Li-vasp/external/lammps-mace-cpu/share/lammps/bench/POTENTIALS/in.dpd
-- Installing: /home/xh121/Li-vasp/external/lammps-mace-cpu/share/lammps/bench/POTENTIALS/in.eim
-- Installing: /home/xh121/Li-vasp/external/lammps-mace-cpu/share/lammps/bench/POTENTIALS/in.lj
-- Installing: /home/xh121/Li-vasp/external/lammps-mace-cpu/share/lammps/bench/POTENTIALS/log.9Oct20.lj.4
-- Installing: /home/xh121/Li-vasp/external/lammps-mace-cpu/share/lammps/bench/POTENTIALS/log.9Oct20.granular.4
-- Installing: /home/xh121/Li-vasp/external/lammps-mace-cpu/share/lammps/bench/POTENTIALS/log.9Oct20.tersoff.4
-- Installing: /home/xh121/Li-vasp/external/lammps-mace-cpu/share/lammps/bench/POTENTIALS/README
-- Installing: /home/xh121/Li-vasp/external/lammps-mace-cpu/share/lammps/bench/POTENTIALS/data.gb
-- Installing: /home/xh121/Li-vasp/external/lammps-mace-cpu/share/lammps/bench/POTENTIALS/in.comb
-- Installing: /home/xh121/Li-vasp/external/lammps-mace-cpu/share/lammps/bench/POTENTIALS/log.9Oct20.eff.1
-- Installing: /home/xh121/Li-vasp/external/lammps-mace-cpu/share/lammps/bench/POTENTIALS/log.9Oct20.peri.4
-- Installing: /home/xh121/Li-vasp/external/lammps-mace-cpu/share/lammps/bench/POTENTIALS/log.9Oct20.comb.1
-- Installing: /home/xh121/Li-vasp/external/lammps-mace-cpu/share/lammps/bench/POTENTIALS/log.9Oct20.fene.1
-- Installing: /home/xh121/Li-vasp/external/lammps-mace-cpu/share/lammps/bench/POTENTIALS/in.adp
-- Installing: /home/xh121/Li-vasp/external/lammps-mace-cpu/share/lammps/bench/POTENTIALS/in.spce
-- Installing: /home/xh121/Li-vasp/external/lammps-mace-cpu/share/lammps/bench/POTENTIALS/log.9Oct20.rebo.4
-- Installing: /home/xh121/Li-vasp/external/lammps-mace-cpu/share/lammps/bench/POTENTIALS/CH.airebo
-- Installing: /home/xh121/Li-vasp/external/lammps-mace-cpu/share/lammps/bench/POTENTIALS/data.reax
-- Installing: /home/xh121/Li-vasp/external/lammps-mace-cpu/share/lammps/bench/POTENTIALS/Ni.adp
-- Installing: /home/xh121/Li-vasp/external/lammps-mace-cpu/share/lammps/bench/POTENTIALS/log.9Oct20.protein.4
-- Installing: /home/xh121/Li-vasp/external/lammps-mace-cpu/share/lammps/bench/POTENTIALS/in.tersoff
-- Installing: /home/xh121/Li-vasp/external/lammps-mace-cpu/share/lammps/bench/log.15Jul25.eam.fixed.g++.4
-- Installing: /home/xh121/Li-vasp/external/lammps-mace-cpu/share/lammps/bench/log.15Jul25.rhodo.fixed.g++.1
-- Installing: /home/xh121/Li-vasp/external/lammps-mace-cpu/share/lammps/bench/log.15Jul25.rhodo.scaled.g++.4
-- Installing: /home/xh121/Li-vasp/external/lammps-mace-cpu/share/lammps/bench/log.15Jul25.chain.fixed.g++.1
-- Installing: /home/xh121/Li-vasp/external/lammps-mace-cpu/share/lammps/bench/log.15Jul25.lj.fixed.g++.1
-- Installing: /home/xh121/Li-vasp/external/lammps-mace-cpu/share/lammps/bench/in.lj
-- Installing: /home/xh121/Li-vasp/external/lammps-mace-cpu/share/lammps/bench/in.chain.scaled
-- Installing: /home/xh121/Li-vasp/external/lammps-mace-cpu/share/lammps/bench/log.15Jul25.chute.fixed.g++.4
-- Installing: /home/xh121/Li-vasp/external/lammps-mace-cpu/share/lammps/potentials
-- Installing: /home/xh121/Li-vasp/external/lammps-mace-cpu/share/lammps/potentials/Ta_param.pod
-- Installing: /home/xh121/Li-vasp/external/lammps-mace-cpu/share/lammps/potentials/Mo_Zuo_JPCA2020.quadratic.snapparam
-- Installing: /home/xh121/Li-vasp/external/lammps-mace-cpu/share/lammps/potentials/Ge_Zuo_JPCA2020.snap
-- Installing: /home/xh121/Li-vasp/external/lammps-mace-cpu/share/lammps/potentials/Cu-PBE-core-rep.ace
-- Installing: /home/xh121/Li-vasp/external/lammps-mace-cpu/share/lammps/potentials/Ta06A.mliap.descriptor
-- Installing: /home/xh121/Li-vasp/external/lammps-mace-cpu/share/lammps/potentials/ffield.reax.mattsson
-- Installing: /home/xh121/Li-vasp/external/lammps-mace-cpu/share/lammps/potentials/SiO.1990.vashishta
-- Installing: /home/xh121/Li-vasp/external/lammps-mace-cpu/share/lammps/potentials/Ni_Zuo_JPCA2020.snap
-- Installing: /home/xh121/Li-vasp/external/lammps-mace-cpu/share/lammps/potentials/library_2nn.meam
-- Installing: /home/xh121/Li-vasp/external/lammps-mace-cpu/share/lammps/potentials/Cu.meam
-- Installing: /home/xh121/Li-vasp/external/lammps-mace-cpu/share/lammps/potentials/Mo_Zuo_JPCA2020.quadratic.snapcoeff
-- Installing: /home/xh121/Li-vasp/external/lammps-mace-cpu/share/lammps/potentials/W_2940_2017_2.snapcoeff
-- Installing: /home/xh121/Li-vasp/external/lammps-mace-cpu/share/lammps/potentials/Ni_Zuo_JPCA2020.snapparam
-- Installing: /home/xh121/Li-vasp/external/lammps-mace-cpu/share/lammps/potentials/W.quadratic.mliap
-- Installing: /home/xh121/Li-vasp/external/lammps-mace-cpu/share/lammps/potentials/Al_jpc.agni
-- Installing: /home/xh121/Li-vasp/external/lammps-mace-cpu/share/lammps/potentials/Li_Zuo_JPCA2020.quadratic.snap
-- Installing: /home/xh121/Li-vasp/external/lammps-mace-cpu/share/lammps/potentials/CuH.bop.table
-- Installing: /home/xh121/Li-vasp/external/lammps-mace-cpu/share/lammps/potentials/Cu_zhou.eam.alloy
-- Installing: /home/xh121/Li-vasp/external/lammps-mace-cpu/share/lammps/potentials/Mg_mm.eam.fs
-- Installing: /home/xh121/Li-vasp/external/lammps-mace-cpu/share/lammps/potentials/W.quadratic.mliap.model
-- Installing: /home/xh121/Li-vasp/external/lammps-mace-cpu/share/lammps/potentials/Ta6.8x.mgpt.potin
-- Installing: /home/xh121/Li-vasp/external/lammps-mace-cpu/share/lammps/potentials/Ta06A.pytorch.mliap
-- Installing: /home/xh121/Li-vasp/external/lammps-mace-cpu/share/lammps/potentials/Fe_mm.eam.fs
-- Installing: /home/xh121/Li-vasp/external/lammps-mace-cpu/share/lammps/potentials/Cu_Zuo_JPCA2020.quadratic.snap
-- Installing: /home/xh121/Li-vasp/external/lammps-mace-cpu/share/lammps/potentials/W.quadratic.mliap.descriptor
-- Installing: /home/xh121/Li-vasp/external/lammps-mace-cpu/share/lammps/potentials/Ni_Zuo_JPCA2020.snapcoeff
-- Installing: /home/xh121/Li-vasp/external/lammps-mace-cpu/share/lammps/potentials/Ti.meam.spline
-- Installing: /home/xh121/Li-vasp/external/lammps-mace-cpu/share/lammps/potentials/W_2940_2017_2.snapparam
-- Installing: /home/xh121/Li-vasp/external/lammps-mace-cpu/share/lammps/potentials/VFe_mm.eam.fs
-- Installing: /home/xh121/Li-vasp/external/lammps-mace-cpu/share/lammps/potentials/Ta06A.snapparam
-- Installing: /home/xh121/Li-vasp/external/lammps-mace-cpu/share/lammps/potentials/Al_prb.agni
-- Installing: /home/xh121/Li-vasp/external/lammps-mace-cpu/share/lammps/potentials/README.reax
-- Installing: /home/xh121/Li-vasp/external/lammps-mace-cpu/share/lammps/potentials/ffield.reax.Fe_O_C_H
-- Installing: /home/xh121/Li-vasp/external/lammps-mace-cpu/share/lammps/potentials/Cu_Huan_2019_fp1.agni
-- Installing: /home/xh121/Li-vasp/external/lammps-mace-cpu/share/lammps/potentials/ffield.reax.AuO
-- Installing: /home/xh121/Li-vasp/external/lammps-mace-cpu/share/lammps/potentials/FeP_mm.eam.fs
-- Installing: /home/xh121/Li-vasp/external/lammps-mace-cpu/share/lammps/potentials/Ge_Zuo_JPCA2020.snapparam
-- Installing: /home/xh121/Li-vasp/external/lammps-mace-cpu/share/lammps/potentials/Ta_coeff.pod
-- Installing: /home/xh121/Li-vasp/external/lammps-mace-cpu/share/lammps/potentials/Si.tersoff.modc
-- Installing: /home/xh121/Li-vasp/external/lammps-mace-cpu/share/lammps/potentials/AlO.eam.alloy
-- Installing: /home/xh121/Li-vasp/external/lammps-mace-cpu/share/lammps/potentials/ffield.reax.FC
-- Installing: /home/xh121/Li-vasp/external/lammps-mace-cpu/share/lammps/potentials/FeCH_BOP_II.poly
-- Installing: /home/xh121/Li-vasp/external/lammps-mace-cpu/share/lammps/potentials/AlCu.bop.table
-- Installing: /home/xh121/Li-vasp/external/lammps-mace-cpu/share/lammps/potentials/Ge_Zuo_JPCA2020.snapcoeff
-- Installing: /home/xh121/Li-vasp/external/lammps-mace-cpu/share/lammps/potentials/GaN.tersoff
-- Installing: /home/xh121/Li-vasp/external/lammps-mace-cpu/share/lammps/potentials/SiO.1994.vashishta
-- Installing: /home/xh121/Li-vasp/external/lammps-mace-cpu/share/lammps/potentials/Ta06A.snapcoeff
-- Installing: /home/xh121/Li-vasp/external/lammps-mace-cpu/share/lammps/potentials/Cu.snap.mliap.descriptor
-- Installing: /home/xh121/Li-vasp/external/lammps-mace-cpu/share/lammps/potentials/ffield.reax.V_O_C_H
-- Installing: /home/xh121/Li-vasp/external/lammps-mace-cpu/share/lammps/potentials/Mo_Zuo_JPCA2020.quadratic.snap
-- Installing: /home/xh121/Li-vasp/external/lammps-mace-cpu/share/lammps/potentials/Cu_u6.eam
-- Installing: /home/xh121/Li-vasp/external/lammps-mace-cpu/share/lammps/potentials/CC.KC
-- Installing: /home/xh121/Li-vasp/external/lammps-mace-cpu/share/lammps/potentials/SiC.meam
-- Installing: /home/xh121/Li-vasp/external/lammps-mace-cpu/share/lammps/potentials/SiO.1997.vashishta
-- Installing: /home/xh121/Li-vasp/external/lammps-mace-cpu/share/lammps/potentials/BNC_MBD_bulk.ILP
-- Installing: /home/xh121/Li-vasp/external/lammps-mace-cpu/share/lammps/potentials/He_He_JW2013.table
-- Installing: /home/xh121/Li-vasp/external/lammps-mace-cpu/share/lammps/potentials/CuNi.eam.alloy
-- Installing: /home/xh121/Li-vasp/external/lammps-mace-cpu/share/lammps/potentials/Mo5.2.mgpt.potin
-- Installing: /home/xh121/Li-vasp/external/lammps-mace-cpu/share/lammps/potentials/WBe_Wood_PRB2019.mliap
-- Installing: /home/xh121/Li-vasp/external/lammps-mace-cpu/share/lammps/potentials/PSiO.nb3b.screened
-- Installing: /home/xh121/Li-vasp/external/lammps-mace-cpu/share/lammps/potentials/ffield.reax.cho
-- Installing: /home/xh121/Li-vasp/external/lammps-mace-cpu/share/lammps/potentials/PdHHe.eam.he
-- Installing: /home/xh121/Li-vasp/external/lammps-mace-cpu/share/lammps/potentials/ffield.smtbq.Al2O3
-- Installing: /home/xh121/Li-vasp/external/lammps-mace-cpu/share/lammps/potentials/Si_2.meam.spline
-- Installing: /home/xh121/Li-vasp/external/lammps-mace-cpu/share/lammps/potentials/ffield.reax.rdx
-- Installing: /home/xh121/Li-vasp/external/lammps-mace-cpu/share/lammps/potentials/Bi.meam
-- Installing: /home/xh121/Li-vasp/external/lammps-mace-cpu/share/lammps/potentials/V6.1.mgpt.README
-- Installing: /home/xh121/Li-vasp/external/lammps-mace-cpu/share/lammps/potentials/ffield.ci-reax.CH
-- Installing: /home/xh121/Li-vasp/external/lammps-mace-cpu/share/lammps/potentials/Au_u3.eam
-- Installing: /home/xh121/Li-vasp/external/lammps-mace-cpu/share/lammps/potentials/Al_jnp.eam
-- Installing: /home/xh121/Li-vasp/external/lammps-mace-cpu/share/lammps/potentials/Mo_Chen_PRM2017.snapparam
-- Installing: /home/xh121/Li-vasp/external/lammps-mace-cpu/share/lammps/potentials/AlFe_mm.eam.fs
-- Installing: /home/xh121/Li-vasp/external/lammps-mace-cpu/share/lammps/potentials/Si_Zuo_JPCA2020.quadratic.snap
-- Installing: /home/xh121/Li-vasp/external/lammps-mace-cpu/share/lammps/potentials/README
-- Installing: /home/xh121/Li-vasp/external/lammps-mace-cpu/share/lammps/potentials/Ni_Zuo_JPCA2020.quadratic.snap
-- Installing: /home/xh121/Li-vasp/external/lammps-mace-cpu/share/lammps/potentials/Li_Zuo_JPCA2020.snap
-- Installing: /home/xh121/Li-vasp/external/lammps-mace-cpu/share/lammps/potentials/InP.vashishta
-- Installing: /home/xh121/Li-vasp/external/lammps-mace-cpu/share/lammps/potentials/NiO.eam.fs
-- Installing: /home/xh121/Li-vasp/external/lammps-mace-cpu/share/lammps/potentials/Mo_Chen_PRM2017.snapcoeff
-- Installing: /home/xh121/Li-vasp/external/lammps-mace-cpu/share/lammps/potentials/WBe_Wood_PRB2019.mliap.model
-- Installing: /home/xh121/Li-vasp/external/lammps-mace-cpu/share/lammps/potentials/Ni.meam
-- Installing: /home/xh121/Li-vasp/external/lammps-mace-cpu/share/lammps/potentials/TlBr_msw.poly
-- Installing: /home/xh121/Li-vasp/external/lammps-mace-cpu/share/lammps/potentials/CdTeZn.bop.table
-- Installing: /home/xh121/Li-vasp/external/lammps-mace-cpu/share/lammps/potentials/ffield.comb3
-- Installing: /home/xh121/Li-vasp/external/lammps-mace-cpu/share/lammps/potentials/SiC_Erhart-Albe.tersoff
-- Installing: /home/xh121/Li-vasp/external/lammps-mace-cpu/share/lammps/potentials/ffield.reax.lg
-- Installing: /home/xh121/Li-vasp/external/lammps-mace-cpu/share/lammps/potentials/Si_Zuo_JPCA2020.snap
-- Installing: /home/xh121/Li-vasp/external/lammps-mace-cpu/share/lammps/potentials/Al_zhou.eam.alloy
-- Installing: /home/xh121/Li-vasp/external/lammps-mace-cpu/share/lammps/potentials/GaAs.bop.table
-- Installing: /home/xh121/Li-vasp/external/lammps-mace-cpu/share/lammps/potentials/CdTeSe.bop.table
-- Installing: /home/xh121/Li-vasp/external/lammps-mace-cpu/share/lammps/potentials/CH.airebo
-- Installing: /home/xh121/Li-vasp/external/lammps-mace-cpu/share/lammps/potentials/Ni_smf7.eam
-- Installing: /home/xh121/Li-vasp/external/lammps-mace-cpu/share/lammps/potentials/charmm36.cmap
-- Installing: /home/xh121/Li-vasp/external/lammps-mace-cpu/share/lammps/potentials/Pd_u3.eam
-- Installing: /home/xh121/Li-vasp/external/lammps-mace-cpu/share/lammps/potentials/ffield.reax.ZnOH
-- Installing: /home/xh121/Li-vasp/external/lammps-mace-cpu/share/lammps/potentials/C.drip
-- Installing: /home/xh121/Li-vasp/external/lammps-mace-cpu/share/lammps/potentials/oxdna_real.cgdna
-- Installing: /home/xh121/Li-vasp/external/lammps-mace-cpu/share/lammps/potentials/tmd.sw.mod
-- Installing: /home/xh121/Li-vasp/external/lammps-mace-cpu/share/lammps/potentials/Cu_mishin1.eam.alloy
-- Installing: /home/xh121/Li-vasp/external/lammps-mace-cpu/share/lammps/potentials/V6.1.mgpt.parmin
-- Installing: /home/xh121/Li-vasp/external/lammps-mace-cpu/share/lammps/potentials/CH.rebo
-- Installing: /home/xh121/Li-vasp/external/lammps-mace-cpu/share/lammps/potentials/Si.sw
-- Installing: /home/xh121/Li-vasp/external/lammps-mace-cpu/share/lammps/potentials/MOH.nb3b.harmonic
-- Installing: /home/xh121/Li-vasp/external/lammps-mace-cpu/share/lammps/potentials/Ni.adp
-- Installing: /home/xh121/Li-vasp/external/lammps-mace-cpu/share/lammps/potentials/charmm22.cmap
-- Installing: /home/xh121/Li-vasp/external/lammps-mace-cpu/share/lammps/potentials/Li_Zuo_JPCA2020.quadratic.snapcoeff
-- Installing: /home/xh121/Li-vasp/external/lammps-mace-cpu/share/lammps/potentials/CuTa.eam.alloy
-- Installing: /home/xh121/Li-vasp/external/lammps-mace-cpu/share/lammps/potentials/Ta06A.mliap.model
-- Installing: /home/xh121/Li-vasp/external/lammps-mace-cpu/share/lammps/potentials/library.msmeam
-- Installing: /home/xh121/Li-vasp/external/lammps-mace-cpu/share/lammps/potentials/Li_Zuo_JPCA2020.quadratic.snapparam
-- Installing: /home/xh121/Li-vasp/external/lammps-mace-cpu/share/lammps/potentials/Pt_Chapman_2020.agni
-- Installing: /home/xh121/Li-vasp/external/lammps-mace-cpu/share/lammps/potentials/Al_mm.eam.fs
-- Installing: /home/xh121/Li-vasp/external/lammps-mace-cpu/share/lammps/potentials/Ti.rann
-- Installing: /home/xh121/Li-vasp/external/lammps-mace-cpu/share/lammps/potentials/Zr_mm.eam.fs
-- Installing: /home/xh121/Li-vasp/external/lammps-mace-cpu/share/lammps/potentials/CuTa_eam.poly
-- Installing: /home/xh121/Li-vasp/external/lammps-mace-cpu/share/lammps/potentials/MoS.rebomos
-- Installing: /home/xh121/Li-vasp/external/lammps-mace-cpu/share/lammps/potentials/Nb.uf3
-- Installing: /home/xh121/Li-vasp/external/lammps-mace-cpu/share/lammps/potentials/CC.KC-full
-- Installing: /home/xh121/Li-vasp/external/lammps-mace-cpu/share/lammps/potentials/Ta06A.nn.mliap.model
-- Installing: /home/xh121/Li-vasp/external/lammps-mace-cpu/share/lammps/potentials/oxdna2_lj.cgdna
-- Installing: /home/xh121/Li-vasp/external/lammps-mace-cpu/share/lammps/potentials/CC.Lebedeva
-- Installing: /home/xh121/Li-vasp/external/lammps-mace-cpu/share/lammps/potentials/Si.tersoff
-- Installing: /home/xh121/Li-vasp/external/lammps-mace-cpu/share/lammps/potentials/CBNOH.aip.water.2dm
-- Installing: /home/xh121/Li-vasp/external/lammps-mace-cpu/share/lammps/potentials/Si.edip
-- Installing: /home/xh121/Li-vasp/external/lammps-mace-cpu/share/lammps/potentials/Cu_Huan_2019_fp2.agni
-- Installing: /home/xh121/Li-vasp/external/lammps-mace-cpu/share/lammps/potentials/V6.1.mgpt.potin
-- Installing: /home/xh121/Li-vasp/external/lammps-mace-cpu/share/lammps/potentials/ffield.smtbq.TiO2
-- Installing: /home/xh121/Li-vasp/external/lammps-mace-cpu/share/lammps/potentials/SiCGe.tersoff
-- Installing: /home/xh121/Li-vasp/external/lammps-mace-cpu/share/lammps/potentials/NiAlH_jea.eam.alloy
-- Installing: /home/xh121/Li-vasp/external/lammps-mace-cpu/share/lammps/potentials/CdZnTe_v1.bop.table
-- Installing: /home/xh121/Li-vasp/external/lammps-mace-cpu/share/lammps/potentials/Ge_Zuo_JPCA2020.quadratic.snapparam
-- Installing: /home/xh121/Li-vasp/external/lammps-mace-cpu/share/lammps/potentials/HGa.msmeam
-- Installing: /home/xh121/Li-vasp/external/lammps-mace-cpu/share/lammps/potentials/Ta4.mgpt.parmin
-- Installing: /home/xh121/Li-vasp/external/lammps-mace-cpu/share/lammps/potentials/Ge_Zuo_JPCA2020.quadratic.snap
-- Installing: /home/xh121/Li-vasp/external/lammps-mace-cpu/share/lammps/potentials/Si.b.meam.sw.spline
-- Installing: /home/xh121/Li-vasp/external/lammps-mace-cpu/share/lammps/potentials/FeCr.cdeam
-- Installing: /home/xh121/Li-vasp/external/lammps-mace-cpu/share/lammps/potentials/Cu_u3.eam
-- Installing: /home/xh121/Li-vasp/external/lammps-mace-cpu/share/lammps/potentials/Ge_Zuo_JPCA2020.quadratic.snapcoeff
-- Installing: /home/xh121/Li-vasp/external/lammps-mace-cpu/share/lammps/potentials/Zn.rann
-- Installing: /home/xh121/Li-vasp/external/lammps-mace-cpu/share/lammps/potentials/TiZr_2.rann
-- Installing: /home/xh121/Li-vasp/external/lammps-mace-cpu/share/lammps/potentials/CuZr_mm.eam.fs
-- Installing: /home/xh121/Li-vasp/external/lammps-mace-cpu/share/lammps/potentials/C.lcbop
-- Installing: /home/xh121/Li-vasp/external/lammps-mace-cpu/share/lammps/potentials/Cu_smf7.eam
-- Installing: /home/xh121/Li-vasp/external/lammps-mace-cpu/share/lammps/potentials/Ni_u3.eam
-- Installing: /home/xh121/Li-vasp/external/lammps-mace-cpu/share/lammps/potentials/CHAu.ILP
-- Installing: /home/xh121/Li-vasp/external/lammps-mace-cpu/share/lammps/potentials/CdZnTe_v2.bop.table
-- Installing: /home/xh121/Li-vasp/external/lammps-mace-cpu/share/lammps/potentials/W_2940_2017_2_He_JW2013.snap
-- Installing: /home/xh121/Li-vasp/external/lammps-mace-cpu/share/lammps/potentials/Ta4.mgpt.README
-- Installing: /home/xh121/Li-vasp/external/lammps-mace-cpu/share/lammps/potentials/W_zhou.eam.alloy
-- Installing: /home/xh121/Li-vasp/external/lammps-mace-cpu/share/lammps/potentials/Mo_Zuo_JPCA2020.snap
-- Installing: /home/xh121/Li-vasp/external/lammps-mace-cpu/share/lammps/potentials/SiGeH.sw.quip
-- Installing: /home/xh121/Li-vasp/external/lammps-mace-cpu/share/lammps/potentials/BNCH-old.ILP
-- Installing: /home/xh121/Li-vasp/external/lammps-mace-cpu/share/lammps/potentials/InP_JCPA2020.mliap.descriptor
-- Installing: /home/xh121/Li-vasp/external/lammps-mace-cpu/share/lammps/potentials/CdTeZnSeHgS0.sw
-- Installing: /home/xh121/Li-vasp/external/lammps-mace-cpu/share/lammps/potentials/MoCoNiVFeAlCr_2nn.meam
-- Installing: /home/xh121/Li-vasp/external/lammps-mace-cpu/share/lammps/potentials/WL.meam
-- Installing: /home/xh121/Li-vasp/external/lammps-mace-cpu/share/lammps/potentials/Cu_Zuo_JPCA2020.snapparam
-- Installing: /home/xh121/Li-vasp/external/lammps-mace-cpu/share/lammps/potentials/GaN_tersoff.poly
-- Installing: /home/xh121/Li-vasp/external/lammps-mace-cpu/share/lammps/potentials/AlCu.adp
-- Installing: /home/xh121/Li-vasp/external/lammps-mace-cpu/share/lammps/potentials/MgAl.rann
-- Installing: /home/xh121/Li-vasp/external/lammps-mace-cpu/share/lammps/potentials/NiAlH_jea.eam.fs
-- Installing: /home/xh121/Li-vasp/external/lammps-mace-cpu/share/lammps/potentials/ffield.reax.AB
-- Installing: /home/xh121/Li-vasp/external/lammps-mace-cpu/share/lammps/potentials/Ta4.mgpt.potin
-- Installing: /home/xh121/Li-vasp/external/lammps-mace-cpu/share/lammps/potentials/SiC.vashishta
-- Installing: /home/xh121/Li-vasp/external/lammps-mace-cpu/share/lammps/potentials/Ti.meam.sw.spline
-- Installing: /home/xh121/Li-vasp/external/lammps-mace-cpu/share/lammps/potentials/Cu_Zuo_JPCA2020.snap
-- Installing: /home/xh121/Li-vasp/external/lammps-mace-cpu/share/lammps/potentials/CH.airebo-m
-- Installing: /home/xh121/Li-vasp/external/lammps-mace-cpu/share/lammps/potentials/Ni_Mo.mliap.descriptor
-- Installing: /home/xh121/Li-vasp/external/lammps-mace-cpu/share/lammps/potentials/Mo_Chen_PRM2017.snap
-- Installing: /home/xh121/Li-vasp/external/lammps-mace-cpu/share/lammps/potentials/BNC_TS_bulk.ILP
-- Installing: /home/xh121/Li-vasp/external/lammps-mace-cpu/share/lammps/potentials/W_He_JW2013.table
-- Installing: /home/xh121/Li-vasp/external/lammps-mace-cpu/share/lammps/potentials/W_2940_2017_2.snap
-- Installing: /home/xh121/Li-vasp/external/lammps-mace-cpu/share/lammps/potentials/acks2_ff.water
-- Installing: /home/xh121/Li-vasp/external/lammps-mace-cpu/share/lammps/potentials/Cu_Zuo_JPCA2020.snapcoeff
-- Installing: /home/xh121/Li-vasp/external/lammps-mace-cpu/share/lammps/potentials/lib.comb3
-- Installing: /home/xh121/Li-vasp/external/lammps-mace-cpu/share/lammps/potentials/AlSiMgCuFe.meam
-- Installing: /home/xh121/Li-vasp/external/lammps-mace-cpu/share/lammps/potentials/InP_JCPA2020.mliap.model
-- Installing: /home/xh121/Li-vasp/external/lammps-mace-cpu/share/lammps/potentials/Si_Zuo_JPCA2020.quadratic.snapcoeff
-- Installing: /home/xh121/Li-vasp/external/lammps-mace-cpu/share/lammps/potentials/Si_1.meam.spline
-- Installing: /home/xh121/Li-vasp/external/lammps-mace-cpu/share/lammps/potentials/SiC.gw
-- Installing: /home/xh121/Li-vasp/external/lammps-mace-cpu/share/lammps/potentials/AlCu.eam.alloy
-- Installing: /home/xh121/Li-vasp/external/lammps-mace-cpu/share/lammps/potentials/NiO.ctip
-- Installing: /home/xh121/Li-vasp/external/lammps-mace-cpu/share/lammps/potentials/SiC.edip
-- Installing: /home/xh121/Li-vasp/external/lammps-mace-cpu/share/lammps/potentials/Si.tersoff.mod
-- Installing: /home/xh121/Li-vasp/external/lammps-mace-cpu/share/lammps/potentials/CH_taper.KC
-- Installing: /home/xh121/Li-vasp/external/lammps-mace-cpu/share/lammps/potentials/Si_Zuo_JPCA2020.quadratic.snapparam
-- Installing: /home/xh121/Li-vasp/external/lammps-mace-cpu/share/lammps/potentials/Si.nn.mliap.descriptor
-- Installing: /home/xh121/Li-vasp/external/lammps-mace-cpu/share/lammps/potentials/MoS2.ILP
-- Installing: /home/xh121/Li-vasp/external/lammps-mace-cpu/share/lammps/potentials/CCu_v2.bop.table
-- Installing: /home/xh121/Li-vasp/external/lammps-mace-cpu/share/lammps/potentials/GaN.sw
-- Installing: /home/xh121/Li-vasp/external/lammps-mace-cpu/share/lammps/potentials/C_SNAP_2021.10.15.quadratic.snapcoeff
-- Installing: /home/xh121/Li-vasp/external/lammps-mace-cpu/share/lammps/potentials/ffield.reax.budzien
-- Installing: /home/xh121/Li-vasp/external/lammps-mace-cpu/share/lammps/potentials/BNC.tersoff
-- Installing: /home/xh121/Li-vasp/external/lammps-mace-cpu/share/lammps/potentials/.gitignore
-- Installing: /home/xh121/Li-vasp/external/lammps-mace-cpu/share/lammps/potentials/Ta06A.snap
-- Installing: /home/xh121/Li-vasp/external/lammps-mace-cpu/share/lammps/potentials/Si.nn.mliap.model
-- Installing: /home/xh121/Li-vasp/external/lammps-mace-cpu/share/lammps/potentials/ffield.smtbq.Al
-- Installing: /home/xh121/Li-vasp/external/lammps-mace-cpu/share/lammps/potentials/ffield.comb
-- Installing: /home/xh121/Li-vasp/external/lammps-mace-cpu/share/lammps/potentials/Ag_u3.eam
-- Installing: /home/xh121/Li-vasp/external/lammps-mace-cpu/share/lammps/potentials/CoAl.eam.alloy
-- Installing: /home/xh121/Li-vasp/external/lammps-mace-cpu/share/lammps/potentials/BNCH.ILP
-- Installing: /home/xh121/Li-vasp/external/lammps-mace-cpu/share/lammps/potentials/C_SNAP_2021.10.15.quadratic.snapparam
-- Installing: /home/xh121/Li-vasp/external/lammps-mace-cpu/share/lammps/potentials/WBe_Wood_PRB2019.mliap.descriptor
-- Installing: /home/xh121/Li-vasp/external/lammps-mace-cpu/share/lammps/potentials/FeCH_BOP_I.poly
-- Installing: /home/xh121/Li-vasp/external/lammps-mace-cpu/share/lammps/potentials/WBe_Wood_PRB2019.snapparam
-- Installing: /home/xh121/Li-vasp/external/lammps-mace-cpu/share/lammps/potentials/GaN_sw.poly
-- Installing: /home/xh121/Li-vasp/external/lammps-mace-cpu/share/lammps/potentials/oxrna2_lj.cgdna
-- Installing: /home/xh121/Li-vasp/external/lammps-mace-cpu/share/lammps/potentials/oxdna_lj.cgdna
-- Installing: /home/xh121/Li-vasp/external/lammps-mace-cpu/share/lammps/potentials/BN.extep
-- Installing: /home/xh121/Li-vasp/external/lammps-mace-cpu/share/lammps/potentials/TMD.ILP
-- Installing: /home/xh121/Li-vasp/external/lammps-mace-cpu/share/lammps/potentials/Li_Zuo_JPCA2020.snapparam
-- Installing: /home/xh121/Li-vasp/external/lammps-mace-cpu/share/lammps/potentials/InP_JCPA2020.snap
-- Installing: /home/xh121/Li-vasp/external/lammps-mace-cpu/share/lammps/potentials/oxrna2_real.cgdna
-- Installing: /home/xh121/Li-vasp/external/lammps-mace-cpu/share/lammps/potentials/Cu_Zuo_JPCA2020.quadratic.snapcoeff
-- Installing: /home/xh121/Li-vasp/external/lammps-mace-cpu/share/lammps/potentials/Cu_Zuo_JPCA2020.quadratic.snapparam
-- Installing: /home/xh121/Li-vasp/external/lammps-mace-cpu/share/lammps/potentials/SiC_1990.tersoff
-- Installing: /home/xh121/Li-vasp/external/lammps-mace-cpu/share/lammps/potentials/SiC_1994.tersoff
-- Installing: /home/xh121/Li-vasp/external/lammps-mace-cpu/share/lammps/potentials/SiO.tersoff
-- Installing: /home/xh121/Li-vasp/external/lammps-mace-cpu/share/lammps/potentials/Li_Zuo_JPCA2020.snapcoeff
-- Installing: /home/xh121/Li-vasp/external/lammps-mace-cpu/share/lammps/potentials/COH.DMC.aip.water.2dm
-- Installing: /home/xh121/Li-vasp/external/lammps-mace-cpu/share/lammps/potentials/WBe_Wood_PRB2019.snapcoeff
-- Installing: /home/xh121/Li-vasp/external/lammps-mace-cpu/share/lammps/potentials/SiC.tersoff
-- Installing: /home/xh121/Li-vasp/external/lammps-mace-cpu/share/lammps/potentials/CdTe.bop.table
-- Installing: /home/xh121/Li-vasp/external/lammps-mace-cpu/share/lammps/potentials/Mo5.2.mgpt.README
-- Installing: /home/xh121/Li-vasp/external/lammps-mace-cpu/share/lammps/potentials/Zr.rann
-- Installing: /home/xh121/Li-vasp/external/lammps-mace-cpu/share/lammps/potentials/Ni_Zuo_JPCA2020.quadratic.snapcoeff
-- Installing: /home/xh121/Li-vasp/external/lammps-mace-cpu/share/lammps/potentials/Mo_Zuo_JPCA2020.snapparam
-- Installing: /home/xh121/Li-vasp/external/lammps-mace-cpu/share/lammps/potentials/Si_Zuo_JPCA2020.snapparam
-- Installing: /home/xh121/Li-vasp/external/lammps-mace-cpu/share/lammps/potentials/InP_JCPA2020.mliap
-- Installing: /home/xh121/Li-vasp/external/lammps-mace-cpu/share/lammps/potentials/SiC_1989.tersoff
-- Installing: /home/xh121/Li-vasp/external/lammps-mace-cpu/share/lammps/potentials/library.meam
-- Installing: /home/xh121/Li-vasp/external/lammps-mace-cpu/share/lammps/potentials/Mo_Zuo_JPCA2020.snapcoeff
-- Installing: /home/xh121/Li-vasp/external/lammps-mace-cpu/share/lammps/potentials/Si_Zuo_JPCA2020.snapcoeff
-- Installing: /home/xh121/Li-vasp/external/lammps-mace-cpu/share/lammps/potentials/Ni_Zuo_JPCA2020.quadratic.snapparam
-- Installing: /home/xh121/Li-vasp/external/lammps-mace-cpu/share/lammps/potentials/Ta6.8x.mgpt.parmin
-- Installing: /home/xh121/Li-vasp/external/lammps-mace-cpu/share/lammps/potentials/Ta06A.nn.mliap
-- Installing: /home/xh121/Li-vasp/external/lammps-mace-cpu/share/lammps/potentials/CdTe.sw
-- Installing: /home/xh121/Li-vasp/external/lammps-mace-cpu/share/lammps/potentials/Ta06A.mliap
-- Installing: /home/xh121/Li-vasp/external/lammps-mace-cpu/share/lammps/potentials/SiC.gw.zbl
-- Installing: /home/xh121/Li-vasp/external/lammps-mace-cpu/share/lammps/potentials/oxdna2_real.cgdna
-- Installing: /home/xh121/Li-vasp/external/lammps-mace-cpu/share/lammps/potentials/Ta6.8x.mgpt.README
-- Installing: /home/xh121/Li-vasp/external/lammps-mace-cpu/share/lammps/potentials/InP_JCPA2020.snapparam
-- Installing: /home/xh121/Li-vasp/external/lammps-mace-cpu/share/lammps/potentials/SiC.tersoff.zbl
-- Installing: /home/xh121/Li-vasp/external/lammps-mace-cpu/share/lammps/potentials/Pt_u3.eam
-- Installing: /home/xh121/Li-vasp/external/lammps-mace-cpu/share/lammps/potentials/AlO.streitz
-- Installing: /home/xh121/Li-vasp/external/lammps-mace-cpu/share/lammps/potentials/InP_JCPA2020.snapcoeff
-- Installing: /home/xh121/Li-vasp/external/lammps-mace-cpu/share/lammps/potentials/Mo5.2.mgpt.parmin
-- Installing: /home/xh121/Li-vasp/external/lammps-mace-cpu/share/lammps/potentials/TiO.meam.spline
-- Installing: /home/xh121/Li-vasp/external/lammps-mace-cpu/share/lammps/potentials/CH.KC
-- Installing: /home/xh121/Li-vasp/external/lammps-mace-cpu/share/lammps/potentials/Cu.nn.mliap.model
-- Installing: /home/xh121/Li-vasp/external/lammps-mace-cpu/share/lammps/potentials/ffield.eim
-- Installing: /home/xh121/Li-vasp/external/lammps-mace-cpu/share/lammps/potentials/Ni_Mo.mliap.model
-- Installing: /home/xh121/Li-vasp/external/lammps-mace-cpu/share/lammps/potentials/WBe_Wood_PRB2019.snap
-- Installing: /home/xh121/Li-vasp/external/lammps-mace-cpu/share/lammps/potentials/AlCuH.bop.table
-- Installing: /home/xh121/Li-vasp/external/lammps-mace-cpu/share/lammps/potentials/Al_Batra_2019.agni
-- Installing: /home/xh121/Li-vasp/external/lammps-mace-cpu/share/lammps/potentials/ci-reaxFF_ZBL.dat
-- Installing: /home/xh121/Li-vasp/external/lammps-mace-cpu/share/lammps/potentials/Ge.tersoff
-- Installing: /home/xh121/Li-vasp/external/lammps-mace-cpu/etc/profile.d/lammps.sh
-- Installing: /home/xh121/Li-vasp/external/lammps-mace-cpu/etc/profile.d/lammps.csh
CPU LAMMPS-MACE binary is ready:
  /home/xh121/Li-vasp/external/lammps-mace-cpu/bin/lmp
